../Src/gfx.c:92:14:GFXinit	0	static
../Src/gfx.c:154:14:GFXstartWrite	0	static
../Src/gfx.c:159:14:GFXdrawPixel	8	static
../Src/gfx.c:114:14:GFXwriteLine	56	static
../Src/gfx.c:189:14:GFXwritePixel	0	static
../Src/gfx.c:220:14:GFXendWrite	0	static
../Src/gfx.c:226:14:GFXdrawFastVLine	16	static
../Src/gfx.c:196:14:GFXwriteFastVLine	4	static
../Src/gfx.c:234:14:GFXdrawFastHLine	16	static
../Src/gfx.c:206:14:GFXwriteFastHLine	4	static
../Src/gfx.c:240:14:GFXfillRect	40	static
../Src/gfx.c:214:14:GFXwriteFillRect	8	static
../Src/gfx.c:248:14:GFXfillScreen	16	static
../Src/gfx.c:253:14:GFXdrawLine	20	static
../Src/gfx.c:268:14:GFXdrawCircle	64	static
../Src/gfx.c:303:14:GFXdrawCircleHelper	64	static
../Src/gfx.c:348:14:GFXfillCircleHelper	80	static
../Src/gfx.c:339:14:GFXfillCircle	40	static
../Src/gfx.c:379:14:GFXdrawRect	40	static
../Src/gfx.c:390:14:GFXdrawRoundRect	72	static
../Src/gfx.c:406:14:GFXfillRoundRect	64	static
../Src/gfx.c:417:14:GFXdrawTriangle	48	static
../Src/gfx.c:425:14:GFXfillTriangle	88	static
../Src/gfx.c:512:14:GFXdrawBitmap	0	static
../Src/gfx.c:541:14:GFXdrawChar	104	static
../Src/gfx.c:641:14:GFXcheckScrollWrap	16	static
../Src/gfx.c:670:14:GFXwrite	40	static
../Src/gfx.c:716:14:GFXsetCursor	0	static
../Src/gfx.c:721:17:GFXgetCursorX	0	static
../Src/gfx.c:726:17:GFXgetCursorY	0	static
../Src/gfx.c:731:14:GFXsetTextSize	0	static
../Src/gfx.c:735:14:GFXsetTextColor	0	static
../Src/gfx.c:740:14:GFXsetTextWrap	0	static
../Src/gfx.c:744:17:GFXgetRotation	0	static
../Src/gfx.c:748:14:GFXsetRotation	0	static
../Src/gfx.c:771:14:GFXcp437	0	static
../Src/gfx.c:775:14:GFXsetFont	0	static
../Src/gfx.c:837:14:GFXcharBounds	48	static
../Src/gfx.c:897:14:GFXgetTextBounds	64	static
../Src/gfx.c:923:17:GFXwidth	0	static
../Src/gfx.c:927:17:GFXheight	0	static
../Src/gfx.c:931:14:GFXinvertDisplay	0	static
../Src/gfx.c:951:13:OLEDparseInt	24	static
../Src/gfx.c:964:13:OLEDparsePitch	24	static
../Src/gfx.c:1004:13:OLEDparsePitchClass	0	static
../Src/gfx.c:1028:13:OLEDparseFixedFloat	56	static
../Src/gfx.c:1094:14:GFXscrollUp	0	static
../Src/gfx.c:1099:14:GFXscrollDown	0	static
../Src/gfx.c:1104:14:GFXscrollLeft	0	static
../Src/gfx.c:1109:14:GFXscrollRight	0	static
