../Drivers/CMSIS/Include/core_cm7.h:2229:22:SCB_EnableICache	0	static,ignoring_inline_asm
../Drivers/CMSIS/Include/core_cm7.h:2281:22:SCB_EnableDCache	4	static,ignoring_inline_asm
../Src/main.c:458:13:CycleCounterInit	0	static
../Src/main.c:390:6:SDRAM_Initialization_sequence	56	static
../Src/main.c:476:7:randomNumber	16	static
../Src/main.c:485:6:CycleCounterTrackMinAndMax	0	static
../Src/main.c:511:13:FS_FileOperations	24	static
../Src/main.c:584:6:startTimersForLEDs	16	static
../Src/main.c:635:6:MPU_Conf	32	static
../Src/main.c:730:6:Error_Handler	0	static
../Src/main.c:289:6:SystemClock_Config	312	static
../Src/main.c:96:5:main	8	static
