/Users/josnyder/dev/Genera_Experimenter/Drivers/CMSIS/Include/core_cm7.h:1902:22:__NVIC_EnableIRQ	0	static,ignoring_inline_asm
/Users/josnyder/dev/Genera_Experimenter/Drivers/CMSIS/Include/core_cm7.h:1940:22:__NVIC_DisableIRQ	0	static,ignoring_inline_asm
/Users/josnyder/dev/Genera_Experimenter/Drivers/CMSIS/Include/core_cm7.h:2032:22:__NVIC_SetPriority	0	static
/Users/josnyder/dev/Genera_Experimenter/Drivers/CMSIS/Include/core_cm7.h:2054:26:__NVIC_GetPriority	0	static
/Users/josnyder/dev/Genera_Experimenter/Drivers/CMSIS/Include/core_cm7.h:2079:26:NVIC_EncodePriority	4	static
/Users/josnyder/dev/Genera_Experimenter/Drivers/CMSIS/Include/core_cm7.h:2106:22:NVIC_DecodePriority	8	static
/Users/josnyder/dev/Genera_Experimenter/Drivers/CMSIS/Include/core_cm7.h:2156:34:__NVIC_SystemReset	0	static,ignoring_inline_asm
../Drivers/STM32H7xx_HAL_Driver/Src/stm32h7xx_hal_cortex.c:142:6:HAL_NVIC_SetPriorityGrouping	0	static
../Drivers/STM32H7xx_HAL_Driver/Src/stm32h7xx_hal_cortex.c:164:6:HAL_NVIC_SetPriority	8	static
../Drivers/STM32H7xx_HAL_Driver/Src/stm32h7xx_hal_cortex.c:186:6:HAL_NVIC_EnableIRQ	8	static
../Drivers/STM32H7xx_HAL_Driver/Src/stm32h7xx_hal_cortex.c:202:6:HAL_NVIC_DisableIRQ	8	static
../Drivers/STM32H7xx_HAL_Driver/Src/stm32h7xx_hal_cortex.c:215:6:HAL_NVIC_SystemReset	8	static
../Drivers/STM32H7xx_HAL_Driver/Src/stm32h7xx_hal_cortex.c:228:10:HAL_SYSTICK_Config	0	static
../Drivers/STM32H7xx_HAL_Driver/Src/stm32h7xx_hal_cortex.c:256:6:HAL_MPU_Disable	0	static,ignoring_inline_asm
../Drivers/STM32H7xx_HAL_Driver/Src/stm32h7xx_hal_cortex.c:279:6:HAL_MPU_Enable	0	static,ignoring_inline_asm
../Drivers/STM32H7xx_HAL_Driver/Src/stm32h7xx_hal_cortex.c:296:6:HAL_MPU_EnableRegion	0	static
../Drivers/STM32H7xx_HAL_Driver/Src/stm32h7xx_hal_cortex.c:312:6:HAL_MPU_DisableRegion	0	static
../Drivers/STM32H7xx_HAL_Driver/Src/stm32h7xx_hal_cortex.c:330:6:HAL_MPU_ConfigRegion	0	static
../Drivers/STM32H7xx_HAL_Driver/Src/stm32h7xx_hal_cortex.c:368:10:HAL_NVIC_GetPriorityGrouping	0	static
../Drivers/STM32H7xx_HAL_Driver/Src/stm32h7xx_hal_cortex.c:395:6:HAL_NVIC_GetPriority	16	static
../Drivers/STM32H7xx_HAL_Driver/Src/stm32h7xx_hal_cortex.c:410:6:HAL_NVIC_SetPendingIRQ	0	static
../Drivers/STM32H7xx_HAL_Driver/Src/stm32h7xx_hal_cortex.c:428:10:HAL_NVIC_GetPendingIRQ	0	static
../Drivers/STM32H7xx_HAL_Driver/Src/stm32h7xx_hal_cortex.c:444:6:HAL_NVIC_ClearPendingIRQ	0	static
../Drivers/STM32H7xx_HAL_Driver/Src/stm32h7xx_hal_cortex.c:461:10:HAL_NVIC_GetActive	0	static
../Drivers/STM32H7xx_HAL_Driver/Src/stm32h7xx_hal_cortex.c:478:6:HAL_SYSTICK_CLKSourceConfig	0	static
../Drivers/STM32H7xx_HAL_Driver/Src/stm32h7xx_hal_cortex.c:505:13:HAL_SYSTICK_Callback	0	static
../Drivers/STM32H7xx_HAL_Driver/Src/stm32h7xx_hal_cortex.c:496:6:HAL_SYSTICK_IRQHandler	8	static
../Drivers/STM32H7xx_HAL_Driver/Src/stm32h7xx_hal_cortex.c:536:10:HAL_GetCurrentCPUID	0	static
