/Users/josnyder/dev/LEAF/leaf/Src/leaf-effects.c:1337:22:read_sample	0	static
/Users/josnyder/dev/LEAF/leaf/Src/leaf-effects.c:1271:13:pitchup	72	static
/Users/josnyder/dev/LEAF/leaf/Src/leaf-effects.c:1153:13:pitchdown	64	static
/Users/josnyder/dev/LEAF/leaf/Src/leaf-effects.c:73:6:tTalkbox_free	8	static
/Users/josnyder/dev/LEAF/leaf/Src/leaf-effects.c:89:6:tTalkbox_update	24	static
/Users/josnyder/dev/LEAF/leaf/Src/leaf-effects.c:120:6:tTalkbox_suspend	0	static
/Users/josnyder/dev/LEAF/leaf/Src/leaf-effects.c:40:6:tTalkbox_initToPool	24	static
/Users/josnyder/dev/LEAF/leaf/Src/leaf-effects.c:35:6:tTalkbox_init	8	static
/Users/josnyder/dev/LEAF/leaf/Src/leaf-effects.c:141:6:tTalkbox_warpedAutocorrelate	24	static
/Users/josnyder/dev/LEAF/leaf/Src/leaf-effects.c:179:6:tTalkbox_lpcDurbin	288	static
/Users/josnyder/dev/LEAF/leaf/Src/leaf-effects.c:259:6:tTalkbox_lpc	312	static
/Users/josnyder/dev/LEAF/leaf/Src/leaf-effects.c:212:8:tTalkbox_tick	64	static
/Users/josnyder/dev/LEAF/leaf/Src/leaf-effects.c:316:6:tTalkbox_setQuality	0	static
/Users/josnyder/dev/LEAF/leaf/Src/leaf-effects.c:326:6:tTalkbox_setWarpFactor	0	static
/Users/josnyder/dev/LEAF/leaf/Src/leaf-effects.c:331:6:tTalkbox_setWarpOn	0	static
/Users/josnyder/dev/LEAF/leaf/Src/leaf-effects.c:336:6:tTalkbox_setFreeze	0	static
/Users/josnyder/dev/LEAF/leaf/Src/leaf-effects.c:341:6:tTalkbox_setSampleRate	8	static
/Users/josnyder/dev/LEAF/leaf/Src/leaf-effects.c:396:6:tTalkboxLfloat_free	8	static
/Users/josnyder/dev/LEAF/leaf/Src/leaf-effects.c:412:6:tTalkboxLfloat_update	24	static
/Users/josnyder/dev/LEAF/leaf/Src/leaf-effects.c:443:6:tTalkboxLfloat_suspend	0	static
/Users/josnyder/dev/LEAF/leaf/Src/leaf-effects.c:363:6:tTalkboxLfloat_initToPool	24	static
/Users/josnyder/dev/LEAF/leaf/Src/leaf-effects.c:358:6:tTalkboxLfloat_init	8	static
/Users/josnyder/dev/LEAF/leaf/Src/leaf-effects.c:464:6:tTalkboxLfloat_warpedAutocorrelate	24	static
/Users/josnyder/dev/LEAF/leaf/Src/leaf-effects.c:502:6:tTalkboxLfloat_lpcDurbin	288	static
/Users/josnyder/dev/LEAF/leaf/Src/leaf-effects.c:583:6:tTalkboxLfloat_lpc	312	static
/Users/josnyder/dev/LEAF/leaf/Src/leaf-effects.c:536:8:tTalkboxLfloat_tick	64	static
/Users/josnyder/dev/LEAF/leaf/Src/leaf-effects.c:643:6:tTalkboxLfloat_setQuality	0	static
/Users/josnyder/dev/LEAF/leaf/Src/leaf-effects.c:653:6:tTalkboxLfloat_setWarpFactor	0	static
/Users/josnyder/dev/LEAF/leaf/Src/leaf-effects.c:658:6:tTalkboxLfloat_setWarpOn	0	static
/Users/josnyder/dev/LEAF/leaf/Src/leaf-effects.c:663:6:tTalkboxLfloat_setFreeze	0	static
/Users/josnyder/dev/LEAF/leaf/Src/leaf-effects.c:668:6:tTalkboxLfloat_setSampleRate	8	static
/Users/josnyder/dev/LEAF/leaf/Src/leaf-effects.c:704:6:tVocoder_free	8	static
/Users/josnyder/dev/LEAF/leaf/Src/leaf-effects.c:711:13:tVocoder_update	48	static
/Users/josnyder/dev/LEAF/leaf/Src/leaf-effects.c:683:6:tVocoder_initToPool	16	static
/Users/josnyder/dev/LEAF/leaf/Src/leaf-effects.c:678:6:tVocoder_init	8	static
/Users/josnyder/dev/LEAF/leaf/Src/leaf-effects.c:857:13:tVocoder_suspend	0	static
/Users/josnyder/dev/LEAF/leaf/Src/leaf-effects.c:793:14:tVocoder_tick	16	static
/Users/josnyder/dev/LEAF/leaf/Src/leaf-effects.c:866:9:tVocoder_setSampleRate	8	static
/Users/josnyder/dev/LEAF/leaf/Src/leaf-effects.c:880:6:tRosenbergGlottalPulse_initToPool	16	static
/Users/josnyder/dev/LEAF/leaf/Src/leaf-effects.c:875:6:tRosenbergGlottalPulse_init	8	static
/Users/josnyder/dev/LEAF/leaf/Src/leaf-effects.c:896:6:tRosenbergGlottalPulse_free	8	static
/Users/josnyder/dev/LEAF/leaf/Src/leaf-effects.c:902:10:tRosenbergGlottalPulse_tick	0	static
/Users/josnyder/dev/LEAF/leaf/Src/leaf-effects.c:929:10:tRosenbergGlottalPulse_tickHQ	8	static
/Users/josnyder/dev/LEAF/leaf/Src/leaf-effects.c:955:8:tRosenbergGlottalPulse_setFreq	0	static
/Users/josnyder/dev/LEAF/leaf/Src/leaf-effects.c:962:8:tRosenbergGlottalPulse_setOpenLength	0	static
/Users/josnyder/dev/LEAF/leaf/Src/leaf-effects.c:968:8:tRosenbergGlottalPulse_setPulseLength	0	static
/Users/josnyder/dev/LEAF/leaf/Src/leaf-effects.c:974:8:tRosenbergGlottalPulse_setOpenLengthAndPulseLength	0	static
/Users/josnyder/dev/LEAF/leaf/Src/leaf-effects.c:981:8:tRosenbergGlottalPulse_setSampleRate	8	static
/Users/josnyder/dev/LEAF/leaf/Src/leaf-effects.c:1009:6:tSOLAD_initToPool	32	static
/Users/josnyder/dev/LEAF/leaf/Src/leaf-effects.c:1004:6:tSOLAD_init	8	static
/Users/josnyder/dev/LEAF/leaf/Src/leaf-effects.c:1029:6:tSOLAD_free	8	static
/Users/josnyder/dev/LEAF/leaf/Src/leaf-effects.c:1070:6:tSOLAD_setPeriod	0	static
/Users/josnyder/dev/LEAF/leaf/Src/leaf-effects.c:1078:6:tSOLAD_setPitchFactor	0	static
/Users/josnyder/dev/LEAF/leaf/Src/leaf-effects.c:1088:6:tSOLAD_setReadLag	0	static
/Users/josnyder/dev/LEAF/leaf/Src/leaf-effects.c:1040:6:tSOLAD_ioSamples	32	static
/Users/josnyder/dev/LEAF/leaf/Src/leaf-effects.c:1381:6:tPitchShift_shiftBy	24	static
/Users/josnyder/dev/LEAF/leaf/Src/leaf-effects.c:1395:9:tPitchShift_shiftTo	24	static
/Users/josnyder/dev/LEAF/leaf/Src/leaf-effects.c:1101:6:tSOLAD_resetState	0	static
/Users/josnyder/dev/LEAF/leaf/Src/leaf-effects.c:1115:6:tSOLAD_setSampleRate	16	static
/Users/josnyder/dev/LEAF/leaf/Src/leaf-effects.c:1356:6:tPitchShift_initToPool	32	static
/Users/josnyder/dev/LEAF/leaf/Src/leaf-effects.c:1351:6:tPitchShift_init	8	static
/Users/josnyder/dev/LEAF/leaf/Src/leaf-effects.c:1373:6:tPitchShift_free	8	static
/Users/josnyder/dev/LEAF/leaf/Src/leaf-effects.c:1410:9:tPitchShift_setPickiness	0	static
/Users/josnyder/dev/LEAF/leaf/Src/leaf-effects.c:1415:9:tPitchShift_setSampleRate	8	static
/Users/josnyder/dev/LEAF/leaf/Src/leaf-effects.c:1430:6:tSimpleRetune_initToPool	40	static
/Users/josnyder/dev/LEAF/leaf/Src/leaf-effects.c:1425:6:tSimpleRetune_init	8	static
/Users/josnyder/dev/LEAF/leaf/Src/leaf-effects.c:1460:6:tSimpleRetune_free	16	static
/Users/josnyder/dev/LEAF/leaf/Src/leaf-effects.c:1477:8:tSimpleRetune_tick	24	static
/Users/josnyder/dev/LEAF/leaf/Src/leaf-effects.c:1498:6:tSimpleRetune_setMode	0	static
/Users/josnyder/dev/LEAF/leaf/Src/leaf-effects.c:1505:6:tSimpleRetune_setNumVoices	0	static
/Users/josnyder/dev/LEAF/leaf/Src/leaf-effects.c:1517:6:tSimpleRetune_setPickiness	24	static
/Users/josnyder/dev/LEAF/leaf/Src/leaf-effects.c:1525:6:tSimpleRetune_tuneVoices	0	static
/Users/josnyder/dev/LEAF/leaf/Src/leaf-effects.c:1533:6:tSimpleRetune_tuneVoice	0	static
/Users/josnyder/dev/LEAF/leaf/Src/leaf-effects.c:1538:8:tSimpleRetune_getInputFrequency	8	static
/Users/josnyder/dev/LEAF/leaf/Src/leaf-effects.c:1543:6:tSimpleRetune_setSampleRate	24	static
/Users/josnyder/dev/LEAF/leaf/Src/leaf-effects.c:1561:6:tRetune_initToPool	40	static
/Users/josnyder/dev/LEAF/leaf/Src/leaf-effects.c:1556:6:tRetune_init	8	static
/Users/josnyder/dev/LEAF/leaf/Src/leaf-effects.c:1593:6:tRetune_free	16	static
/Users/josnyder/dev/LEAF/leaf/Src/leaf-effects.c:1612:9:tRetune_tick	16	static
/Users/josnyder/dev/LEAF/leaf/Src/leaf-effects.c:1636:6:tRetune_setMode	0	static
/Users/josnyder/dev/LEAF/leaf/Src/leaf-effects.c:1642:6:tRetune_setPickiness	8	static
/Users/josnyder/dev/LEAF/leaf/Src/leaf-effects.c:1647:6:tRetune_setNumVoices	0	static
/Users/josnyder/dev/LEAF/leaf/Src/leaf-effects.c:1659:6:tRetune_tuneVoices	0	static
/Users/josnyder/dev/LEAF/leaf/Src/leaf-effects.c:1667:6:tRetune_tuneVoice	0	static
/Users/josnyder/dev/LEAF/leaf/Src/leaf-effects.c:1672:8:tRetune_getInputFrequency	8	static
/Users/josnyder/dev/LEAF/leaf/Src/leaf-effects.c:1677:6:tRetune_setSampleRate	24	static
/Users/josnyder/dev/LEAF/leaf/Src/leaf-effects.c:1696:6:tFormantShifter_initToPool	40	static
/Users/josnyder/dev/LEAF/leaf/Src/leaf-effects.c:1691:6:tFormantShifter_init	8	static
/Users/josnyder/dev/LEAF/leaf/Src/leaf-effects.c:1735:6:tFormantShifter_free	16	static
/Users/josnyder/dev/LEAF/leaf/Src/leaf-effects.c:1760:8:tFormantShifter_remove	8	static
/Users/josnyder/dev/LEAF/leaf/Src/leaf-effects.c:1798:8:tFormantShifter_add	8	static
/Users/josnyder/dev/LEAF/leaf/Src/leaf-effects.c:1755:8:tFormantShifter_tick	8	static
/Users/josnyder/dev/LEAF/leaf/Src/leaf-effects.c:1894:6:tFormantShifter_setShiftFactor	0	static
/Users/josnyder/dev/LEAF/leaf/Src/leaf-effects.c:1899:6:tFormantShifter_setIntensity	0	static
/Users/josnyder/dev/LEAF/leaf/Src/leaf-effects.c:1916:6:tFormantShifter_setSampleRate	24	static
