/Users/josnyder/dev/LEAF/leaf/Src/leaf-sampling.c:27:7:tBuffer_init	24	static
/Users/josnyder/dev/LEAF/leaf/Src/leaf-sampling.c:32:7:tBuffer_initToPool	24	static
/Users/josnyder/dev/LEAF/leaf/Src/leaf-sampling.c:49:7:tBuffer_free	8	static
/Users/josnyder/dev/LEAF/leaf/Src/leaf-sampling.c:57:6:tBuffer_tick	0	static
/Users/josnyder/dev/LEAF/leaf/Src/leaf-sampling.c:80:7:tBuffer_read	12	static
/Users/josnyder/dev/LEAF/leaf/Src/leaf-sampling.c:90:8:tBuffer_get	0	static
/Users/josnyder/dev/LEAF/leaf/Src/leaf-sampling.c:96:7:tBuffer_record	0	static
/Users/josnyder/dev/LEAF/leaf/Src/leaf-sampling.c:102:7:tBuffer_stop	0	static
/Users/josnyder/dev/LEAF/leaf/Src/leaf-sampling.c:107:7:tBuffer_getRecordPosition	0	static
/Users/josnyder/dev/LEAF/leaf/Src/leaf-sampling.c:112:8:tBuffer_setRecordPosition	0	static
/Users/josnyder/dev/LEAF/leaf/Src/leaf-sampling.c:117:7:tBuffer_setRecordMode	0	static
/Users/josnyder/dev/LEAF/leaf/Src/leaf-sampling.c:122:7:tBuffer_clear	0	static
/Users/josnyder/dev/LEAF/leaf/Src/leaf-sampling.c:131:6:tBuffer_setBuffer	0	static
/Users/josnyder/dev/LEAF/leaf/Src/leaf-sampling.c:140:10:tBuffer_getBufferLength	0	static
/Users/josnyder/dev/LEAF/leaf/Src/leaf-sampling.c:145:10:tBuffer_getRecordedLength	0	static
/Users/josnyder/dev/LEAF/leaf/Src/leaf-sampling.c:150:6:tBuffer_setRecordedLength	0	static
/Users/josnyder/dev/LEAF/leaf/Src/leaf-sampling.c:155:5:tBuffer_isActive	0	static
/Users/josnyder/dev/LEAF/leaf/Src/leaf-sampling.c:165:6:tSampler_init	32	static
/Users/josnyder/dev/LEAF/leaf/Src/leaf-sampling.c:170:6:tSampler_initToPool	40	static
/Users/josnyder/dev/LEAF/leaf/Src/leaf-sampling.c:227:6:tSampler_free	8	static
/Users/josnyder/dev/LEAF/leaf/Src/leaf-sampling.c:235:6:tSampler_setSample	4	static
/Users/josnyder/dev/LEAF/leaf/Src/leaf-sampling.c:784:6:tSampler_setMode	0	static
/Users/josnyder/dev/LEAF/leaf/Src/leaf-sampling.c:789:6:tSampler_setCrossfadeLength	0	static
/Users/josnyder/dev/LEAF/leaf/Src/leaf-sampling.c:796:6:tSampler_play	8	static
/Users/josnyder/dev/LEAF/leaf/Src/leaf-sampling.c:835:6:tSampler_stop	0	static
/Users/josnyder/dev/LEAF/leaf/Src/leaf-sampling.c:871:6:tSampler_setStart	16	static
/Users/josnyder/dev/LEAF/leaf/Src/leaf-sampling.c:939:6:tSampler_setEnd	16	static
/Users/josnyder/dev/LEAF/leaf/Src/leaf-sampling.c:506:8:tSampler_tickStereo	112	static
/Users/josnyder/dev/LEAF/leaf/Src/leaf-sampling.c:250:8:tSampler_tick	80	static
/Users/josnyder/dev/LEAF/leaf/Src/leaf-sampling.c:1007:6:tSampler_setEndUnsafe	16	static
/Users/josnyder/dev/LEAF/leaf/Src/leaf-sampling.c:1075:9:tSampler_setLength	20	static
/Users/josnyder/dev/LEAF/leaf/Src/leaf-sampling.c:1081:6:tSampler_setRate	0	static
/Users/josnyder/dev/LEAF/leaf/Src/leaf-sampling.c:1099:6:tSampler_setSampleRate	0	static
/Users/josnyder/dev/LEAF/leaf/Src/leaf-sampling.c:1111:9:tAutoSampler_init	32	static
/Users/josnyder/dev/LEAF/leaf/Src/leaf-sampling.c:1116:9:tAutoSampler_initToPool	32	static
/Users/josnyder/dev/LEAF/leaf/Src/leaf-sampling.c:1128:9:tAutoSampler_free	16	static
/Users/josnyder/dev/LEAF/leaf/Src/leaf-sampling.c:1138:10:tAutoSampler_tick	32	static
/Users/josnyder/dev/LEAF/leaf/Src/leaf-sampling.c:1180:9:tAutoSampler_setBuffer	4	static
/Users/josnyder/dev/LEAF/leaf/Src/leaf-sampling.c:1188:9:tAutoSampler_setMode	0	static
/Users/josnyder/dev/LEAF/leaf/Src/leaf-sampling.c:1193:9:tAutoSampler_play	8	static
/Users/josnyder/dev/LEAF/leaf/Src/leaf-sampling.c:1197:9:tAutoSampler_stop	0	static
/Users/josnyder/dev/LEAF/leaf/Src/leaf-sampling.c:1202:9:tAutoSampler_setThreshold	0	static
/Users/josnyder/dev/LEAF/leaf/Src/leaf-sampling.c:1207:9:tAutoSampler_setWindowSize	0	static
/Users/josnyder/dev/LEAF/leaf/Src/leaf-sampling.c:1214:9:tAutoSampler_setCrossfadeLength	0	static
/Users/josnyder/dev/LEAF/leaf/Src/leaf-sampling.c:1219:9:tAutoSampler_setRate	0	static
/Users/josnyder/dev/LEAF/leaf/Src/leaf-sampling.c:1224:9:tAutoSampler_setSampleRate	0	static
/Users/josnyder/dev/LEAF/leaf/Src/leaf-sampling.c:1230:6:tMBSampler_init	32	static
/Users/josnyder/dev/LEAF/leaf/Src/leaf-sampling.c:1235:6:tMBSampler_initToPool	32	static
/Users/josnyder/dev/LEAF/leaf/Src/leaf-sampling.c:1263:6:tMBSampler_free	8	static
/Users/josnyder/dev/LEAF/leaf/Src/leaf-sampling.c:1272:6:tMBSampler_setSample	0	static
/Users/josnyder/dev/LEAF/leaf/Src/leaf-sampling.c:1282:8:tMBSampler_tick	72	static
/Users/josnyder/dev/LEAF/leaf/Src/leaf-sampling.c:1521:6:tMBSampler_setMode	0	static
/Users/josnyder/dev/LEAF/leaf/Src/leaf-sampling.c:1526:6:tMBSampler_play	8	static
/Users/josnyder/dev/LEAF/leaf/Src/leaf-sampling.c:1539:6:tMBSampler_stop	8	static
/Users/josnyder/dev/LEAF/leaf/Src/leaf-sampling.c:1545:6:tMBSampler_setStart	0	static
/Users/josnyder/dev/LEAF/leaf/Src/leaf-sampling.c:1552:6:tMBSampler_setEnd	0	static
/Users/josnyder/dev/LEAF/leaf/Src/leaf-sampling.c:1560:9:tMBSampler_setLength	0	static
/Users/josnyder/dev/LEAF/leaf/Src/leaf-sampling.c:1565:6:tMBSampler_setRate	0	static
