/Users/josnyder/dev/LEAF/leaf/Src/leaf-envelopes.c:34:6:tEnvelope_initToPool	24	static
/Users/josnyder/dev/LEAF/leaf/Src/leaf-envelopes.c:29:6:tEnvelope_init	8	static
/Users/josnyder/dev/LEAF/leaf/Src/leaf-envelopes.c:76:6:tEnvelope_free	8	static
/Users/josnyder/dev/LEAF/leaf/Src/leaf-envelopes.c:82:6:tEnvelope_setAttack	0	static
/Users/josnyder/dev/LEAF/leaf/Src/leaf-envelopes.c:97:6:tEnvelope_setDecay	0	static
/Users/josnyder/dev/LEAF/leaf/Src/leaf-envelopes.c:112:6:tEnvelope_loop	0	static
/Users/josnyder/dev/LEAF/leaf/Src/leaf-envelopes.c:117:6:tEnvelope_on	0	static
/Users/josnyder/dev/LEAF/leaf/Src/leaf-envelopes.c:136:8:tEnvelope_tick	0	static
/Users/josnyder/dev/LEAF/leaf/Src/leaf-envelopes.c:205:6:tADSR_initToPool	32	static
/Users/josnyder/dev/LEAF/leaf/Src/leaf-envelopes.c:199:6:tADSR_init	8	static
/Users/josnyder/dev/LEAF/leaf/Src/leaf-envelopes.c:273:6:tADSR_free	8	static
/Users/josnyder/dev/LEAF/leaf/Src/leaf-envelopes.c:279:6:tADSR_setAttack	0	static
/Users/josnyder/dev/LEAF/leaf/Src/leaf-envelopes.c:296:6:tADSR_setDecay	0	static
/Users/josnyder/dev/LEAF/leaf/Src/leaf-envelopes.c:313:6:tADSR_setSustain	0	static
/Users/josnyder/dev/LEAF/leaf/Src/leaf-envelopes.c:320:6:tADSR_setRelease	0	static
/Users/josnyder/dev/LEAF/leaf/Src/leaf-envelopes.c:338:6:tADSR_setLeakFactor	8	static
/Users/josnyder/dev/LEAF/leaf/Src/leaf-envelopes.c:344:6:tADSR_on	0	static
/Users/josnyder/dev/LEAF/leaf/Src/leaf-envelopes.c:366:6:tADSR_off	0	static
/Users/josnyder/dev/LEAF/leaf/Src/leaf-envelopes.c:378:8:tADSR_tick	0	static
/Users/josnyder/dev/LEAF/leaf/Src/leaf-envelopes.c:449:6:tADSR_setSampleRate	8	static
/Users/josnyder/dev/LEAF/leaf/Src/leaf-envelopes.c:466:8:calcADSR3Coef	16	static
/Users/josnyder/dev/LEAF/leaf/Src/leaf-envelopes.c:477:6:tADSRS_initToPool	32	static
/Users/josnyder/dev/LEAF/leaf/Src/leaf-envelopes.c:471:6:tADSRS_init	8	static
/Users/josnyder/dev/LEAF/leaf/Src/leaf-envelopes.c:522:6:tADSRS_free	8	static
/Users/josnyder/dev/LEAF/leaf/Src/leaf-envelopes.c:527:6:tADSRS_setAttack	8	static
/Users/josnyder/dev/LEAF/leaf/Src/leaf-envelopes.c:535:6:tADSRS_setDecay	8	static
/Users/josnyder/dev/LEAF/leaf/Src/leaf-envelopes.c:543:6:tADSRS_setSustain	0	static
/Users/josnyder/dev/LEAF/leaf/Src/leaf-envelopes.c:549:6:tADSRS_setRelease	8	static
/Users/josnyder/dev/LEAF/leaf/Src/leaf-envelopes.c:558:6:tADSRS_setLeakFactor	8	static
/Users/josnyder/dev/LEAF/leaf/Src/leaf-envelopes.c:564:6:tADSRS_on	0	static
/Users/josnyder/dev/LEAF/leaf/Src/leaf-envelopes.c:570:6:tADSRS_off	0	static
/Users/josnyder/dev/LEAF/leaf/Src/leaf-envelopes.c:577:8:tADSRS_tick	0	static
/Users/josnyder/dev/LEAF/leaf/Src/leaf-envelopes.c:613:6:tADSRS_setSampleRate	8	static
/Users/josnyder/dev/LEAF/leaf/Src/leaf-envelopes.c:639:1:tADSRT_initToPool	40	static
/Users/josnyder/dev/LEAF/leaf/Src/leaf-envelopes.c:629:6:tADSRT_init	8	static
/Users/josnyder/dev/LEAF/leaf/Src/leaf-envelopes.c:688:6:tADSRT_free	8	static
/Users/josnyder/dev/LEAF/leaf/Src/leaf-envelopes.c:698:6:tADSRT_setAttack	0	static
/Users/josnyder/dev/LEAF/leaf/Src/leaf-envelopes.c:712:6:tADSRT_setDecay	0	static
/Users/josnyder/dev/LEAF/leaf/Src/leaf-envelopes.c:726:6:tADSRT_setSustain	0	static
/Users/josnyder/dev/LEAF/leaf/Src/leaf-envelopes.c:738:6:tADSRT_setRelease	0	static
/Users/josnyder/dev/LEAF/leaf/Src/leaf-envelopes.c:754:6:tADSRT_setLeakFactor	8	static
/Users/josnyder/dev/LEAF/leaf/Src/leaf-envelopes.c:765:6:tADSRT_on	0	static
/Users/josnyder/dev/LEAF/leaf/Src/leaf-envelopes.c:788:6:tADSRT_off	0	static
/Users/josnyder/dev/LEAF/leaf/Src/leaf-envelopes.c:803:6:tADSRT_clear	0	static
/Users/josnyder/dev/LEAF/leaf/Src/leaf-envelopes.c:814:8:tADSRT_tick	0	static
/Users/josnyder/dev/LEAF/leaf/Src/leaf-envelopes.c:922:8:tADSRT_tickNoInterp	0	static
/Users/josnyder/dev/LEAF/leaf/Src/leaf-envelopes.c:995:6:tADSRT_setSampleRate	8	static
/Users/josnyder/dev/LEAF/leaf/Src/leaf-envelopes.c:1015:6:tRamp_initToPool	24	static
/Users/josnyder/dev/LEAF/leaf/Src/leaf-envelopes.c:1010:6:tRamp_init	8	static
/Users/josnyder/dev/LEAF/leaf/Src/leaf-envelopes.c:1040:6:tRamp_free	8	static
/Users/josnyder/dev/LEAF/leaf/Src/leaf-envelopes.c:1046:6:tRamp_setTime	0	static
/Users/josnyder/dev/LEAF/leaf/Src/leaf-envelopes.c:1058:6:tRamp_setDest	0	static
/Users/josnyder/dev/LEAF/leaf/Src/leaf-envelopes.c:1064:6:tRamp_setVal	0	static
/Users/josnyder/dev/LEAF/leaf/Src/leaf-envelopes.c:1070:8:tRamp_tick	0	static
/Users/josnyder/dev/LEAF/leaf/Src/leaf-envelopes.c:1082:8:tRamp_sample	0	static
/Users/josnyder/dev/LEAF/leaf/Src/leaf-envelopes.c:1087:6:tRamp_setSampleRate	0	static
/Users/josnyder/dev/LEAF/leaf/Src/leaf-envelopes.c:1104:6:tRampUpDown_initToPool	24	static
/Users/josnyder/dev/LEAF/leaf/Src/leaf-envelopes.c:1098:6:tRampUpDown_init	8	static
/Users/josnyder/dev/LEAF/leaf/Src/leaf-envelopes.c:1136:6:tRampUpDown_free	8	static
/Users/josnyder/dev/LEAF/leaf/Src/leaf-envelopes.c:1142:6:tRampUpDown_setUpTime	0	static
/Users/josnyder/dev/LEAF/leaf/Src/leaf-envelopes.c:1153:6:tRampUpDown_setDownTime	0	static
/Users/josnyder/dev/LEAF/leaf/Src/leaf-envelopes.c:1163:6:tRampUpDown_setDest	0	static
/Users/josnyder/dev/LEAF/leaf/Src/leaf-envelopes.c:1170:6:tRampUpDown_setVal	0	static
/Users/josnyder/dev/LEAF/leaf/Src/leaf-envelopes.c:1177:8:tRampUpDown_tick	0	static
/Users/josnyder/dev/LEAF/leaf/Src/leaf-envelopes.c:1201:8:tRampUpDown_sample	0	static
/Users/josnyder/dev/LEAF/leaf/Src/leaf-envelopes.c:1214:6:tExpSmooth_initToPool	24	static
/Users/josnyder/dev/LEAF/leaf/Src/leaf-envelopes.c:1208:6:tExpSmooth_init	8	static
/Users/josnyder/dev/LEAF/leaf/Src/leaf-envelopes.c:1231:6:tExpSmooth_free	8	static
/Users/josnyder/dev/LEAF/leaf/Src/leaf-envelopes.c:1238:6:tExpSmooth_setFactor	0	static
/Users/josnyder/dev/LEAF/leaf/Src/leaf-envelopes.c:1253:6:tExpSmooth_setDest	0	static
/Users/josnyder/dev/LEAF/leaf/Src/leaf-envelopes.c:1259:6:tExpSmooth_setVal	0	static
/Users/josnyder/dev/LEAF/leaf/Src/leaf-envelopes.c:1264:6:tExpSmooth_setValAndDest	0	static
/Users/josnyder/dev/LEAF/leaf/Src/leaf-envelopes.c:1274:8:tExpSmooth_tick	0	static
/Users/josnyder/dev/LEAF/leaf/Src/leaf-envelopes.c:1281:8:tExpSmooth_sample	0	static
/Users/josnyder/dev/LEAF/leaf/Src/leaf-envelopes.c:1286:6:tExpSmooth_setSampleRate	0	static
/Users/josnyder/dev/LEAF/leaf/Src/leaf-envelopes.c:1302:6:tSlide_initToPool	24	static
/Users/josnyder/dev/LEAF/leaf/Src/leaf-envelopes.c:1296:6:tSlide_init	8	static
/Users/josnyder/dev/LEAF/leaf/Src/leaf-envelopes.c:1323:6:tSlide_free	8	static
/Users/josnyder/dev/LEAF/leaf/Src/leaf-envelopes.c:1329:6:tSlide_setUpSlide	0	static
/Users/josnyder/dev/LEAF/leaf/Src/leaf-envelopes.c:1334:6:tSlide_setDownSlide	0	static
/Users/josnyder/dev/LEAF/leaf/Src/leaf-envelopes.c:1339:6:tSlide_setDest	0	static
/Users/josnyder/dev/LEAF/leaf/Src/leaf-envelopes.c:1344:8:tSlide_tickNoInput	0	static
/Users/josnyder/dev/LEAF/leaf/Src/leaf-envelopes.c:1362:8:tSlide_tick	0	static
/Users/josnyder/dev/LEAF/leaf/Src/leaf-envelopes.c:1383:9:tDynamicSmoother_initToPool	16	static
/Users/josnyder/dev/LEAF/leaf/Src/leaf-envelopes.c:1379:9:tDynamicSmoother_init	8	static
/Users/josnyder/dev/LEAF/leaf/Src/leaf-envelopes.c:1397:9:tDynamicSmoother_free	8	static
/Users/josnyder/dev/LEAF/leaf/Src/leaf-envelopes.c:1403:10:tDynamicSmoother_tick	0	static
/Users/josnyder/dev/LEAF/leaf/Src/leaf-envelopes.c:1420:10:tDynamicSmoother_tickNoInput	0	static
/Users/josnyder/dev/LEAF/leaf/Src/leaf-envelopes.c:1437:8:tDynamicSmoother_setDest	0	static
/Users/josnyder/dev/LEAF/leaf/Src/leaf-envelopes.c:1442:8:tDynamicSmoother_setValAndDest	0	static
