/Users/josnyder/dev/LEAF/leaf/Src/../Inc/leaf-math.h:298:22:fastsqrtf	0	static
/Users/josnyder/dev/LEAF/leaf/Src/../Inc/leaf-math.h:356:22:fasterexpf	0	static
/Users/josnyder/dev/LEAF/leaf/Src/../Inc/leaf-math.h:363:22:fastExp3	0	static
/Users/josnyder/dev/LEAF/leaf/Src/../Inc/leaf-math.h:610:22:fast_tanh	0	static
/Users/josnyder/dev/LEAF/leaf/Src/../Inc/leaf-math.h:653:22:fast_tanh5	0	static
/Users/josnyder/dev/LEAF/leaf/Src/../Inc/leaf-math.h:899:22:ftom	8	static
/Users/josnyder/dev/LEAF/leaf/Src/leaf-filters.c:40:6:tAllpass_initToPool	32	static
/Users/josnyder/dev/LEAF/leaf/Src/leaf-filters.c:34:6:tAllpass_init	8	static
/Users/josnyder/dev/LEAF/leaf/Src/leaf-filters.c:53:6:tAllpass_free	8	static
/Users/josnyder/dev/LEAF/leaf/Src/leaf-filters.c:61:6:tAllpass_setDelay	8	static
/Users/josnyder/dev/LEAF/leaf/Src/leaf-filters.c:66:6:tAllpass_setGain	0	static
/Users/josnyder/dev/LEAF/leaf/Src/leaf-filters.c:71:8:tAllpass_tick	16	static
/Users/josnyder/dev/LEAF/leaf/Src/leaf-filters.c:91:6:tAllpassSO_initToPool	16	static
/Users/josnyder/dev/LEAF/leaf/Src/leaf-filters.c:86:6:tAllpassSO_init	8	static
/Users/josnyder/dev/LEAF/leaf/Src/leaf-filters.c:103:6:tAllpassSO_free	8	static
/Users/josnyder/dev/LEAF/leaf/Src/leaf-filters.c:109:6:tAllpassSO_setCoeff	0	static
/Users/josnyder/dev/LEAF/leaf/Src/leaf-filters.c:125:8:tAllpassSO_tick	0	static
/Users/josnyder/dev/LEAF/leaf/Src/leaf-filters.c:176:6:tThiranAllpassSOCascade_initToPool	24	static
/Users/josnyder/dev/LEAF/leaf/Src/leaf-filters.c:170:6:tThiranAllpassSOCascade_init	8	static
/Users/josnyder/dev/LEAF/leaf/Src/leaf-filters.c:204:6:tThiranAllpassSOCascade_free	16	static
/Users/josnyder/dev/LEAF/leaf/Src/leaf-filters.c:216:7:tThiranAllpassSOCascade_setCoeff	48	static
/Users/josnyder/dev/LEAF/leaf/Src/leaf-filters.c:289:8:tThiranAllpassSOCascade_tick	16	static
/Users/josnyder/dev/LEAF/leaf/Src/leaf-filters.c:298:6:tThiranAllpassSOCascade_clear	0	static
/Users/josnyder/dev/LEAF/leaf/Src/leaf-filters.c:337:6:tOnePole_free	8	static
/Users/josnyder/dev/LEAF/leaf/Src/leaf-filters.c:344:6:tOnePole_setB0	0	static
/Users/josnyder/dev/LEAF/leaf/Src/leaf-filters.c:349:6:tOnePole_setA1	0	static
/Users/josnyder/dev/LEAF/leaf/Src/leaf-filters.c:355:6:tOnePole_setPole	0	static
/Users/josnyder/dev/LEAF/leaf/Src/leaf-filters.c:366:6:tOnePole_setFreq	0	static
/Users/josnyder/dev/LEAF/leaf/Src/leaf-filters.c:319:6:tOnePole_initToPool	24	static
/Users/josnyder/dev/LEAF/leaf/Src/leaf-filters.c:314:6:tOnePole_init	8	static
/Users/josnyder/dev/LEAF/leaf/Src/leaf-filters.c:374:6:tOnePole_setCoefficients	0	static
/Users/josnyder/dev/LEAF/leaf/Src/leaf-filters.c:381:6:tOnePole_setGain	0	static
/Users/josnyder/dev/LEAF/leaf/Src/leaf-filters.c:386:8:tOnePole_tick	0	static
/Users/josnyder/dev/LEAF/leaf/Src/leaf-filters.c:397:6:tOnePole_setSampleRate	0	static
/Users/josnyder/dev/LEAF/leaf/Src/leaf-filters.c:416:6:tCookOnePole_initToPool	16	static
/Users/josnyder/dev/LEAF/leaf/Src/leaf-filters.c:411:6:tCookOnePole_init	8	static
/Users/josnyder/dev/LEAF/leaf/Src/leaf-filters.c:430:6:tCookOnePole_free	8	static
/Users/josnyder/dev/LEAF/leaf/Src/leaf-filters.c:438:6:tCookOnePole_setPole	0	static
/Users/josnyder/dev/LEAF/leaf/Src/leaf-filters.c:447:6:tCookOnePole_setGain	0	static
/Users/josnyder/dev/LEAF/leaf/Src/leaf-filters.c:456:6:tCookOnePole_setGainAndPole	0	static
/Users/josnyder/dev/LEAF/leaf/Src/leaf-filters.c:462:8:tCookOnePole_tick	0	static
/Users/josnyder/dev/LEAF/leaf/Src/leaf-filters.c:468:6:tCookOnePole_setSampleRate	0	static
/Users/josnyder/dev/LEAF/leaf/Src/leaf-filters.c:484:6:tTwoPole_initToPool	16	static
/Users/josnyder/dev/LEAF/leaf/Src/leaf-filters.c:479:6:tTwoPole_init	8	static
/Users/josnyder/dev/LEAF/leaf/Src/leaf-filters.c:502:6:tTwoPole_free	8	static
/Users/josnyder/dev/LEAF/leaf/Src/leaf-filters.c:508:8:tTwoPole_tick	0	static
/Users/josnyder/dev/LEAF/leaf/Src/leaf-filters.c:519:6:tTwoPole_setB0	0	static
/Users/josnyder/dev/LEAF/leaf/Src/leaf-filters.c:524:6:tTwoPole_setA1	0	static
/Users/josnyder/dev/LEAF/leaf/Src/leaf-filters.c:529:6:tTwoPole_setA2	0	static
/Users/josnyder/dev/LEAF/leaf/Src/leaf-filters.c:534:6:tTwoPole_setResonance	40	static
/Users/josnyder/dev/LEAF/leaf/Src/leaf-filters.c:560:6:tTwoPole_setCoefficients	0	static
/Users/josnyder/dev/LEAF/leaf/Src/leaf-filters.c:567:6:tTwoPole_setGain	0	static
/Users/josnyder/dev/LEAF/leaf/Src/leaf-filters.c:572:6:tTwoPole_setSampleRate	32	static
/Users/josnyder/dev/LEAF/leaf/Src/leaf-filters.c:612:6:tOneZero_free	8	static
/Users/josnyder/dev/LEAF/leaf/Src/leaf-filters.c:618:8:tOneZero_tick	0	static
/Users/josnyder/dev/LEAF/leaf/Src/leaf-filters.c:628:6:tOneZero_setZero	0	static
/Users/josnyder/dev/LEAF/leaf/Src/leaf-filters.c:598:6:tOneZero_initToPool	24	static
/Users/josnyder/dev/LEAF/leaf/Src/leaf-filters.c:593:6:tOneZero_init	8	static
/Users/josnyder/dev/LEAF/leaf/Src/leaf-filters.c:637:6:tOneZero_setB0	0	static
/Users/josnyder/dev/LEAF/leaf/Src/leaf-filters.c:642:6:tOneZero_setB1	0	static
/Users/josnyder/dev/LEAF/leaf/Src/leaf-filters.c:647:6:tOneZero_setCoefficients	0	static
/Users/josnyder/dev/LEAF/leaf/Src/leaf-filters.c:653:6:tOneZero_setGain	0	static
/Users/josnyder/dev/LEAF/leaf/Src/leaf-filters.c:658:8:tOneZero_getPhaseDelay	32	static
/Users/josnyder/dev/LEAF/leaf/Src/leaf-filters.c:687:6:tOneZero_setSampleRate	0	static
/Users/josnyder/dev/LEAF/leaf/Src/leaf-filters.c:703:6:tTwoZero_initToPool	16	static
/Users/josnyder/dev/LEAF/leaf/Src/leaf-filters.c:698:6:tTwoZero_init	8	static
/Users/josnyder/dev/LEAF/leaf/Src/leaf-filters.c:716:6:tTwoZero_free	8	static
/Users/josnyder/dev/LEAF/leaf/Src/leaf-filters.c:722:8:tTwoZero_tick	0	static
/Users/josnyder/dev/LEAF/leaf/Src/leaf-filters.c:733:6:tTwoZero_setNotch	16	static
/Users/josnyder/dev/LEAF/leaf/Src/leaf-filters.c:755:6:tTwoZero_setB0	0	static
/Users/josnyder/dev/LEAF/leaf/Src/leaf-filters.c:760:6:tTwoZero_setB1	0	static
/Users/josnyder/dev/LEAF/leaf/Src/leaf-filters.c:765:6:tTwoZero_setCoefficients	0	static
/Users/josnyder/dev/LEAF/leaf/Src/leaf-filters.c:772:6:tTwoZero_setGain	0	static
/Users/josnyder/dev/LEAF/leaf/Src/leaf-filters.c:777:6:tTwoZero_setSampleRate	8	static
/Users/josnyder/dev/LEAF/leaf/Src/leaf-filters.c:793:6:tPoleZero_initToPool	16	static
/Users/josnyder/dev/LEAF/leaf/Src/leaf-filters.c:788:6:tPoleZero_init	8	static
/Users/josnyder/dev/LEAF/leaf/Src/leaf-filters.c:806:6:tPoleZero_free	8	static
/Users/josnyder/dev/LEAF/leaf/Src/leaf-filters.c:812:6:tPoleZero_setB0	0	static
/Users/josnyder/dev/LEAF/leaf/Src/leaf-filters.c:817:6:tPoleZero_setB1	0	static
/Users/josnyder/dev/LEAF/leaf/Src/leaf-filters.c:822:6:tPoleZero_setA1	0	static
/Users/josnyder/dev/LEAF/leaf/Src/leaf-filters.c:832:6:tPoleZero_setCoefficients	0	static
/Users/josnyder/dev/LEAF/leaf/Src/leaf-filters.c:844:6:tPoleZero_setThiranAllpassSOCascade	0	static
/Users/josnyder/dev/LEAF/leaf/Src/leaf-filters.c:856:6:tPoleZero_setBlockZero	0	static
/Users/josnyder/dev/LEAF/leaf/Src/leaf-filters.c:868:6:tPoleZero_setGain	0	static
/Users/josnyder/dev/LEAF/leaf/Src/leaf-filters.c:873:8:tPoleZero_tick	0	static
/Users/josnyder/dev/LEAF/leaf/Src/leaf-filters.c:894:6:tBiQuad_initToPool	16	static
/Users/josnyder/dev/LEAF/leaf/Src/leaf-filters.c:889:6:tBiQuad_init	8	static
/Users/josnyder/dev/LEAF/leaf/Src/leaf-filters.c:914:6:tBiQuad_free	8	static
/Users/josnyder/dev/LEAF/leaf/Src/leaf-filters.c:920:8:tBiQuad_tick	0	static
/Users/josnyder/dev/LEAF/leaf/Src/leaf-filters.c:935:6:tBiQuad_setResonance	24	static
/Users/josnyder/dev/LEAF/leaf/Src/leaf-filters.c:957:6:tBiQuad_setNotch	16	static
/Users/josnyder/dev/LEAF/leaf/Src/leaf-filters.c:970:6:tBiQuad_setEqualGainZeros	0	static
/Users/josnyder/dev/LEAF/leaf/Src/leaf-filters.c:978:6:tBiQuad_setB0	0	static
/Users/josnyder/dev/LEAF/leaf/Src/leaf-filters.c:983:6:tBiQuad_setB1	0	static
/Users/josnyder/dev/LEAF/leaf/Src/leaf-filters.c:988:6:tBiQuad_setB2	0	static
/Users/josnyder/dev/LEAF/leaf/Src/leaf-filters.c:993:6:tBiQuad_setA1	0	static
/Users/josnyder/dev/LEAF/leaf/Src/leaf-filters.c:998:6:tBiQuad_setA2	0	static
/Users/josnyder/dev/LEAF/leaf/Src/leaf-filters.c:1003:6:tBiQuad_setCoefficients	0	static
/Users/josnyder/dev/LEAF/leaf/Src/leaf-filters.c:1013:6:tBiQuad_setGain	0	static
/Users/josnyder/dev/LEAF/leaf/Src/leaf-filters.c:1018:6:tBiQuad_setSampleRate	16	static
/Users/josnyder/dev/LEAF/leaf/Src/leaf-filters.c:1051:6:tSVF_initToPool	32	static
/Users/josnyder/dev/LEAF/leaf/Src/leaf-filters.c:1041:6:tSVF_init	8	static
/Users/josnyder/dev/LEAF/leaf/Src/leaf-filters.c:1113:6:tSVF_free	8	static
/Users/josnyder/dev/LEAF/leaf/Src/leaf-filters.c:1119:8:tSVF_tick	0	static
/Users/josnyder/dev/LEAF/leaf/Src/leaf-filters.c:1132:8:tSVF_tickHP	0	static
/Users/josnyder/dev/LEAF/leaf/Src/leaf-filters.c:1142:8:tSVF_tickBP	0	static
/Users/josnyder/dev/LEAF/leaf/Src/leaf-filters.c:1153:8:tSVF_tickLP	0	static
/Users/josnyder/dev/LEAF/leaf/Src/leaf-filters.c:1163:6:tSVF_setFreq	8	static
/Users/josnyder/dev/LEAF/leaf/Src/leaf-filters.c:1172:6:tSVF_setFreqFast	0	static
/Users/josnyder/dev/LEAF/leaf/Src/leaf-filters.c:1192:6:tSVF_setQ	0	static
/Users/josnyder/dev/LEAF/leaf/Src/leaf-filters.c:1202:6:tSVF_setFreqAndQ	16	static
/Users/josnyder/dev/LEAF/leaf/Src/leaf-filters.c:1212:6:tSVF_setFreqAndQFast	0	static
/Users/josnyder/dev/LEAF/leaf/Src/leaf-filters.c:1232:6:tSVF_setFilterType	0	static
/Users/josnyder/dev/LEAF/leaf/Src/leaf-filters.c:1262:6:tSVF_setSampleRate	0	static
/Users/josnyder/dev/LEAF/leaf/Src/leaf-filters.c:1276:8:tSVF_getPhaseAtFrequency	24	static
/Users/josnyder/dev/LEAF/leaf/Src/leaf-filters.c:1300:6:tSVF_LP_initToPool	24	static
/Users/josnyder/dev/LEAF/leaf/Src/leaf-filters.c:1295:6:tSVF_LP_init	8	static
/Users/josnyder/dev/LEAF/leaf/Src/leaf-filters.c:1335:6:tSVF_LP_free	8	static
/Users/josnyder/dev/LEAF/leaf/Src/leaf-filters.c:1341:8:tSVF_LP_tick	0	static
/Users/josnyder/dev/LEAF/leaf/Src/leaf-filters.c:1351:6:tSVF_LP_setFreq	8	static
/Users/josnyder/dev/LEAF/leaf/Src/leaf-filters.c:1366:6:tSVF_LP_setFreqFast	0	static
/Users/josnyder/dev/LEAF/leaf/Src/leaf-filters.c:1389:6:tSVF_LP_setQ	0	static
/Users/josnyder/dev/LEAF/leaf/Src/leaf-filters.c:1403:6:tSVF_LP_setFreqAndQ	16	static
/Users/josnyder/dev/LEAF/leaf/Src/leaf-filters.c:1420:6:tSVF_LP_setFreqAndQFast	0	static
/Users/josnyder/dev/LEAF/leaf/Src/leaf-filters.c:1447:6:tSVF_LP_setSampleRate	0	static
/Users/josnyder/dev/LEAF/leaf/Src/leaf-filters.c:1461:8:tSVF_LP_getPhaseAtFrequency	24	static
/Users/josnyder/dev/LEAF/leaf/Src/leaf-filters.c:1485:6:tEfficientSVF_initToPool	32	static
/Users/josnyder/dev/LEAF/leaf/Src/leaf-filters.c:1481:6:tEfficientSVF_init	8	static
/Users/josnyder/dev/LEAF/leaf/Src/leaf-filters.c:1510:6:tEfficientSVF_free	8	static
/Users/josnyder/dev/LEAF/leaf/Src/leaf-filters.c:1516:8:tEfficientSVF_tick	0	static
/Users/josnyder/dev/LEAF/leaf/Src/leaf-filters.c:1534:6:tEfficientSVF_setFreq	0	static
/Users/josnyder/dev/LEAF/leaf/Src/leaf-filters.c:1550:6:tEfficientSVF_setQ	0	static
/Users/josnyder/dev/LEAF/leaf/Src/leaf-filters.c:1558:6:tEfficientSVF_setFreqAndQ	0	static
/Users/josnyder/dev/LEAF/leaf/Src/leaf-filters.c:1567:6:tEfficientSVF_setSampleRate	0	static
/Users/josnyder/dev/LEAF/leaf/Src/leaf-filters.c:1589:6:tHighpass_initToPool	24	static
/Users/josnyder/dev/LEAF/leaf/Src/leaf-filters.c:1584:6:tHighpass_init	8	static
/Users/josnyder/dev/LEAF/leaf/Src/leaf-filters.c:1604:6:tHighpass_free	8	static
/Users/josnyder/dev/LEAF/leaf/Src/leaf-filters.c:1610:6:tHighpass_setFreq	0	static
/Users/josnyder/dev/LEAF/leaf/Src/leaf-filters.c:1616:8:tHighpass_getFreq	0	static
/Users/josnyder/dev/LEAF/leaf/Src/leaf-filters.c:1622:8:tHighpass_tick	0	static
/Users/josnyder/dev/LEAF/leaf/Src/leaf-filters.c:1629:6:tHighpass_setSampleRate	0	static
/Users/josnyder/dev/LEAF/leaf/Src/leaf-filters.c:1647:6:tButterworth_initToPool	40	static
/Users/josnyder/dev/LEAF/leaf/Src/leaf-filters.c:1641:6:tButterworth_init	8	static
/Users/josnyder/dev/LEAF/leaf/Src/leaf-filters.c:1674:6:tButterworth_free	16	static
/Users/josnyder/dev/LEAF/leaf/Src/leaf-filters.c:1684:8:tButterworth_tick	16	static
/Users/josnyder/dev/LEAF/leaf/Src/leaf-filters.c:1692:6:tButterworth_setF1	24	static
/Users/josnyder/dev/LEAF/leaf/Src/leaf-filters.c:1700:6:tButterworth_setF2	24	static
/Users/josnyder/dev/LEAF/leaf/Src/leaf-filters.c:1710:6:tButterworth_setFreqs	16	static
/Users/josnyder/dev/LEAF/leaf/Src/leaf-filters.c:1716:6:tButterworth_setSampleRate	24	static
/Users/josnyder/dev/LEAF/leaf/Src/leaf-filters.c:1732:6:tFIR_initToPool	24	static
/Users/josnyder/dev/LEAF/leaf/Src/leaf-filters.c:1727:6:tFIR_init	8	static
/Users/josnyder/dev/LEAF/leaf/Src/leaf-filters.c:1744:6:tFIR_free	8	static
/Users/josnyder/dev/LEAF/leaf/Src/leaf-filters.c:1752:8:tFIR_tick	0	static
/Users/josnyder/dev/LEAF/leaf/Src/leaf-filters.c:1761:6:tFIR_changeNumTaps	0	static
/Users/josnyder/dev/LEAF/leaf/Src/leaf-filters.c:1783:6:tMedianFilter_initToPool	24	static
/Users/josnyder/dev/LEAF/leaf/Src/leaf-filters.c:1778:6:tMedianFilter_init	8	static
/Users/josnyder/dev/LEAF/leaf/Src/leaf-filters.c:1802:6:tMedianFilter_free	8	static
/Users/josnyder/dev/LEAF/leaf/Src/leaf-filters.c:1811:8:tMedianFilter_tick	4	static
/Users/josnyder/dev/LEAF/leaf/Src/leaf-filters.c:1894:6:tVZFilter_free	8	static
/Users/josnyder/dev/LEAF/leaf/Src/leaf-filters.c:1900:8:tVZFilter_tick	32	static
/Users/josnyder/dev/LEAF/leaf/Src/leaf-filters.c:1932:8:tVZFilter_tickEfficient	0	static
/Users/josnyder/dev/LEAF/leaf/Src/leaf-filters.c:1952:6:tVZFilter_calcCoeffs	24	static
/Users/josnyder/dev/LEAF/leaf/Src/leaf-filters.c:2097:6:tVZFilter_setFreq	8	static
/Users/josnyder/dev/LEAF/leaf/Src/leaf-filters.c:2103:6:tVZFilter_setFreqFast	24	static
/Users/josnyder/dev/LEAF/leaf/Src/leaf-filters.c:2243:6:tVZFilter_setFreqAndBandwidth	8	static
/Users/josnyder/dev/LEAF/leaf/Src/leaf-filters.c:2257:6:tVZFilter_setGain	8	static
/Users/josnyder/dev/LEAF/leaf/Src/leaf-filters.c:2264:6:tVZFilter_setResonance	8	static
/Users/josnyder/dev/LEAF/leaf/Src/leaf-filters.c:2271:6:tVZFilter_setFrequencyAndResonance	8	static
/Users/josnyder/dev/LEAF/leaf/Src/leaf-filters.c:2279:6:tVZFilter_setFrequencyAndResonanceAndGain	8	static
/Users/josnyder/dev/LEAF/leaf/Src/leaf-filters.c:2290:6:tVZFilter_setFastFrequencyAndResonanceAndGain	8	static
/Users/josnyder/dev/LEAF/leaf/Src/leaf-filters.c:2301:6:tVZFilter_setFrequencyAndBandwidthAndGain	8	static
/Users/josnyder/dev/LEAF/leaf/Src/leaf-filters.c:2313:6:tVZFilter_setFrequencyAndResonanceAndMorph	8	static
/Users/josnyder/dev/LEAF/leaf/Src/leaf-filters.c:2323:6:tVZFilter_setMorph	8	static
/Users/josnyder/dev/LEAF/leaf/Src/leaf-filters.c:2329:6:tVZFilter_setMorphOnly	0	static
/Users/josnyder/dev/LEAF/leaf/Src/leaf-filters.c:2335:6:tVZFilter_setType	8	static
/Users/josnyder/dev/LEAF/leaf/Src/leaf-filters.c:2341:8:tVZFilter_BandwidthToR	16	static
/Users/josnyder/dev/LEAF/leaf/Src/leaf-filters.c:2090:6:tVZFilter_setBandwidth	8	static
/Users/josnyder/dev/LEAF/leaf/Src/leaf-filters.c:1859:6:tVZFilter_initToPool	32	static
/Users/josnyder/dev/LEAF/leaf/Src/leaf-filters.c:1853:6:tVZFilter_init	8	static
/Users/josnyder/dev/LEAF/leaf/Src/leaf-filters.c:2351:8:tVZFilter_BandwidthToREfficientBP	8	static
/Users/josnyder/dev/LEAF/leaf/Src/leaf-filters.c:2081:6:tVZFilter_calcCoeffsEfficientBP	16	static
/Users/josnyder/dev/LEAF/leaf/Src/leaf-filters.c:2250:6:tVZFilter_setFreqAndBandwidthEfficientBP	8	static
/Users/josnyder/dev/LEAF/leaf/Src/leaf-filters.c:2361:6:tVZFilter_setSampleRate	0	static
/Users/josnyder/dev/LEAF/leaf/Src/leaf-filters.c:2385:6:tVZFilterLS_initToPool	32	static
/Users/josnyder/dev/LEAF/leaf/Src/leaf-filters.c:2379:6:tVZFilterLS_init	8	static
/Users/josnyder/dev/LEAF/leaf/Src/leaf-filters.c:2416:6:tVZFilterLS_free	8	static
/Users/josnyder/dev/LEAF/leaf/Src/leaf-filters.c:2422:6:tVZFilterLS_setSampleRate	0	static
/Users/josnyder/dev/LEAF/leaf/Src/leaf-filters.c:2434:8:tVZFilterLS_tick	0	static
/Users/josnyder/dev/LEAF/leaf/Src/leaf-filters.c:2454:6:tVZFilterLS_setFreqFast	0	static
/Users/josnyder/dev/LEAF/leaf/Src/leaf-filters.c:2473:6:tVZFilterLS_setBandwidthSlow	8	static
/Users/josnyder/dev/LEAF/leaf/Src/leaf-filters.c:2478:6:tVZFilterLS_setFreq	8	static
/Users/josnyder/dev/LEAF/leaf/Src/leaf-filters.c:2486:6:tVZFilterLS_setGain	8	static
/Users/josnyder/dev/LEAF/leaf/Src/leaf-filters.c:2495:6:tVZFilterLS_setResonance	0	static
/Users/josnyder/dev/LEAF/leaf/Src/leaf-filters.c:2503:6:tVZFilterLS_setFreqFastAndResonanceAndGain	16	static
/Users/josnyder/dev/LEAF/leaf/Src/leaf-filters.c:2544:6:tVZFilterHS_initToPool	32	static
/Users/josnyder/dev/LEAF/leaf/Src/leaf-filters.c:2538:6:tVZFilterHS_init	8	static
/Users/josnyder/dev/LEAF/leaf/Src/leaf-filters.c:2575:6:tVZFilterHS_free	8	static
/Users/josnyder/dev/LEAF/leaf/Src/leaf-filters.c:2581:6:tVZFilterHS_setSampleRate	0	static
/Users/josnyder/dev/LEAF/leaf/Src/leaf-filters.c:2593:8:tVZFilterHS_tick	0	static
/Users/josnyder/dev/LEAF/leaf/Src/leaf-filters.c:2613:6:tVZFilterHS_setFreqFast	0	static
/Users/josnyder/dev/LEAF/leaf/Src/leaf-filters.c:2633:6:tVZFilterHS_setBandwidthSlow	8	static
/Users/josnyder/dev/LEAF/leaf/Src/leaf-filters.c:2638:6:tVZFilterHS_setFreq	8	static
/Users/josnyder/dev/LEAF/leaf/Src/leaf-filters.c:2647:6:tVZFilterHS_setGain	8	static
/Users/josnyder/dev/LEAF/leaf/Src/leaf-filters.c:2656:6:tVZFilterHS_setResonance	0	static
/Users/josnyder/dev/LEAF/leaf/Src/leaf-filters.c:2665:6:tVZFilterHS_setFreqFastAndResonanceAndGain	16	static
/Users/josnyder/dev/LEAF/leaf/Src/leaf-filters.c:2707:6:tVZFilterBell_initToPool	40	static
/Users/josnyder/dev/LEAF/leaf/Src/leaf-filters.c:2701:6:tVZFilterBell_init	8	static
/Users/josnyder/dev/LEAF/leaf/Src/leaf-filters.c:2742:6:tVZFilterBell_free	8	static
/Users/josnyder/dev/LEAF/leaf/Src/leaf-filters.c:2748:6:tVZFilterBell_setSampleRate	0	static
/Users/josnyder/dev/LEAF/leaf/Src/leaf-filters.c:2760:8:tVZFilterBell_tick	0	static
/Users/josnyder/dev/LEAF/leaf/Src/leaf-filters.c:2782:6:tVZFilterBell_setBandwidth	0	static
/Users/josnyder/dev/LEAF/leaf/Src/leaf-filters.c:2794:6:tVZFilterBell_setFreq	24	static
/Users/josnyder/dev/LEAF/leaf/Src/leaf-filters.c:2809:6:tVZFilterBell_setFreqFast	16	static
/Users/josnyder/dev/LEAF/leaf/Src/leaf-filters.c:2842:6:tVZFilterBell_setFreqAndGainFast	16	static
/Users/josnyder/dev/LEAF/leaf/Src/leaf-filters.c:2878:6:tVZFilterBell_setGain	16	static
/Users/josnyder/dev/LEAF/leaf/Src/leaf-filters.c:2886:6:tVZFilterBell_setFrequencyAndGain	16	static
/Users/josnyder/dev/LEAF/leaf/Src/leaf-filters.c:2902:6:tVZFilterBell_setFrequencyAndBandwidthAndGain	16	static
/Users/josnyder/dev/LEAF/leaf/Src/leaf-filters.c:2919:6:tVZFilterBell_setFreqAndBWAndGainFast	16	static
/Users/josnyder/dev/LEAF/leaf/Src/leaf-filters.c:2966:6:tVZFilterBR_initToPool	32	static
/Users/josnyder/dev/LEAF/leaf/Src/leaf-filters.c:2961:6:tVZFilterBR_init	8	static
/Users/josnyder/dev/LEAF/leaf/Src/leaf-filters.c:2993:6:tVZFilterBR_free	8	static
/Users/josnyder/dev/LEAF/leaf/Src/leaf-filters.c:2999:6:tVZFilterBR_setSampleRate	0	static
/Users/josnyder/dev/LEAF/leaf/Src/leaf-filters.c:3011:8:tVZFilterBR_tick	0	static
/Users/josnyder/dev/LEAF/leaf/Src/leaf-filters.c:3031:6:tVZFilterBR_setFreqFast	0	static
/Users/josnyder/dev/LEAF/leaf/Src/leaf-filters.c:3049:6:tVZFilterBR_setGain	0	static
/Users/josnyder/dev/LEAF/leaf/Src/leaf-filters.c:3054:6:tVZFilterBR_setFreq	8	static
/Users/josnyder/dev/LEAF/leaf/Src/leaf-filters.c:3062:6:tVZFilterBR_setResonance	0	static
/Users/josnyder/dev/LEAF/leaf/Src/leaf-filters.c:3069:6:tVZFilterBR_setFreqAndResonanceFast	0	static
/Users/josnyder/dev/LEAF/leaf/Src/leaf-filters.c:3104:6:tDiodeFilter_initToPool	24	static
/Users/josnyder/dev/LEAF/leaf/Src/leaf-filters.c:3098:6:tDiodeFilter_init	8	static
/Users/josnyder/dev/LEAF/leaf/Src/leaf-filters.c:3138:6:tDiodeFilter_free	8	static
/Users/josnyder/dev/LEAF/leaf/Src/leaf-filters.c:3144:8:tanhXdX	0	static
/Users/josnyder/dev/LEAF/leaf/Src/leaf-filters.c:3161:8:tDiodeFilter_tick	56	static
/Users/josnyder/dev/LEAF/leaf/Src/leaf-filters.c:3218:8:tDiodeFilter_tickEfficient	56	static
/Users/josnyder/dev/LEAF/leaf/Src/leaf-filters.c:3277:6:tDiodeFilter_setFreq	8	static
/Users/josnyder/dev/LEAF/leaf/Src/leaf-filters.c:3283:6:tDiodeFilter_setFreqFast	0	static
/Users/josnyder/dev/LEAF/leaf/Src/leaf-filters.c:3300:6:tDiodeFilter_setQ	0	static
/Users/josnyder/dev/LEAF/leaf/Src/leaf-filters.c:3306:6:tDiodeFilter_setSampleRate	0	static
/Users/josnyder/dev/LEAF/leaf/Src/leaf-filters.c:3328:6:tLadderFilter_initToPool	24	static
/Users/josnyder/dev/LEAF/leaf/Src/leaf-filters.c:3322:6:tLadderFilter_init	8	static
/Users/josnyder/dev/LEAF/leaf/Src/leaf-filters.c:3367:6:tLadderFilter_free	8	static
/Users/josnyder/dev/LEAF/leaf/Src/leaf-filters.c:3373:8:smoothABS	16	static
/Users/josnyder/dev/LEAF/leaf/Src/leaf-filters.c:3387:8:smoothclip	32	static
/Users/josnyder/dev/LEAF/leaf/Src/leaf-filters.c:3397:8:tanhd	0	static
/Users/josnyder/dev/LEAF/leaf/Src/leaf-filters.c:3402:8:tLadderFilter_tick	72	static
/Users/josnyder/dev/LEAF/leaf/Src/leaf-filters.c:3463:6:tLadderFilter_setFreq	8	static
/Users/josnyder/dev/LEAF/leaf/Src/leaf-filters.c:3470:6:tLadderFilter_setFreqFast	0	static
/Users/josnyder/dev/LEAF/leaf/Src/leaf-filters.c:3489:6:tLadderFilter_setQ	0	static
/Users/josnyder/dev/LEAF/leaf/Src/leaf-filters.c:3494:6:tLadderFilter_setSampleRate	0	static
/Users/josnyder/dev/LEAF/leaf/Src/leaf-filters.c:3506:6:tLadderFilter_setOversampling	0	static
/Users/josnyder/dev/LEAF/leaf/Src/leaf-filters.c:3530:6:tTiltFilter_initToPool	24	static
/Users/josnyder/dev/LEAF/leaf/Src/leaf-filters.c:3525:6:tTiltFilter_init	8	static
/Users/josnyder/dev/LEAF/leaf/Src/leaf-filters.c:3549:6:tTiltFilter_free	8	static
/Users/josnyder/dev/LEAF/leaf/Src/leaf-filters.c:3556:8:tTiltFilter_tick	0	static
/Users/josnyder/dev/LEAF/leaf/Src/leaf-filters.c:3562:6:tTiltFilter_setTilt	24	static
/Users/josnyder/dev/LEAF/leaf/Src/leaf-filters.c:3579:6:tTiltFilter_setSampleRate	0	static
