/Users/josnyder/dev/LEAF/leaf/Src/leaf-physical.c:23:10:pickupNonLinearity	0	static
/Users/josnyder/dev/LEAF/leaf/Src/leaf-physical.c:33:8:tPickupNonLinearity_init	16	static
/Users/josnyder/dev/LEAF/leaf/Src/leaf-physical.c:37:8:tPickupNonLinearity_initToPool	16	static
/Users/josnyder/dev/LEAF/leaf/Src/leaf-physical.c:44:8:tPickupNonLinearity_free	0	static
/Users/josnyder/dev/LEAF/leaf/Src/leaf-physical.c:49:10:tPickupNonLinearity_tick	0	static
/Users/josnyder/dev/LEAF/leaf/Src/leaf-physical.c:64:9:tPluck_initToPool	32	static
/Users/josnyder/dev/LEAF/leaf/Src/leaf-physical.c:59:9:tPluck_init	0	static
/Users/josnyder/dev/LEAF/leaf/Src/leaf-physical.c:87:9:tPluck_free	8	static
/Users/josnyder/dev/LEAF/leaf/Src/leaf-physical.c:99:10:tPluck_getLastOut	0	static
/Users/josnyder/dev/LEAF/leaf/Src/leaf-physical.c:104:10:tPluck_tick	16	static
/Users/josnyder/dev/LEAF/leaf/Src/leaf-physical.c:109:9:tPluck_pluck	32	static
/Users/josnyder/dev/LEAF/leaf/Src/leaf-physical.c:123:9:tPluck_noteOn	24	static
/Users/josnyder/dev/LEAF/leaf/Src/leaf-physical.c:131:9:tPluck_noteOff	0	static
/Users/josnyder/dev/LEAF/leaf/Src/leaf-physical.c:140:9:tPluck_setFrequency	24	static
/Users/josnyder/dev/LEAF/leaf/Src/leaf-physical.c:155:9:tPluck_controlChange	0	static
/Users/josnyder/dev/LEAF/leaf/Src/leaf-physical.c:160:6:tPluck_setSampleRate	24	static
/Users/josnyder/dev/LEAF/leaf/Src/leaf-physical.c:215:9:tKarplusStrong_free	8	static
/Users/josnyder/dev/LEAF/leaf/Src/leaf-physical.c:232:10:tKarplusStrong_getLastOut	0	static
/Users/josnyder/dev/LEAF/leaf/Src/leaf-physical.c:237:10:tKarplusStrong_tick	24	static
/Users/josnyder/dev/LEAF/leaf/Src/leaf-physical.c:254:9:tKarplusStrong_pluck	32	static
/Users/josnyder/dev/LEAF/leaf/Src/leaf-physical.c:277:9:tKarplusStrong_noteOff	0	static
/Users/josnyder/dev/LEAF/leaf/Src/leaf-physical.c:305:9:tKarplusStrong_setStretch	40	static
/Users/josnyder/dev/LEAF/leaf/Src/leaf-physical.c:286:9:tKarplusStrong_setFrequency	16	static
/Users/josnyder/dev/LEAF/leaf/Src/leaf-physical.c:270:9:tKarplusStrong_noteOn	32	static
/Users/josnyder/dev/LEAF/leaf/Src/leaf-physical.c:179:9:tKarplusStrong_initToPool	32	static
/Users/josnyder/dev/LEAF/leaf/Src/leaf-physical.c:174:9:tKarplusStrong_init	0	static
/Users/josnyder/dev/LEAF/leaf/Src/leaf-physical.c:330:9:tKarplusStrong_setPickupPosition	0	static
/Users/josnyder/dev/LEAF/leaf/Src/leaf-physical.c:340:9:tKarplusStrong_setBaseLoopGain	0	static
/Users/josnyder/dev/LEAF/leaf/Src/leaf-physical.c:348:9:tKarplusStrong_controlChange	0	static
/Users/josnyder/dev/LEAF/leaf/Src/leaf-physical.c:363:9:tKarplusStrong_setSampleRate	24	static
/Users/josnyder/dev/LEAF/leaf/Src/leaf-physical.c:393:9:tSimpleLivingString_initToPool	48	static
/Users/josnyder/dev/LEAF/leaf/Src/leaf-physical.c:386:9:tSimpleLivingString_init	0	static
/Users/josnyder/dev/LEAF/leaf/Src/leaf-physical.c:415:9:tSimpleLivingString_free	8	static
/Users/josnyder/dev/LEAF/leaf/Src/leaf-physical.c:428:10:tSimpleLivingString_setFreq	0	static
/Users/josnyder/dev/LEAF/leaf/Src/leaf-physical.c:436:10:tSimpleLivingString_setWaveLength	0	static
/Users/josnyder/dev/LEAF/leaf/Src/leaf-physical.c:444:10:tSimpleLivingString_setDampFreq	0	static
/Users/josnyder/dev/LEAF/leaf/Src/leaf-physical.c:449:10:tSimpleLivingString_setDecay	0	static
/Users/josnyder/dev/LEAF/leaf/Src/leaf-physical.c:454:10:tSimpleLivingString_setTargetLev	0	static
/Users/josnyder/dev/LEAF/leaf/Src/leaf-physical.c:459:10:tSimpleLivingString_setLevSmoothFactor	0	static
/Users/josnyder/dev/LEAF/leaf/Src/leaf-physical.c:464:10:tSimpleLivingString_setLevStrength	0	static
/Users/josnyder/dev/LEAF/leaf/Src/leaf-physical.c:469:10:tSimpleLivingString_setLevMode	16	static
/Users/josnyder/dev/LEAF/leaf/Src/leaf-physical.c:475:10:tSimpleLivingString_tick	24	static
/Users/josnyder/dev/LEAF/leaf/Src/leaf-physical.c:485:10:tSimpleLivingString_sample	0	static
/Users/josnyder/dev/LEAF/leaf/Src/leaf-physical.c:490:8:tSimpleLivingString_setSampleRate	8	static
/Users/josnyder/dev/LEAF/leaf/Src/leaf-physical.c:510:9:tSimpleLivingString2_initToPool	56	static
/Users/josnyder/dev/LEAF/leaf/Src/leaf-physical.c:503:9:tSimpleLivingString2_init	0	static
/Users/josnyder/dev/LEAF/leaf/Src/leaf-physical.c:533:9:tSimpleLivingString2_free	8	static
/Users/josnyder/dev/LEAF/leaf/Src/leaf-physical.c:546:10:tSimpleLivingString2_setFreq	0	static
/Users/josnyder/dev/LEAF/leaf/Src/leaf-physical.c:554:10:tSimpleLivingString2_setWaveLength	0	static
/Users/josnyder/dev/LEAF/leaf/Src/leaf-physical.c:562:10:tSimpleLivingString2_setBrightness	0	static
/Users/josnyder/dev/LEAF/leaf/Src/leaf-physical.c:569:10:tSimpleLivingString2_setDecay	0	static
/Users/josnyder/dev/LEAF/leaf/Src/leaf-physical.c:574:10:tSimpleLivingString2_setTargetLev	0	static
/Users/josnyder/dev/LEAF/leaf/Src/leaf-physical.c:579:10:tSimpleLivingString2_setLevSmoothFactor	0	static
/Users/josnyder/dev/LEAF/leaf/Src/leaf-physical.c:584:10:tSimpleLivingString2_setLevStrength	0	static
/Users/josnyder/dev/LEAF/leaf/Src/leaf-physical.c:589:10:tSimpleLivingString2_setLevMode	16	static
/Users/josnyder/dev/LEAF/leaf/Src/leaf-physical.c:595:10:tSimpleLivingString2_tick	24	static
/Users/josnyder/dev/LEAF/leaf/Src/leaf-physical.c:606:10:tSimpleLivingString2_sample	0	static
/Users/josnyder/dev/LEAF/leaf/Src/leaf-physical.c:611:8:tSimpleLivingString2_setSampleRate	8	static
/Users/josnyder/dev/LEAF/leaf/Src/leaf-physical.c:629:9:tLivingString_initToPool	64	static
/Users/josnyder/dev/LEAF/leaf/Src/leaf-physical.c:622:9:tLivingString_init	0	static
/Users/josnyder/dev/LEAF/leaf/Src/leaf-physical.c:678:9:tSimpleLivingString3_initToPool	64	static
/Users/josnyder/dev/LEAF/leaf/Src/leaf-physical.c:671:9:tSimpleLivingString3_init	0	static
/Users/josnyder/dev/LEAF/leaf/Src/leaf-physical.c:731:9:tSimpleLivingString3_free	8	static
/Users/josnyder/dev/LEAF/leaf/Src/leaf-physical.c:746:10:tSimpleLivingString3_setFreq	8	static
/Users/josnyder/dev/LEAF/leaf/Src/leaf-physical.c:763:10:tSimpleLivingString3_setWaveLength	0	static
/Users/josnyder/dev/LEAF/leaf/Src/leaf-physical.c:771:10:tSimpleLivingString3_setDampFreq	0	static
/Users/josnyder/dev/LEAF/leaf/Src/leaf-physical.c:780:10:tSimpleLivingString3_setDecay	16	static
/Users/josnyder/dev/LEAF/leaf/Src/leaf-physical.c:792:10:tSimpleLivingString3_setTargetLev	0	static
/Users/josnyder/dev/LEAF/leaf/Src/leaf-physical.c:797:10:tSimpleLivingString3_setLevSmoothFactor	0	static
/Users/josnyder/dev/LEAF/leaf/Src/leaf-physical.c:802:10:tSimpleLivingString3_setLevStrength	0	static
/Users/josnyder/dev/LEAF/leaf/Src/leaf-physical.c:807:10:tSimpleLivingString3_setLevMode	16	static
/Users/josnyder/dev/LEAF/leaf/Src/leaf-physical.c:813:8:tSimpleLivingString3_pluck	40	static
/Users/josnyder/dev/LEAF/leaf/Src/leaf-physical.c:850:10:tSimpleLivingString3_tick	40	static
/Users/josnyder/dev/LEAF/leaf/Src/leaf-physical.c:905:8:tSimpleLivingString3_setPickupPoint	0	static
/Users/josnyder/dev/LEAF/leaf/Src/leaf-physical.c:911:10:tSimpleLivingString3_sample	0	static
/Users/josnyder/dev/LEAF/leaf/Src/leaf-physical.c:916:8:tSimpleLivingString3_setSampleRate	8	static
/Users/josnyder/dev/LEAF/leaf/Src/leaf-physical.c:938:9:tSimpleLivingString4_initToPool	72	static
/Users/josnyder/dev/LEAF/leaf/Src/leaf-physical.c:931:9:tSimpleLivingString4_init	0	static
/Users/josnyder/dev/LEAF/leaf/Src/leaf-physical.c:994:9:tSimpleLivingString4_free	8	static
/Users/josnyder/dev/LEAF/leaf/Src/leaf-physical.c:1009:10:tSimpleLivingString4_setFreq	8	static
/Users/josnyder/dev/LEAF/leaf/Src/leaf-physical.c:1026:10:tSimpleLivingString4_setWaveLength	0	static
/Users/josnyder/dev/LEAF/leaf/Src/leaf-physical.c:1034:10:tSimpleLivingString4_setDampFreq	0	static
/Users/josnyder/dev/LEAF/leaf/Src/leaf-physical.c:1043:10:tSimpleLivingString4_setDecay	16	static
/Users/josnyder/dev/LEAF/leaf/Src/leaf-physical.c:1053:10:tSimpleLivingString4_setTargetLev	0	static
/Users/josnyder/dev/LEAF/leaf/Src/leaf-physical.c:1058:10:tSimpleLivingString4_setLevSmoothFactor	0	static
/Users/josnyder/dev/LEAF/leaf/Src/leaf-physical.c:1063:10:tSimpleLivingString4_setLevStrength	0	static
/Users/josnyder/dev/LEAF/leaf/Src/leaf-physical.c:1068:10:tSimpleLivingString4_setLevMode	16	static
/Users/josnyder/dev/LEAF/leaf/Src/leaf-physical.c:1074:8:tSimpleLivingString4_setPluckPosition	0	static
/Users/josnyder/dev/LEAF/leaf/Src/leaf-physical.c:1080:8:tSimpleLivingString4_pluck	40	static
/Users/josnyder/dev/LEAF/leaf/Src/leaf-physical.c:1117:8:tSimpleLivingString4_pluckNoPosition	40	static
/Users/josnyder/dev/LEAF/leaf/Src/leaf-physical.c:1156:10:tSimpleLivingString4_tick	80	static
/Users/josnyder/dev/LEAF/leaf/Src/leaf-physical.c:1216:8:tSimpleLivingString4_setPickupPoint	0	static
/Users/josnyder/dev/LEAF/leaf/Src/leaf-physical.c:1222:10:tSimpleLivingString4_sample	0	static
/Users/josnyder/dev/LEAF/leaf/Src/leaf-physical.c:1227:8:tSimpleLivingString4_setSampleRate	8	static
/Users/josnyder/dev/LEAF/leaf/Src/leaf-physical.c:1250:9:tSimpleLivingString5_initToPool	72	static
/Users/josnyder/dev/LEAF/leaf/Src/leaf-physical.c:1243:9:tSimpleLivingString5_init	0	static
/Users/josnyder/dev/LEAF/leaf/Src/leaf-physical.c:1337:9:tSimpleLivingString5_free	8	static
/Users/josnyder/dev/LEAF/leaf/Src/leaf-physical.c:1364:10:tSimpleLivingString5_setFreq	8	static
/Users/josnyder/dev/LEAF/leaf/Src/leaf-physical.c:1381:10:tSimpleLivingString5_setWaveLength	0	static
/Users/josnyder/dev/LEAF/leaf/Src/leaf-physical.c:1389:10:tSimpleLivingString5_setDampFreq	16	static
/Users/josnyder/dev/LEAF/leaf/Src/leaf-physical.c:1399:10:tSimpleLivingString5_setDecay	0	static
/Users/josnyder/dev/LEAF/leaf/Src/leaf-physical.c:1410:8:tSimpleLivingString5_setPrepPosition	0	static
/Users/josnyder/dev/LEAF/leaf/Src/leaf-physical.c:1415:8:tSimpleLivingString5_setPrepIndex	0	static
/Users/josnyder/dev/LEAF/leaf/Src/leaf-physical.c:1421:10:tSimpleLivingString5_setTargetLev	16	static
/Users/josnyder/dev/LEAF/leaf/Src/leaf-physical.c:1427:10:tSimpleLivingString5_setLevSmoothFactor	16	static
/Users/josnyder/dev/LEAF/leaf/Src/leaf-physical.c:1433:10:tSimpleLivingString5_setLevStrength	16	static
/Users/josnyder/dev/LEAF/leaf/Src/leaf-physical.c:1439:10:tSimpleLivingString5_setLevMode	16	static
/Users/josnyder/dev/LEAF/leaf/Src/leaf-physical.c:1446:8:tSimpleLivingString5_setPluckPosition	0	static
/Users/josnyder/dev/LEAF/leaf/Src/leaf-physical.c:1454:8:tSimpleLivingString5_pluck	64	static
/Users/josnyder/dev/LEAF/leaf/Src/leaf-physical.c:1505:10:tSimpleLivingString5_tick	96	static
/Users/josnyder/dev/LEAF/leaf/Src/leaf-physical.c:1673:8:tSimpleLivingString5_setPickupPoint	0	static
/Users/josnyder/dev/LEAF/leaf/Src/leaf-physical.c:1680:10:tSimpleLivingString5_sample	0	static
/Users/josnyder/dev/LEAF/leaf/Src/leaf-physical.c:1685:8:tSimpleLivingString5_setSampleRate	8	static
/Users/josnyder/dev/LEAF/leaf/Src/leaf-physical.c:1697:8:tSimpleLivingString5_setFFAmount	0	static
/Users/josnyder/dev/LEAF/leaf/Src/leaf-physical.c:1703:9:tLivingString_free	8	static
/Users/josnyder/dev/LEAF/leaf/Src/leaf-physical.c:1725:10:tLivingString_setFreq	0	static
/Users/josnyder/dev/LEAF/leaf/Src/leaf-physical.c:1733:10:tLivingString_setWaveLength	0	static
/Users/josnyder/dev/LEAF/leaf/Src/leaf-physical.c:1741:10:tLivingString_setPickPos	0	static
/Users/josnyder/dev/LEAF/leaf/Src/leaf-physical.c:1749:10:tLivingString_setPrepIndex	0	static
/Users/josnyder/dev/LEAF/leaf/Src/leaf-physical.c:1756:10:tLivingString_setDampFreq	16	static
/Users/josnyder/dev/LEAF/leaf/Src/leaf-physical.c:1764:10:tLivingString_setDecay	0	static
/Users/josnyder/dev/LEAF/leaf/Src/leaf-physical.c:1769:10:tLivingString_setTargetLev	16	static
/Users/josnyder/dev/LEAF/leaf/Src/leaf-physical.c:1775:10:tLivingString_setLevSmoothFactor	16	static
/Users/josnyder/dev/LEAF/leaf/Src/leaf-physical.c:1781:10:tLivingString_setLevStrength	16	static
/Users/josnyder/dev/LEAF/leaf/Src/leaf-physical.c:1787:10:tLivingString_setLevMode	16	static
/Users/josnyder/dev/LEAF/leaf/Src/leaf-physical.c:1794:10:tLivingString_tick	40	static
/Users/josnyder/dev/LEAF/leaf/Src/leaf-physical.c:1828:10:tLivingString_sample	0	static
/Users/josnyder/dev/LEAF/leaf/Src/leaf-physical.c:1833:8:tLivingString_setSampleRate	8	static
/Users/josnyder/dev/LEAF/leaf/Src/leaf-physical.c:1861:9:tLivingString2_initToPool	72	static
/Users/josnyder/dev/LEAF/leaf/Src/leaf-physical.c:1854:9:tLivingString2_init	0	static
/Users/josnyder/dev/LEAF/leaf/Src/leaf-physical.c:1906:9:tLivingString2_free	8	static
/Users/josnyder/dev/LEAF/leaf/Src/leaf-physical.c:1930:10:tLivingString2_setFreq	0	static
/Users/josnyder/dev/LEAF/leaf/Src/leaf-physical.c:1940:10:tLivingString2_setWaveLength	0	static
/Users/josnyder/dev/LEAF/leaf/Src/leaf-physical.c:1950:10:tLivingString2_setPickPos	0	static
/Users/josnyder/dev/LEAF/leaf/Src/leaf-physical.c:1958:10:tLivingString2_setPrepPos	0	static
/Users/josnyder/dev/LEAF/leaf/Src/leaf-physical.c:1966:10:tLivingString2_setPickupPos	0	static
/Users/josnyder/dev/LEAF/leaf/Src/leaf-physical.c:1974:10:tLivingString2_setPrepIndex	0	static
/Users/josnyder/dev/LEAF/leaf/Src/leaf-physical.c:1981:10:tLivingString2_setBrightness	16	static
/Users/josnyder/dev/LEAF/leaf/Src/leaf-physical.c:1992:10:tLivingString2_setDecay	8	static
/Users/josnyder/dev/LEAF/leaf/Src/leaf-physical.c:1997:10:tLivingString2_setTargetLev	16	static
/Users/josnyder/dev/LEAF/leaf/Src/leaf-physical.c:2003:10:tLivingString2_setLevSmoothFactor	16	static
/Users/josnyder/dev/LEAF/leaf/Src/leaf-physical.c:2009:10:tLivingString2_setLevStrength	16	static
/Users/josnyder/dev/LEAF/leaf/Src/leaf-physical.c:2015:10:tLivingString2_setLevMode	16	static
/Users/josnyder/dev/LEAF/leaf/Src/leaf-physical.c:2022:10:tLivingString2_tick	56	static
/Users/josnyder/dev/LEAF/leaf/Src/leaf-physical.c:2173:10:tLivingString2_tickEfficient	40	static
/Users/josnyder/dev/LEAF/leaf/Src/leaf-physical.c:2234:6:tLivingString2_updateDelays	16	static
/Users/josnyder/dev/LEAF/leaf/Src/leaf-physical.c:2247:10:tLivingString2_sample	0	static
/Users/josnyder/dev/LEAF/leaf/Src/leaf-physical.c:2252:9:tLivingString2_setSampleRate	8	static
/Users/josnyder/dev/LEAF/leaf/Src/leaf-physical.c:2277:9:tComplexLivingString_initToPool	72	static
/Users/josnyder/dev/LEAF/leaf/Src/leaf-physical.c:2270:9:tComplexLivingString_init	0	static
/Users/josnyder/dev/LEAF/leaf/Src/leaf-physical.c:2325:9:tComplexLivingString_free	8	static
/Users/josnyder/dev/LEAF/leaf/Src/leaf-physical.c:2350:10:tComplexLivingString_setFreq	0	static
/Users/josnyder/dev/LEAF/leaf/Src/leaf-physical.c:2358:10:tComplexLivingString_setWaveLength	0	static
/Users/josnyder/dev/LEAF/leaf/Src/leaf-physical.c:2366:10:tComplexLivingString_setPickPos	0	static
/Users/josnyder/dev/LEAF/leaf/Src/leaf-physical.c:2374:10:tComplexLivingString_setPrepPos	0	static
/Users/josnyder/dev/LEAF/leaf/Src/leaf-physical.c:2382:10:tComplexLivingString_setPrepIndex	0	static
/Users/josnyder/dev/LEAF/leaf/Src/leaf-physical.c:2389:10:tComplexLivingString_setDampFreq	16	static
/Users/josnyder/dev/LEAF/leaf/Src/leaf-physical.c:2397:10:tComplexLivingString_setDecay	0	static
/Users/josnyder/dev/LEAF/leaf/Src/leaf-physical.c:2402:10:tComplexLivingString_setTargetLev	16	static
/Users/josnyder/dev/LEAF/leaf/Src/leaf-physical.c:2408:10:tComplexLivingString_setLevSmoothFactor	16	static
/Users/josnyder/dev/LEAF/leaf/Src/leaf-physical.c:2414:10:tComplexLivingString_setLevStrength	16	static
/Users/josnyder/dev/LEAF/leaf/Src/leaf-physical.c:2420:10:tComplexLivingString_setLevMode	16	static
/Users/josnyder/dev/LEAF/leaf/Src/leaf-physical.c:2427:10:tComplexLivingString_tick	48	static
/Users/josnyder/dev/LEAF/leaf/Src/leaf-physical.c:2487:10:tComplexLivingString_sample	0	static
/Users/josnyder/dev/LEAF/leaf/Src/leaf-physical.c:2492:9:tComplexLivingString_setSampleRate	8	static
/Users/josnyder/dev/LEAF/leaf/Src/leaf-physical.c:2511:9:tBowed_initToPool	32	static
/Users/josnyder/dev/LEAF/leaf/Src/leaf-physical.c:2507:9:tBowed_init	0	static
/Users/josnyder/dev/LEAF/leaf/Src/leaf-physical.c:2547:9:tBowed_free	8	static
/Users/josnyder/dev/LEAF/leaf/Src/leaf-physical.c:2556:10:tBowed_tick	48	static
/Users/josnyder/dev/LEAF/leaf/Src/leaf-physical.c:2591:9:tBowed_setFreq	8	static
/Users/josnyder/dev/LEAF/leaf/Src/leaf-physical.c:2606:9:tTString_initToPool	64	static
/Users/josnyder/dev/LEAF/leaf/Src/leaf-physical.c:2602:9:tTString_init	0	static
/Users/josnyder/dev/LEAF/leaf/Src/leaf-physical.c:2745:9:tTString_free	8	static
/Users/josnyder/dev/LEAF/leaf/Src/leaf-physical.c:2783:10:tTString_tick	104	static
/Users/josnyder/dev/LEAF/leaf/Src/leaf-physical.c:3071:9:tTString_setFreq	16	static
/Users/josnyder/dev/LEAF/leaf/Src/leaf-physical.c:3094:9:tTString_setDecay	4	static
/Users/josnyder/dev/LEAF/leaf/Src/leaf-physical.c:3110:9:tTString_setDecayInSeconds	4	static
/Users/josnyder/dev/LEAF/leaf/Src/leaf-physical.c:3126:9:tTString_setPickupPos	0	static
/Users/josnyder/dev/LEAF/leaf/Src/leaf-physical.c:3131:9:tTString_setPickupAmount	0	static
/Users/josnyder/dev/LEAF/leaf/Src/leaf-physical.c:3136:9:tTString_setPickupModAmp	0	static
/Users/josnyder/dev/LEAF/leaf/Src/leaf-physical.c:3142:9:tTString_setPickupModFreq	0	static
/Users/josnyder/dev/LEAF/leaf/Src/leaf-physical.c:3150:9:tTString_mute	4	static
/Users/josnyder/dev/LEAF/leaf/Src/leaf-physical.c:3161:9:tTString_setFilter	16	static
/Users/josnyder/dev/LEAF/leaf/Src/leaf-physical.c:3185:9:tTString_setFilterFreqDirectly	16	static
/Users/josnyder/dev/LEAF/leaf/Src/leaf-physical.c:3202:8:tTString_setTensionGain	0	static
/Users/josnyder/dev/LEAF/leaf/Src/leaf-physical.c:3208:8:tTString_setBarDrive	0	static
/Users/josnyder/dev/LEAF/leaf/Src/leaf-physical.c:3213:8:tTString_setBarPosition	0	static
/Users/josnyder/dev/LEAF/leaf/Src/leaf-physical.c:3219:8:tTString_setOpenStringFrequency	0	static
/Users/josnyder/dev/LEAF/leaf/Src/leaf-physical.c:3224:8:tTString_setPickupRatio	0	static
/Users/josnyder/dev/LEAF/leaf/Src/leaf-physical.c:3229:8:tTString_setPhantomHarmonicsGain	0	static
/Users/josnyder/dev/LEAF/leaf/Src/leaf-physical.c:3234:8:tTString_setSlideGain	0	static
/Users/josnyder/dev/LEAF/leaf/Src/leaf-physical.c:3239:8:tTString_setTensionSpeed	0	static
/Users/josnyder/dev/LEAF/leaf/Src/leaf-physical.c:3245:8:tTString_setRippleDepth	16	static
/Users/josnyder/dev/LEAF/leaf/Src/leaf-physical.c:3254:8:tTString_setHarmonic	0	static
/Users/josnyder/dev/LEAF/leaf/Src/leaf-physical.c:3259:8:tTString_setFeedbackStrength	16	static
/Users/josnyder/dev/LEAF/leaf/Src/leaf-physical.c:3267:8:tTString_setFeedbackReactionSpeed	16	static
/Users/josnyder/dev/LEAF/leaf/Src/leaf-physical.c:3274:9:tTString_pluck	72	static
/Users/josnyder/dev/LEAF/leaf/Src/leaf-physical.c:3329:9:tTString_setWavelength	0	static
/Users/josnyder/dev/LEAF/leaf/Src/leaf-physical.c:3336:9:tTString_setHarmonicity	16	static
/Users/josnyder/dev/LEAF/leaf/Src/leaf-physical.c:3342:9:tTString_setInharmonic	0	static
/Users/josnyder/dev/LEAF/leaf/Src/leaf-physical.c:3347:9:tTString_setWoundOrUnwound	8	static
/Users/josnyder/dev/LEAF/leaf/Src/leaf-physical.c:3365:9:tTString_setWindingsPerInch	0	static
/Users/josnyder/dev/LEAF/leaf/Src/leaf-physical.c:3370:9:tTString_setPickupFilterFreq	0	static
/Users/josnyder/dev/LEAF/leaf/Src/leaf-physical.c:3375:9:tTString_setPickupFilterQ	0	static
/Users/josnyder/dev/LEAF/leaf/Src/leaf-physical.c:3381:9:tTString_setPeakFilterFreq	0	static
/Users/josnyder/dev/LEAF/leaf/Src/leaf-physical.c:3386:9:tTString_setPeakFilterQ	0	static
/Users/josnyder/dev/LEAF/leaf/Src/leaf-physical.c:3395:9:tBowTable_init	16	static
/Users/josnyder/dev/LEAF/leaf/Src/leaf-physical.c:3399:9:tBowTable_initToPool	16	static
/Users/josnyder/dev/LEAF/leaf/Src/leaf-physical.c:3409:9:tBowTable_free	0	static
/Users/josnyder/dev/LEAF/leaf/Src/leaf-physical.c:3415:11:tBowTable_lookup	0	static
/Users/josnyder/dev/LEAF/leaf/Src/leaf-physical.c:3429:9:tReedTable_init	24	static
/Users/josnyder/dev/LEAF/leaf/Src/leaf-physical.c:3434:9:tReedTable_initToPool	24	static
/Users/josnyder/dev/LEAF/leaf/Src/leaf-physical.c:3444:9:tReedTable_free	0	static
/Users/josnyder/dev/LEAF/leaf/Src/leaf-physical.c:3451:10:tReedTable_tick	0	static
/Users/josnyder/dev/LEAF/leaf/Src/leaf-physical.c:3468:10:tReedTable_tanh_tick	0	static
/Users/josnyder/dev/LEAF/leaf/Src/leaf-physical.c:3478:10:tReedTable_setOffset	0	static
/Users/josnyder/dev/LEAF/leaf/Src/leaf-physical.c:3483:10:tReedTable_setSlope	0	static
/Users/josnyder/dev/LEAF/leaf/Src/leaf-physical.c:3495:9:tStiffString_initToPool	40	static
/Users/josnyder/dev/LEAF/leaf/Src/leaf-physical.c:3490:9:tStiffString_init	0	static
/Users/josnyder/dev/LEAF/leaf/Src/leaf-physical.c:3540:9:tStiffString_free	16	static
/Users/josnyder/dev/LEAF/leaf/Src/leaf-physical.c:3557:6:tStiffString_updateOscillators	48	static
/Users/josnyder/dev/LEAF/leaf/Src/leaf-physical.c:3595:6:tStiffString_updateOutputWeights	32	static
/Users/josnyder/dev/LEAF/leaf/Src/leaf-physical.c:3618:10:tStiffString_tick	24	static
/Users/josnyder/dev/LEAF/leaf/Src/leaf-physical.c:3629:6:tStiffString_setStiffness	0	static
/Users/josnyder/dev/LEAF/leaf/Src/leaf-physical.c:3634:6:tStiffString_setPickupPos	32	static
/Users/josnyder/dev/LEAF/leaf/Src/leaf-physical.c:3640:6:tStiffString_setPluckPos	32	static
/Users/josnyder/dev/LEAF/leaf/Src/leaf-physical.c:3647:6:tStiffString_setFreq	0	static
/Users/josnyder/dev/LEAF/leaf/Src/leaf-physical.c:3653:6:tStiffString_setDecay	0	static
/Users/josnyder/dev/LEAF/leaf/Src/leaf-physical.c:3659:6:tStiffString_setDecayHighFreq	0	static
/Users/josnyder/dev/LEAF/leaf/Src/leaf-physical.c:3665:6:tStiffString_mute	0	static
/Users/josnyder/dev/LEAF/leaf/Src/leaf-physical.c:3670:6:tStiffString_pluck	48	static
/Users/josnyder/dev/LEAF/leaf/Src/leaf-physical.c:3693:6:tStiffString_setSampleRate	0	static
/Users/josnyder/dev/LEAF/leaf/Src/leaf-physical.c:3701:6:tStiffString_setStiffnessNoUpdate	0	static
/Users/josnyder/dev/LEAF/leaf/Src/leaf-physical.c:3707:6:tStiffString_setPickupPosNoUpdate	0	static
/Users/josnyder/dev/LEAF/leaf/Src/leaf-physical.c:3712:6:tStiffString_setPluckPosNoUpdate	0	static
/Users/josnyder/dev/LEAF/leaf/Src/leaf-physical.c:3718:6:tStiffString_setFreqNoUpdate	0	static
/Users/josnyder/dev/LEAF/leaf/Src/leaf-physical.c:3723:6:tStiffString_setDecayNoUpdate	0	static
/Users/josnyder/dev/LEAF/leaf/Src/leaf-physical.c:3728:6:tStiffString_setDecayHighFreqNoUpdate	0	static
/Users/josnyder/dev/LEAF/leaf/Src/leaf-physical.c:3734:6:tStiffString_pluckNoUpdate	40	static
/Users/josnyder/dev/LEAF/leaf/Src/leaf-physical.c:3763:9:tStereoRotation_initToPool	32	static
/Users/josnyder/dev/LEAF/leaf/Src/leaf-physical.c:3757:9:tStereoRotation_init	0	static
/Users/josnyder/dev/LEAF/leaf/Src/leaf-physical.c:3787:9:tStereoRotation_tick	32	static
/Users/josnyder/dev/LEAF/leaf/Src/leaf-physical.c:3816:9:tStereoRotation_tickIn	24	static
/Users/josnyder/dev/LEAF/leaf/Src/leaf-physical.c:3835:9:tStereoRotation_tickOut	24	static
/Users/josnyder/dev/LEAF/leaf/Src/leaf-physical.c:3852:9:tStereoRotation_setAngle	0	static
/Users/josnyder/dev/LEAF/leaf/Src/leaf-physical.c:3857:9:tStereoRotation_setDelayX	0	static
/Users/josnyder/dev/LEAF/leaf/Src/leaf-physical.c:3862:9:tStereoRotation_setDelayY	0	static
/Users/josnyder/dev/LEAF/leaf/Src/leaf-physical.c:3868:9:tStereoRotation_setFeedbackX	0	static
/Users/josnyder/dev/LEAF/leaf/Src/leaf-physical.c:3872:9:tStereoRotation_setFeedbackY	0	static
/Users/josnyder/dev/LEAF/leaf/Src/leaf-physical.c:3877:9:tStereoRotation_setFilterX	0	static
/Users/josnyder/dev/LEAF/leaf/Src/leaf-physical.c:3882:9:tStereoRotation_setFilterY	0	static
/Users/josnyder/dev/LEAF/leaf/Src/leaf-physical.c:3888:9:tStereoRotation_setGain	0	static
/Users/josnyder/dev/LEAF/leaf/Src/leaf-physical.c:3901:9:tPattiString_initToPool	32	static
/Users/josnyder/dev/LEAF/leaf/Src/leaf-physical.c:3895:9:tPattiString_init	0	static
/Users/josnyder/dev/LEAF/leaf/Src/leaf-physical.c:3984:11:tPattiString_tick	48	static
/Users/josnyder/dev/LEAF/leaf/Src/leaf-physical.c:4109:9:tPattiString_setPickupPos	0	static
/Users/josnyder/dev/LEAF/leaf/Src/leaf-physical.c:4115:9:tPattiString_setPickupFilterAmount	0	static
/Users/josnyder/dev/LEAF/leaf/Src/leaf-physical.c:4121:9:tPattiString_setNonlinearityAmount	0	static
/Users/josnyder/dev/LEAF/leaf/Src/leaf-physical.c:4127:9:tPattiString_setVerticalGain	0	static
/Users/josnyder/dev/LEAF/leaf/Src/leaf-physical.c:4132:9:tPattiString_setHorizontalGain	0	static
/Users/josnyder/dev/LEAF/leaf/Src/leaf-physical.c:4137:6:tPattiString_setFullStringFreq	0	static
/Users/josnyder/dev/LEAF/leaf/Src/leaf-physical.c:4143:6:tPattiString_setFreq	16	static
/Users/josnyder/dev/LEAF/leaf/Src/leaf-physical.c:4167:6:tPattiString_setDecay	16	static
/Users/josnyder/dev/LEAF/leaf/Src/leaf-physical.c:4182:6:tPattiString_setBrightness	0	static
/Users/josnyder/dev/LEAF/leaf/Src/leaf-physical.c:4189:6:tPattiString_setNonlinearScalingV	8	static
/Users/josnyder/dev/LEAF/leaf/Src/leaf-physical.c:4196:6:tPattiString_setNonlinearScalingH	8	static
/Users/josnyder/dev/LEAF/leaf/Src/leaf-physical.c:4209:6:tPattiString_mute	0	static
/Users/josnyder/dev/LEAF/leaf/Src/leaf-physical.c:4219:8:tPattiString_pluck	48	static
/Users/josnyder/dev/LEAF/leaf/Src/leaf-physical.c:4272:6:tPattiString_setPickupWidth	8	static
/Users/josnyder/dev/LEAF/leaf/Src/leaf-physical.c:4292:6:tPattiString_setPluckPos	0	static
