/Users/josnyder/dev/LEAF/leaf/Src/leaf-oscillators.c:50:9:tCycle_init	16	static
/Users/josnyder/dev/LEAF/leaf/Src/leaf-oscillators.c:55:9:tCycle_initToPool	16	static
/Users/josnyder/dev/LEAF/leaf/Src/leaf-oscillators.c:68:9:tCycle_free	0	static
/Users/josnyder/dev/LEAF/leaf/Src/leaf-oscillators.c:76:10:tCycle_tick	0	static
/Users/josnyder/dev/LEAF/leaf/Src/leaf-oscillators.c:96:10:tCycle_setFreq	0	static
/Users/josnyder/dev/LEAF/leaf/Src/leaf-oscillators.c:105:9:tCycle_setPhase	0	static
/Users/josnyder/dev/LEAF/leaf/Src/leaf-oscillators.c:113:10:tCycle_setSampleRate	0	static
/Users/josnyder/dev/LEAF/leaf/Src/leaf-oscillators.c:124:8:tTriangle_init	32	static
/Users/josnyder/dev/LEAF/leaf/Src/leaf-oscillators.c:129:9:tTriangle_initToPool	32	static
/Users/josnyder/dev/LEAF/leaf/Src/leaf-oscillators.c:144:9:tTriangle_free	0	static
/Users/josnyder/dev/LEAF/leaf/Src/leaf-oscillators.c:151:10:tTriangle_tick	4	static
/Users/josnyder/dev/LEAF/leaf/Src/leaf-oscillators.c:177:6:tTriangle_setFreq	16	static
/Users/josnyder/dev/LEAF/leaf/Src/leaf-oscillators.c:192:6:tTriangle_setPhase	0	static
/Users/josnyder/dev/LEAF/leaf/Src/leaf-oscillators.c:199:10:tTriangle_setSampleRate	16	static
/Users/josnyder/dev/LEAF/leaf/Src/leaf-oscillators.c:211:8:tSquare_init	24	static
/Users/josnyder/dev/LEAF/leaf/Src/leaf-oscillators.c:216:9:tSquare_initToPool	24	static
/Users/josnyder/dev/LEAF/leaf/Src/leaf-oscillators.c:231:9:tSquare_free	0	static
/Users/josnyder/dev/LEAF/leaf/Src/leaf-oscillators.c:238:10:tSquare_tick	4	static
/Users/josnyder/dev/LEAF/leaf/Src/leaf-oscillators.c:265:9:tSquare_setFreq	16	static
/Users/josnyder/dev/LEAF/leaf/Src/leaf-oscillators.c:281:9:tSquare_setPhase	0	static
/Users/josnyder/dev/LEAF/leaf/Src/leaf-oscillators.c:289:10:tSquare_setSampleRate	16	static
/Users/josnyder/dev/LEAF/leaf/Src/leaf-oscillators.c:301:9:tSawtooth_init	24	static
/Users/josnyder/dev/LEAF/leaf/Src/leaf-oscillators.c:306:9:tSawtooth_initToPool	24	static
/Users/josnyder/dev/LEAF/leaf/Src/leaf-oscillators.c:321:9:tSawtooth_free	0	static
/Users/josnyder/dev/LEAF/leaf/Src/leaf-oscillators.c:328:10:tSawtooth_tick	4	static
/Users/josnyder/dev/LEAF/leaf/Src/leaf-oscillators.c:356:9:tSawtooth_setFreq	16	static
/Users/josnyder/dev/LEAF/leaf/Src/leaf-oscillators.c:372:6:tSawtooth_setPhase	0	static
/Users/josnyder/dev/LEAF/leaf/Src/leaf-oscillators.c:380:10:tSawtooth_setSampleRate	16	static
/Users/josnyder/dev/LEAF/leaf/Src/leaf-oscillators.c:393:9:tPBTriangle_init	16	static
/Users/josnyder/dev/LEAF/leaf/Src/leaf-oscillators.c:398:9:tPBTriangle_initToPool	16	static
/Users/josnyder/dev/LEAF/leaf/Src/leaf-oscillators.c:414:9:tPBTriangle_free	0	static
/Users/josnyder/dev/LEAF/leaf/Src/leaf-oscillators.c:424:10:tPBTriangle_tick	0	static
/Users/josnyder/dev/LEAF/leaf/Src/leaf-oscillators.c:460:9:tPBTriangle_setFreq	0	static
/Users/josnyder/dev/LEAF/leaf/Src/leaf-oscillators.c:468:9:tPBTriangle_setSkew	0	static
/Users/josnyder/dev/LEAF/leaf/Src/leaf-oscillators.c:476:10:tPBTriangle_setSampleRate	0	static
/Users/josnyder/dev/LEAF/leaf/Src/leaf-oscillators.c:488:9:tPBSineTriangle_init	24	static
/Users/josnyder/dev/LEAF/leaf/Src/leaf-oscillators.c:493:9:tPBSineTriangle_initToPool	24	static
/Users/josnyder/dev/LEAF/leaf/Src/leaf-oscillators.c:509:9:tPBSineTriangle_free	8	static
/Users/josnyder/dev/LEAF/leaf/Src/leaf-oscillators.c:519:10:tPBSineTriangle_tick	4	static
/Users/josnyder/dev/LEAF/leaf/Src/leaf-oscillators.c:552:9:tPBSineTriangle_setFreq	0	static
/Users/josnyder/dev/LEAF/leaf/Src/leaf-oscillators.c:560:9:tPBSineTriangle_setShape	0	static
/Users/josnyder/dev/LEAF/leaf/Src/leaf-oscillators.c:566:9:tPBSineTriangle_setSampleRate	0	static
/Users/josnyder/dev/LEAF/leaf/Src/leaf-oscillators.c:576:9:tPBPulse_init	16	static
/Users/josnyder/dev/LEAF/leaf/Src/leaf-oscillators.c:581:9:tPBPulse_initToPool	16	static
/Users/josnyder/dev/LEAF/leaf/Src/leaf-oscillators.c:597:9:tPBPulse_free	0	static
/Users/josnyder/dev/LEAF/leaf/Src/leaf-oscillators.c:607:10:tPBPulse_tick	0	static
/Users/josnyder/dev/LEAF/leaf/Src/leaf-oscillators.c:629:9:tPBPulse_setFreq	0	static
/Users/josnyder/dev/LEAF/leaf/Src/leaf-oscillators.c:637:9:tPBPulse_setWidth	0	static
/Users/josnyder/dev/LEAF/leaf/Src/leaf-oscillators.c:652:9:tPBPulse_setSampleRate	0	static
/Users/josnyder/dev/LEAF/leaf/Src/leaf-oscillators.c:662:9:tPBSaw_init	16	static
/Users/josnyder/dev/LEAF/leaf/Src/leaf-oscillators.c:667:9:tPBSaw_initToPool	16	static
/Users/josnyder/dev/LEAF/leaf/Src/leaf-oscillators.c:681:9:tPBSaw_free	0	static
/Users/josnyder/dev/LEAF/leaf/Src/leaf-oscillators.c:691:10:tPBSaw_tick	4	static
/Users/josnyder/dev/LEAF/leaf/Src/leaf-oscillators.c:706:9:tPBSaw_setFreq	0	static
/Users/josnyder/dev/LEAF/leaf/Src/leaf-oscillators.c:713:9:tPBSaw_setSampleRate	0	static
/Users/josnyder/dev/LEAF/leaf/Src/leaf-oscillators.c:724:9:tPBSawSquare_init	16	static
/Users/josnyder/dev/LEAF/leaf/Src/leaf-oscillators.c:729:9:tPBSawSquare_initToPool	16	static
/Users/josnyder/dev/LEAF/leaf/Src/leaf-oscillators.c:746:9:tPBSawSquare_free	0	static
/Users/josnyder/dev/LEAF/leaf/Src/leaf-oscillators.c:757:10:tPBSawSquare_tick	4	static
/Users/josnyder/dev/LEAF/leaf/Src/leaf-oscillators.c:785:9:tPBSawSquare_setFreq	0	static
/Users/josnyder/dev/LEAF/leaf/Src/leaf-oscillators.c:793:9:tPBSawSquare_setShape	0	static
/Users/josnyder/dev/LEAF/leaf/Src/leaf-oscillators.c:799:9:tPBSawSquare_setSampleRate	0	static
/Users/josnyder/dev/LEAF/leaf/Src/leaf-oscillators.c:817:9:tSawOS_initToPool	48	static
/Users/josnyder/dev/LEAF/leaf/Src/leaf-oscillators.c:812:9:tSawOS_init	0	static
/Users/josnyder/dev/LEAF/leaf/Src/leaf-oscillators.c:840:9:tSawOS_free	16	static
/Users/josnyder/dev/LEAF/leaf/Src/leaf-oscillators.c:848:10:tSawOS_tick	24	static
/Users/josnyder/dev/LEAF/leaf/Src/leaf-oscillators.c:863:9:tSawOS_setFreq	0	static
/Users/josnyder/dev/LEAF/leaf/Src/leaf-oscillators.c:869:9:tSawOS_setSampleRate	0	static
/Users/josnyder/dev/LEAF/leaf/Src/leaf-oscillators.c:879:9:tPhasor_init	16	static
/Users/josnyder/dev/LEAF/leaf/Src/leaf-oscillators.c:884:9:tPhasor_initToPool	16	static
/Users/josnyder/dev/LEAF/leaf/Src/leaf-oscillators.c:897:9:tPhasor_free	0	static
/Users/josnyder/dev/LEAF/leaf/Src/leaf-oscillators.c:904:9:tPhasor_setFreq	0	static
/Users/josnyder/dev/LEAF/leaf/Src/leaf-oscillators.c:910:10:tPhasor_tick	0	static
/Users/josnyder/dev/LEAF/leaf/Src/leaf-oscillators.c:916:10:tPhasor_setSampleRate	0	static
/Users/josnyder/dev/LEAF/leaf/Src/leaf-oscillators.c:925:9:tNoise_init	16	static
/Users/josnyder/dev/LEAF/leaf/Src/leaf-oscillators.c:930:9:tNoise_initToPool	16	static
/Users/josnyder/dev/LEAF/leaf/Src/leaf-oscillators.c:941:9:tNoise_free	0	static
/Users/josnyder/dev/LEAF/leaf/Src/leaf-oscillators.c:948:10:tNoise_tick	8	static
/Users/josnyder/dev/LEAF/leaf/Src/leaf-oscillators.c:970:6:tNeuron_init	24	static
/Users/josnyder/dev/LEAF/leaf/Src/leaf-oscillators.c:975:6:tNeuron_initToPool	24	static
/Users/josnyder/dev/LEAF/leaf/Src/leaf-oscillators.c:1010:9:tNeuron_free	8	static
/Users/josnyder/dev/LEAF/leaf/Src/leaf-oscillators.c:1018:8:tNeuron_reset	8	static
/Users/josnyder/dev/LEAF/leaf/Src/leaf-oscillators.c:1045:6:tNeuron_setV1	0	static
/Users/josnyder/dev/LEAF/leaf/Src/leaf-oscillators.c:1050:6:tNeuron_setV2	0	static
/Users/josnyder/dev/LEAF/leaf/Src/leaf-oscillators.c:1055:6:tNeuron_setV3	0	static
/Users/josnyder/dev/LEAF/leaf/Src/leaf-oscillators.c:1060:6:tNeuron_setTimeStep	0	static
/Users/josnyder/dev/LEAF/leaf/Src/leaf-oscillators.c:1065:6:tNeuron_setK	0	static
/Users/josnyder/dev/LEAF/leaf/Src/leaf-oscillators.c:1070:6:tNeuron_setL	0	static
/Users/josnyder/dev/LEAF/leaf/Src/leaf-oscillators.c:1076:6:tNeuron_setN	0	static
/Users/josnyder/dev/LEAF/leaf/Src/leaf-oscillators.c:1081:6:tNeuron_setC	0	static
/Users/josnyder/dev/LEAF/leaf/Src/leaf-oscillators.c:1087:8:tNeuron_tick	48	static
/Users/josnyder/dev/LEAF/leaf/Src/leaf-oscillators.c:1161:6:tNeuron_setMode	0	static
/Users/josnyder/dev/LEAF/leaf/Src/leaf-oscillators.c:1166:6:tNeuron_setCurrent	0	static
/Users/josnyder/dev/LEAF/leaf/Src/leaf-oscillators.c:1171:6:tNeuron_setSampleRate	0	static
/Users/josnyder/dev/LEAF/leaf/Src/leaf-oscillators.c:1179:6:tMBPulse_init	16	static
/Users/josnyder/dev/LEAF/leaf/Src/leaf-oscillators.c:1184:6:tMBPulse_initToPool	16	static
/Users/josnyder/dev/LEAF/leaf/Src/leaf-oscillators.c:1215:6:tMBPulse_free	0	static
/Users/josnyder/dev/LEAF/leaf/Src/leaf-oscillators.c:1224:6:tMBPulse_place_step_dd_noBuffer	24	static
/Users/josnyder/dev/LEAF/leaf/Src/leaf-oscillators.c:1242:8:tMBPulse_tick	88	static
/Users/josnyder/dev/LEAF/leaf/Src/leaf-oscillators.c:1463:6:tMBPulse_setFreq	0	static
/Users/josnyder/dev/LEAF/leaf/Src/leaf-oscillators.c:1470:6:tMBPulse_setWidth	0	static
/Users/josnyder/dev/LEAF/leaf/Src/leaf-oscillators.c:1476:8:tMBPulse_sync	0	static
/Users/josnyder/dev/LEAF/leaf/Src/leaf-oscillators.c:1490:6:tMBPulse_setPhase	0	static
/Users/josnyder/dev/LEAF/leaf/Src/leaf-oscillators.c:1496:6:tMBPulse_setBufferOffset	0	static
/Users/josnyder/dev/LEAF/leaf/Src/leaf-oscillators.c:1502:6:tMBPulse_setSyncMode	0	static
/Users/josnyder/dev/LEAF/leaf/Src/leaf-oscillators.c:1507:6:tMBPulse_setSampleRate	0	static
/Users/josnyder/dev/LEAF/leaf/Src/leaf-oscillators.c:1515:6:tMBTriangle_init	16	static
/Users/josnyder/dev/LEAF/leaf/Src/leaf-oscillators.c:1520:6:tMBTriangle_initToPool	16	static
/Users/josnyder/dev/LEAF/leaf/Src/leaf-oscillators.c:1549:6:tMBTriangle_free	0	static
/Users/josnyder/dev/LEAF/leaf/Src/leaf-oscillators.c:1558:6:tMBTriangle_place_dd_noBuffer	32	static
/Users/josnyder/dev/LEAF/leaf/Src/leaf-oscillators.c:1577:8:tMBTriangle_tick	128	static
/Users/josnyder/dev/LEAF/leaf/Src/leaf-oscillators.c:1816:6:tMBTriangle_setFreq	0	static
/Users/josnyder/dev/LEAF/leaf/Src/leaf-oscillators.c:1824:6:tMBTriangle_setWidth	0	static
/Users/josnyder/dev/LEAF/leaf/Src/leaf-oscillators.c:1830:8:tMBTriangle_sync	0	static
/Users/josnyder/dev/LEAF/leaf/Src/leaf-oscillators.c:1844:6:tMBTriangle_setPhase	0	static
/Users/josnyder/dev/LEAF/leaf/Src/leaf-oscillators.c:1849:6:tMBTriangle_setSyncMode	0	static
/Users/josnyder/dev/LEAF/leaf/Src/leaf-oscillators.c:1855:6:tMBTriangle_setBufferOffset	0	static
/Users/josnyder/dev/LEAF/leaf/Src/leaf-oscillators.c:1861:6:tMBTriangle_setSampleRate	0	static
/Users/josnyder/dev/LEAF/leaf/Src/leaf-oscillators.c:1870:6:tMBSineTri_init	16	static
/Users/josnyder/dev/LEAF/leaf/Src/leaf-oscillators.c:1875:6:tMBSineTri_initToPool	16	static
/Users/josnyder/dev/LEAF/leaf/Src/leaf-oscillators.c:1907:6:tMBSineTri_free	0	static
/Users/josnyder/dev/LEAF/leaf/Src/leaf-oscillators.c:1916:6:tMBSineTri_place_dd_noBuffer	32	static
/Users/josnyder/dev/LEAF/leaf/Src/leaf-oscillators.c:1935:8:tMBSineTri_tick	128	static
/Users/josnyder/dev/LEAF/leaf/Src/leaf-oscillators.c:2213:6:tMBSineTri_setFreq	0	static
/Users/josnyder/dev/LEAF/leaf/Src/leaf-oscillators.c:2221:6:tMBSineTri_setWidth	0	static
/Users/josnyder/dev/LEAF/leaf/Src/leaf-oscillators.c:2227:8:tMBSineTri_sync	0	static
/Users/josnyder/dev/LEAF/leaf/Src/leaf-oscillators.c:2241:6:tMBSineTri_setPhase	0	static
/Users/josnyder/dev/LEAF/leaf/Src/leaf-oscillators.c:2246:6:tMBSineTri_setShape	0	static
/Users/josnyder/dev/LEAF/leaf/Src/leaf-oscillators.c:2252:6:tMBSineTri_setSyncMode	0	static
/Users/josnyder/dev/LEAF/leaf/Src/leaf-oscillators.c:2258:6:tMBSineTri_setBufferOffset	0	static
/Users/josnyder/dev/LEAF/leaf/Src/leaf-oscillators.c:2264:6:tMBSineTri_setSampleRate	0	static
/Users/josnyder/dev/LEAF/leaf/Src/leaf-oscillators.c:2271:6:tMBSaw_init	16	static
/Users/josnyder/dev/LEAF/leaf/Src/leaf-oscillators.c:2276:6:tMBSaw_initToPool	16	static
/Users/josnyder/dev/LEAF/leaf/Src/leaf-oscillators.c:2301:6:tMBSaw_free	0	static
/Users/josnyder/dev/LEAF/leaf/Src/leaf-oscillators.c:2311:6:tMBSaw_place_step_dd_noBuffer	24	static
/Users/josnyder/dev/LEAF/leaf/Src/leaf-oscillators.c:2330:8:tMBSaw_tick	72	static
/Users/josnyder/dev/LEAF/leaf/Src/leaf-oscillators.c:2432:6:tMBSaw_setFreq	0	static
/Users/josnyder/dev/LEAF/leaf/Src/leaf-oscillators.c:2440:8:tMBSaw_sync	0	static
/Users/josnyder/dev/LEAF/leaf/Src/leaf-oscillators.c:2454:6:tMBSaw_setPhase	0	static
/Users/josnyder/dev/LEAF/leaf/Src/leaf-oscillators.c:2459:6:tMBSaw_setSyncMode	0	static
/Users/josnyder/dev/LEAF/leaf/Src/leaf-oscillators.c:2465:6:tMBSaw_setBufferOffset	0	static
/Users/josnyder/dev/LEAF/leaf/Src/leaf-oscillators.c:2471:6:tMBSaw_setSampleRate	0	static
/Users/josnyder/dev/LEAF/leaf/Src/leaf-oscillators.c:2479:6:tMBSawPulse_init	16	static
/Users/josnyder/dev/LEAF/leaf/Src/leaf-oscillators.c:2484:6:tMBSawPulse_initToPool	16	static
/Users/josnyder/dev/LEAF/leaf/Src/leaf-oscillators.c:2515:6:tMBSawPulse_free	0	static
/Users/josnyder/dev/LEAF/leaf/Src/leaf-oscillators.c:2525:6:tMBSawPulse_place_step_dd_noBuffer	24	static
/Users/josnyder/dev/LEAF/leaf/Src/leaf-oscillators.c:2551:8:tMBSawPulse_tick	96	static
/Users/josnyder/dev/LEAF/leaf/Src/leaf-oscillators.c:2798:6:tMBSawPulse_setFreq	0	static
/Users/josnyder/dev/LEAF/leaf/Src/leaf-oscillators.c:2819:8:tMBSawPulse_sync	0	static
/Users/josnyder/dev/LEAF/leaf/Src/leaf-oscillators.c:2834:6:tMBSawPulse_setPhase	0	static
/Users/josnyder/dev/LEAF/leaf/Src/leaf-oscillators.c:2839:6:tMBSawPulse_setShape	0	static
/Users/josnyder/dev/LEAF/leaf/Src/leaf-oscillators.c:2844:6:tMBSawPulse_setSyncMode	0	static
/Users/josnyder/dev/LEAF/leaf/Src/leaf-oscillators.c:2850:6:tMBSawPulse_setBufferOffset	0	static
/Users/josnyder/dev/LEAF/leaf/Src/leaf-oscillators.c:2856:6:tMBSawPulse_setSampleRate	0	static
/Users/josnyder/dev/LEAF/leaf/Src/leaf-oscillators.c:2863:9:tTable_init	24	static
/Users/josnyder/dev/LEAF/leaf/Src/leaf-oscillators.c:2868:9:tTable_initToPool	24	static
/Users/josnyder/dev/LEAF/leaf/Src/leaf-oscillators.c:2882:9:tTable_free	0	static
/Users/josnyder/dev/LEAF/leaf/Src/leaf-oscillators.c:2889:10:tTable_setFreq	0	static
/Users/josnyder/dev/LEAF/leaf/Src/leaf-oscillators.c:2898:10:tTable_tick	0	static
/Users/josnyder/dev/LEAF/leaf/Src/leaf-oscillators.c:2923:10:tTable_setSampleRate	0	static
/Users/josnyder/dev/LEAF/leaf/Src/leaf-oscillators.c:2934:6:tWaveTable_initToPool	48	static
/Users/josnyder/dev/LEAF/leaf/Src/leaf-oscillators.c:2929:6:tWaveTable_init	0	static
/Users/josnyder/dev/LEAF/leaf/Src/leaf-oscillators.c:2998:6:tWaveTable_free	16	static
/Users/josnyder/dev/LEAF/leaf/Src/leaf-oscillators.c:3011:6:tWaveTable_setSampleRate	48	static
/Users/josnyder/dev/LEAF/leaf/Src/leaf-oscillators.c:3070:6:tWaveOsc_init	24	static
/Users/josnyder/dev/LEAF/leaf/Src/leaf-oscillators.c:3075:6:tWaveOsc_initToPool	24	static
/Users/josnyder/dev/LEAF/leaf/Src/leaf-oscillators.c:3106:6:tWaveOsc_free	0	static
/Users/josnyder/dev/LEAF/leaf/Src/leaf-oscillators.c:3112:8:tWaveOsc_tick	20	static
/Users/josnyder/dev/LEAF/leaf/Src/leaf-oscillators.c:3179:6:tWaveOsc_setFreq	16	static
/Users/josnyder/dev/LEAF/leaf/Src/leaf-oscillators.c:3197:6:tWaveOsc_setAntiAliasing	0	static
/Users/josnyder/dev/LEAF/leaf/Src/leaf-oscillators.c:3202:6:tWaveOsc_setIndex	0	static
/Users/josnyder/dev/LEAF/leaf/Src/leaf-oscillators.c:3213:6:tWaveOsc_setTables	0	static
/Users/josnyder/dev/LEAF/leaf/Src/leaf-oscillators.c:3243:6:tWaveOsc_setSampleRate	24	static
/Users/josnyder/dev/LEAF/leaf/Src/leaf-oscillators.c:3263:6:tWaveTableS_initToPool	56	static
/Users/josnyder/dev/LEAF/leaf/Src/leaf-oscillators.c:3258:6:tWaveTableS_init	0	static
/Users/josnyder/dev/LEAF/leaf/Src/leaf-oscillators.c:3346:9:tWaveTableS_free	16	static
/Users/josnyder/dev/LEAF/leaf/Src/leaf-oscillators.c:3361:9:tWaveTableS_setSampleRate	56	static
/Users/josnyder/dev/LEAF/leaf/Src/leaf-oscillators.c:3443:6:tWaveOscS_init	24	static
/Users/josnyder/dev/LEAF/leaf/Src/leaf-oscillators.c:3448:6:tWaveOscS_initToPool	24	static
/Users/josnyder/dev/LEAF/leaf/Src/leaf-oscillators.c:3479:6:tWaveOscS_free	0	static
/Users/josnyder/dev/LEAF/leaf/Src/leaf-oscillators.c:3487:8:tWaveOscS_tick	36	static
/Users/josnyder/dev/LEAF/leaf/Src/leaf-oscillators.c:3556:6:tWaveOscS_setFreq	16	static
/Users/josnyder/dev/LEAF/leaf/Src/leaf-oscillators.c:3574:6:tWaveOscS_setAntiAliasing	0	static
/Users/josnyder/dev/LEAF/leaf/Src/leaf-oscillators.c:3579:6:tWaveOscS_setIndex	0	static
/Users/josnyder/dev/LEAF/leaf/Src/leaf-oscillators.c:3606:6:tWaveOscS_setSampleRate	24	static
/Users/josnyder/dev/LEAF/leaf/Src/leaf-oscillators.c:3631:9:tIntPhasor_init	16	static
/Users/josnyder/dev/LEAF/leaf/Src/leaf-oscillators.c:3636:9:tIntPhasor_initToPool	16	static
/Users/josnyder/dev/LEAF/leaf/Src/leaf-oscillators.c:3648:9:tIntPhasor_free	0	static
/Users/josnyder/dev/LEAF/leaf/Src/leaf-oscillators.c:3656:10:tIntPhasor_tick	0	static
/Users/josnyder/dev/LEAF/leaf/Src/leaf-oscillators.c:3664:10:tIntPhasor_tickBiPolar	0	static
/Users/josnyder/dev/LEAF/leaf/Src/leaf-oscillators.c:3672:10:tIntPhasor_setFreq	0	static
/Users/josnyder/dev/LEAF/leaf/Src/leaf-oscillators.c:3678:9:tIntPhasor_setPhase	0	static
/Users/josnyder/dev/LEAF/leaf/Src/leaf-oscillators.c:3685:10:tIntPhasor_setSampleRate	0	static
/Users/josnyder/dev/LEAF/leaf/Src/leaf-oscillators.c:3692:9:tSquareLFO_init	32	static
/Users/josnyder/dev/LEAF/leaf/Src/leaf-oscillators.c:3697:9:tSquareLFO_initToPool	32	static
/Users/josnyder/dev/LEAF/leaf/Src/leaf-oscillators.c:3707:9:tSquareLFO_free	8	static
/Users/josnyder/dev/LEAF/leaf/Src/leaf-oscillators.c:3716:10:tSquareLFO_tick	0	static
/Users/josnyder/dev/LEAF/leaf/Src/leaf-oscillators.c:3725:10:tSquareLFO_setFreq	0	static
/Users/josnyder/dev/LEAF/leaf/Src/leaf-oscillators.c:3733:10:tSquareLFO_setSampleRate	0	static
/Users/josnyder/dev/LEAF/leaf/Src/leaf-oscillators.c:3739:6:tSquareLFO_setPulseWidth	0	static
/Users/josnyder/dev/LEAF/leaf/Src/leaf-oscillators.c:3745:6:tSquareLFO_setPhase	0	static
/Users/josnyder/dev/LEAF/leaf/Src/leaf-oscillators.c:3751:9:tSawSquareLFO_init	24	static
/Users/josnyder/dev/LEAF/leaf/Src/leaf-oscillators.c:3757:9:tSawSquareLFO_initToPool	24	static
/Users/josnyder/dev/LEAF/leaf/Src/leaf-oscillators.c:3765:9:tSawSquareLFO_free	16	static
/Users/josnyder/dev/LEAF/leaf/Src/leaf-oscillators.c:3773:10:tSawSquareLFO_tick	4	static
/Users/josnyder/dev/LEAF/leaf/Src/leaf-oscillators.c:3779:9:tSawSquareLFO_setFreq	0	static
/Users/josnyder/dev/LEAF/leaf/Src/leaf-oscillators.c:3784:9:tSawSquareLFO_setSampleRate	0	static
/Users/josnyder/dev/LEAF/leaf/Src/leaf-oscillators.c:3789:9:tSawSquareLFO_setPhase	4	static
/Users/josnyder/dev/LEAF/leaf/Src/leaf-oscillators.c:3796:9:tSawSquareLFO_setShape	0	static
/Users/josnyder/dev/LEAF/leaf/Src/leaf-oscillators.c:3803:9:tTriLFO_init	16	static
/Users/josnyder/dev/LEAF/leaf/Src/leaf-oscillators.c:3808:9:tTriLFO_initToPool	16	static
/Users/josnyder/dev/LEAF/leaf/Src/leaf-oscillators.c:3822:9:tTriLFO_free	0	static
/Users/josnyder/dev/LEAF/leaf/Src/leaf-oscillators.c:3830:10:tTriLFO_tick	0	static
/Users/josnyder/dev/LEAF/leaf/Src/leaf-oscillators.c:3844:10:tTriLFO_setFreq	0	static
/Users/josnyder/dev/LEAF/leaf/Src/leaf-oscillators.c:3850:9:tTriLFO_setPhase	0	static
/Users/josnyder/dev/LEAF/leaf/Src/leaf-oscillators.c:3857:10:tTriLFO_setSampleRate	0	static
/Users/josnyder/dev/LEAF/leaf/Src/leaf-oscillators.c:3865:9:tSineTriLFO_init	32	static
/Users/josnyder/dev/LEAF/leaf/Src/leaf-oscillators.c:3870:9:tSineTriLFO_initToPool	32	static
/Users/josnyder/dev/LEAF/leaf/Src/leaf-oscillators.c:3879:9:tSineTriLFO_free	8	static
/Users/josnyder/dev/LEAF/leaf/Src/leaf-oscillators.c:3887:10:tSineTriLFO_tick	8	static
/Users/josnyder/dev/LEAF/leaf/Src/leaf-oscillators.c:3893:9:tSineTriLFO_setFreq	0	static
/Users/josnyder/dev/LEAF/leaf/Src/leaf-oscillators.c:3898:9:tSineTriLFO_setSampleRate	0	static
/Users/josnyder/dev/LEAF/leaf/Src/leaf-oscillators.c:3903:9:tSineTriLFO_setPhase	0	static
/Users/josnyder/dev/LEAF/leaf/Src/leaf-oscillators.c:3909:10:tSineTriLFO_setShape	0	static
/Users/josnyder/dev/LEAF/leaf/Src/leaf-oscillators.c:3918:10:tDampedOscillator_init	32	static
/Users/josnyder/dev/LEAF/leaf/Src/leaf-oscillators.c:3926:10:tDampedOscillator_initToPool	32	static
/Users/josnyder/dev/LEAF/leaf/Src/leaf-oscillators.c:3944:10:tDampedOscillator_free	0	static
/Users/josnyder/dev/LEAF/leaf/Src/leaf-oscillators.c:3951:11:tDampedOscillator_tick	0	static
/Users/josnyder/dev/LEAF/leaf/Src/leaf-oscillators.c:3959:10:tDampedOscillator_setFreq	8	static
/Users/josnyder/dev/LEAF/leaf/Src/leaf-oscillators.c:3977:10:tDampedOscillator_setDecay	8	static
/Users/josnyder/dev/LEAF/leaf/Src/leaf-oscillators.c:3987:10:tDampedOscillator_setSampleRate	0	static
/Users/josnyder/dev/LEAF/leaf/Src/leaf-oscillators.c:3993:11:tDampedOscillator_reset	0	static
/Users/josnyder/dev/LEAF/leaf/Src/leaf-oscillators.c:4005:9:tPlutaQuadOsc_initToPool	32	static
/Users/josnyder/dev/LEAF/leaf/Src/leaf-oscillators.c:4000:9:tPlutaQuadOsc_init	0	static
/Users/josnyder/dev/LEAF/leaf/Src/leaf-oscillators.c:4044:10:tPlutaQuadOsc_tick	32	static
/Users/josnyder/dev/LEAF/leaf/Src/leaf-oscillators.c:4071:8:tPlutaQuadOsc_setFreq	0	static
/Users/josnyder/dev/LEAF/leaf/Src/leaf-oscillators.c:4077:8:tPlutaQuadOsc_setFmAmount	0	static
/Users/josnyder/dev/LEAF/leaf/Src/leaf-oscillators.c:4082:8:tPlutaQuadOsc_setOutputAmplitude	0	static
