/Users/josnyder/dev/LEAF/leaf/Src/../Inc/leaf-math.h:899:22:ftom	8	static
/Users/josnyder/dev/LEAF/leaf/Src/../Inc/leaf-math.h:882:22:mtof	8	static
/Users/josnyder/dev/LEAF/leaf/Src/leaf-math.c:23:6:LEAF_generate_sine	24	static
/Users/josnyder/dev/LEAF/leaf/Src/leaf-math.c:33:6:LEAF_generate_sawtooth	48	static
/Users/josnyder/dev/LEAF/leaf/Src/leaf-math.c:55:6:LEAF_generate_triangle	56	static
/Users/josnyder/dev/LEAF/leaf/Src/leaf-math.c:84:6:LEAF_generate_square	48	static
/Users/josnyder/dev/LEAF/leaf/Src/leaf-math.c:108:6:LEAF_generate_exp	32	static
/Users/josnyder/dev/LEAF/leaf/Src/leaf-math.c:120:6:LEAF_generate_table_skew_non_sym_double	48	static
/Users/josnyder/dev/LEAF/leaf/Src/leaf-math.c:135:6:LEAF_generate_table_skew_non_sym	40	static
/Users/josnyder/dev/LEAF/leaf/Src/leaf-math.c:150:6:LEAF_generate_atodb	32	static
/Users/josnyder/dev/LEAF/leaf/Src/leaf-math.c:161:6:LEAF_generate_dbtoa	32	static
/Users/josnyder/dev/LEAF/leaf/Src/leaf-math.c:173:6:LEAF_generate_atodbPositiveClipped	32	static
/Users/josnyder/dev/LEAF/leaf/Src/leaf-math.c:188:6:LEAF_generate_mtof	40	static
/Users/josnyder/dev/LEAF/leaf/Src/leaf-math.c:201:6:LEAF_generate_ftom	40	static
/Users/josnyder/dev/LEAF/leaf/Src/leaf-math.c:215:7:fast_sinf2	0	static
/Users/josnyder/dev/LEAF/leaf/Src/leaf-math.c:242:6:place_step_dd	24	static
/Users/josnyder/dev/LEAF/leaf/Src/leaf-math.c:266:6:place_slope_dd	32	static
