/Users/josnyder/dev/LEAF/leaf/Src/leaf-analysis.c:544:13:snac_analyzeframe	32	static
/Users/josnyder/dev/LEAF/leaf/Src/leaf-analysis.c:29:6:tEnvelopeFollower_init	24	static
/Users/josnyder/dev/LEAF/leaf/Src/leaf-analysis.c:34:6:tEnvelopeFollower_initToPool	24	static
/Users/josnyder/dev/LEAF/leaf/Src/leaf-analysis.c:46:6:tEnvelopeFollower_free	0	static
/Users/josnyder/dev/LEAF/leaf/Src/leaf-analysis.c:53:8:tEnvelopeFollower_tick	0	static
/Users/josnyder/dev/LEAF/leaf/Src/leaf-analysis.c:71:6:tEnvelopeFollower_setDecayCoefficient	0	static
/Users/josnyder/dev/LEAF/leaf/Src/leaf-analysis.c:76:6:tEnvelopeFollower_setAttackThreshold	0	static
/Users/josnyder/dev/LEAF/leaf/Src/leaf-analysis.c:87:6:tZeroCrossingCounter_init	24	static
/Users/josnyder/dev/LEAF/leaf/Src/leaf-analysis.c:92:6:tZeroCrossingCounter_initToPool	24	static
/Users/josnyder/dev/LEAF/leaf/Src/leaf-analysis.c:108:6:tZeroCrossingCounter_free	8	static
/Users/josnyder/dev/LEAF/leaf/Src/leaf-analysis.c:118:8:tZeroCrossingCounter_tick	8	static
/Users/josnyder/dev/LEAF/leaf/Src/leaf-analysis.c:154:6:tZeroCrossingCounter_setWindowSize	0	static
/Users/josnyder/dev/LEAF/leaf/Src/leaf-analysis.c:173:6:tPowerFollower_init	24	static
/Users/josnyder/dev/LEAF/leaf/Src/leaf-analysis.c:178:6:tPowerFollower_initToPool	24	static
/Users/josnyder/dev/LEAF/leaf/Src/leaf-analysis.c:189:6:tPowerFollower_free	0	static
/Users/josnyder/dev/LEAF/leaf/Src/leaf-analysis.c:196:6:tPowerFollower_setFactor	0	static
/Users/josnyder/dev/LEAF/leaf/Src/leaf-analysis.c:204:8:tPowerFollower_tick	0	static
/Users/josnyder/dev/LEAF/leaf/Src/leaf-analysis.c:210:8:tPowerFollower_getPower	0	static
/Users/josnyder/dev/LEAF/leaf/Src/leaf-analysis.c:226:6:tEnvPD_initToPool	56	static
/Users/josnyder/dev/LEAF/leaf/Src/leaf-analysis.c:221:6:tEnvPD_init	4	static
/Users/josnyder/dev/LEAF/leaf/Src/leaf-analysis.c:268:6:tEnvPD_free	0	static
/Users/josnyder/dev/LEAF/leaf/Src/leaf-analysis.c:275:8:tEnvPD_tick	16	static
/Users/josnyder/dev/LEAF/leaf/Src/leaf-analysis.c:280:6:tEnvPD_processBlock	20	static
/Users/josnyder/dev/LEAF/leaf/Src/leaf-analysis.c:326:6:tAttackDetection_init	40	static
/Users/josnyder/dev/LEAF/leaf/Src/leaf-analysis.c:331:6:tAttackDetection_initToPool	40	static
/Users/josnyder/dev/LEAF/leaf/Src/leaf-analysis.c:340:6:tAttackDetection_free	0	static
/Users/josnyder/dev/LEAF/leaf/Src/leaf-analysis.c:347:6:tAttackDetection_setBlocksize	0	static
/Users/josnyder/dev/LEAF/leaf/Src/leaf-analysis.c:352:6:tAttackDetection_setThreshold	0	static
/Users/josnyder/dev/LEAF/leaf/Src/leaf-analysis.c:357:6:tAttackDetection_setAttack	8	static
/Users/josnyder/dev/LEAF/leaf/Src/leaf-analysis.c:363:6:tAttackDetection_setRelease	8	static
/Users/josnyder/dev/LEAF/leaf/Src/leaf-analysis.c:369:5:tAttackDetection_detect	0	static
/Users/josnyder/dev/LEAF/leaf/Src/leaf-analysis.c:385:6:tAttackDetection_setSampleRate	24	static
/Users/josnyder/dev/LEAF/leaf/Src/leaf-analysis.c:451:9:tSNAC_initToPool	40	static
/Users/josnyder/dev/LEAF/leaf/Src/leaf-analysis.c:446:6:tSNAC_init	0	static
/Users/josnyder/dev/LEAF/leaf/Src/leaf-analysis.c:474:6:tSNAC_free	8	static
/Users/josnyder/dev/LEAF/leaf/Src/leaf-analysis.c:486:6:tSNAC_ioSamples	32	static
/Users/josnyder/dev/LEAF/leaf/Src/leaf-analysis.c:507:6:tSNAC_setOverlap	0	static
/Users/josnyder/dev/LEAF/leaf/Src/leaf-analysis.c:513:6:tSNAC_setBias	32	static
/Users/josnyder/dev/LEAF/leaf/Src/leaf-analysis.c:522:6:tSNAC_setMinRMS	0	static
/Users/josnyder/dev/LEAF/leaf/Src/leaf-analysis.c:530:8:tSNAC_getPeriod	0	static
/Users/josnyder/dev/LEAF/leaf/Src/leaf-analysis.c:535:8:tSNAC_getFidelity	0	static
/Users/josnyder/dev/LEAF/leaf/Src/leaf-analysis.c:763:6:tPeriodDetection_init	40	static
/Users/josnyder/dev/LEAF/leaf/Src/leaf-analysis.c:768:6:tPeriodDetection_initToPool	40	static
/Users/josnyder/dev/LEAF/leaf/Src/leaf-analysis.c:800:6:tPeriodDetection_free	16	static
/Users/josnyder/dev/LEAF/leaf/Src/leaf-analysis.c:809:8:tPeriodDetection_tick	40	static
/Users/josnyder/dev/LEAF/leaf/Src/leaf-analysis.c:842:8:tPeriodDetection_getPeriod	0	static
/Users/josnyder/dev/LEAF/leaf/Src/leaf-analysis.c:847:8:tPeriodDetection_getFidelity	0	static
/Users/josnyder/dev/LEAF/leaf/Src/leaf-analysis.c:852:6:tPeriodDetection_setHopSize	0	static
/Users/josnyder/dev/LEAF/leaf/Src/leaf-analysis.c:857:6:tPeriodDetection_setWindowSize	0	static
/Users/josnyder/dev/LEAF/leaf/Src/leaf-analysis.c:862:6:tPeriodDetection_setFidelityThreshold	0	static
/Users/josnyder/dev/LEAF/leaf/Src/leaf-analysis.c:867:6:tPeriodDetection_setAlpha	0	static
/Users/josnyder/dev/LEAF/leaf/Src/leaf-analysis.c:872:6:tPeriodDetection_setTolerance	0	static
/Users/josnyder/dev/LEAF/leaf/Src/leaf-analysis.c:878:6:tPeriodDetection_setSampleRate	8	static
/Users/josnyder/dev/LEAF/leaf/Src/leaf-analysis.c:888:9:tZeroCrossingInfo_init	16	static
/Users/josnyder/dev/LEAF/leaf/Src/leaf-analysis.c:893:9:tZeroCrossingInfo_initToPool	16	static
/Users/josnyder/dev/LEAF/leaf/Src/leaf-analysis.c:904:9:tZeroCrossingInfo_free	0	static
/Users/josnyder/dev/LEAF/leaf/Src/leaf-analysis.c:911:9:tZeroCrossingInfo_updatePeak	0	static
/Users/josnyder/dev/LEAF/leaf/Src/leaf-analysis.c:918:9:tZeroCrossingInfo_period	0	static
/Users/josnyder/dev/LEAF/leaf/Src/leaf-analysis.c:925:10:tZeroCrossingInfo_fractionalPeriod	0	static
/Users/josnyder/dev/LEAF/leaf/Src/leaf-analysis.c:946:9:tZeroCrossingInfo_getWidth	0	static
/Users/josnyder/dev/LEAF/leaf/Src/leaf-analysis.c:960:9:tZeroCrossingCollector_initToPool	40	static
/Users/josnyder/dev/LEAF/leaf/Src/leaf-analysis.c:955:9:tZeroCrossingCollector_init	0	static
/Users/josnyder/dev/LEAF/leaf/Src/leaf-analysis.c:994:9:tZeroCrossingCollector_free	16	static
/Users/josnyder/dev/LEAF/leaf/Src/leaf-analysis.c:1007:9:tZeroCrossingCollector_tick	8	static
/Users/josnyder/dev/LEAF/leaf/Src/leaf-analysis.c:1037:9:tZeroCrossingCollector_getState	0	static
/Users/josnyder/dev/LEAF/leaf/Src/leaf-analysis.c:1042:25:tZeroCrossingCollector_getCrossing	8	static
/Users/josnyder/dev/LEAF/leaf/Src/leaf-analysis.c:1048:9:tZeroCrossingCollector_getNumEdges	0	static
/Users/josnyder/dev/LEAF/leaf/Src/leaf-analysis.c:1053:9:tZeroCrossingCollector_getCapacity	0	static
/Users/josnyder/dev/LEAF/leaf/Src/leaf-analysis.c:1058:9:tZeroCrossingCollector_getFrame	0	static
/Users/josnyder/dev/LEAF/leaf/Src/leaf-analysis.c:1063:9:tZeroCrossingCollector_getWindowSize	0	static
/Users/josnyder/dev/LEAF/leaf/Src/leaf-analysis.c:1068:9:tZeroCrossingCollector_isReady	0	static
/Users/josnyder/dev/LEAF/leaf/Src/leaf-analysis.c:1073:10:tZeroCrossingCollector_getPeak	0	static
/Users/josnyder/dev/LEAF/leaf/Src/leaf-analysis.c:1078:9:tZeroCrossingCollector_isReset	0	static
/Users/josnyder/dev/LEAF/leaf/Src/leaf-analysis.c:1083:9:tZeroCrossingCollector_setHysteresis	8	static
/Users/josnyder/dev/LEAF/leaf/Src/leaf-analysis.c:1168:9:tBitset_init	16	static
/Users/josnyder/dev/LEAF/leaf/Src/leaf-analysis.c:1173:9:tBitset_initToPool	16	static
/Users/josnyder/dev/LEAF/leaf/Src/leaf-analysis.c:1191:9:tBitset_free	8	static
/Users/josnyder/dev/LEAF/leaf/Src/leaf-analysis.c:1199:9:tBitset_get	0	static
/Users/josnyder/dev/LEAF/leaf/Src/leaf-analysis.c:1209:17:tBitset_getData	0	static
/Users/josnyder/dev/LEAF/leaf/Src/leaf-analysis.c:1214:10:tBitset_set	8	static
/Users/josnyder/dev/LEAF/leaf/Src/leaf-analysis.c:1224:10:tBitset_setMultiple	24	static
/Users/josnyder/dev/LEAF/leaf/Src/leaf-analysis.c:1293:9:tBitset_getSize	0	static
/Users/josnyder/dev/LEAF/leaf/Src/leaf-analysis.c:1298:9:tBitset_clear	0	static
/Users/josnyder/dev/LEAF/leaf/Src/leaf-analysis.c:1306:9:tBACF_init	16	static
/Users/josnyder/dev/LEAF/leaf/Src/leaf-analysis.c:1311:9:tBACF_initToPool	16	static
/Users/josnyder/dev/LEAF/leaf/Src/leaf-analysis.c:1321:9:tBACF_free	0	static
/Users/josnyder/dev/LEAF/leaf/Src/leaf-analysis.c:1328:8:tBACF_getCorrelation	40	static
/Users/josnyder/dev/LEAF/leaf/Src/leaf-analysis.c:1374:9:tBACF_set	0	static
/Users/josnyder/dev/LEAF/leaf/Src/leaf-analysis.c:1396:9:tPeriodDetector_initToPool	40	static
/Users/josnyder/dev/LEAF/leaf/Src/leaf-analysis.c:1391:9:tPeriodDetector_init	0	static
/Users/josnyder/dev/LEAF/leaf/Src/leaf-analysis.c:1427:9:tPeriodDetector_free	16	static
/Users/josnyder/dev/LEAF/leaf/Src/leaf-analysis.c:1438:7:tPeriodDetector_tick	152	static
/Users/josnyder/dev/LEAF/leaf/Src/leaf-analysis.c:1465:10:tPeriodDetector_getPeriod	0	static
/Users/josnyder/dev/LEAF/leaf/Src/leaf-analysis.c:1470:10:tPeriodDetector_getPeriodicity	0	static
/Users/josnyder/dev/LEAF/leaf/Src/leaf-analysis.c:1475:10:tPeriodDetector_harmonic	8	static
/Users/josnyder/dev/LEAF/leaf/Src/leaf-analysis.c:1493:10:tPeriodDetector_predictPeriod	20	static
/Users/josnyder/dev/LEAF/leaf/Src/leaf-analysis.c:1525:9:tPeriodDetector_isReady	0	static
/Users/josnyder/dev/LEAF/leaf/Src/leaf-analysis.c:1530:9:tPeriodDetector_isReset	0	static
/Users/josnyder/dev/LEAF/leaf/Src/leaf-analysis.c:1535:9:tPeriodDetector_setHysteresis	8	static
/Users/josnyder/dev/LEAF/leaf/Src/leaf-analysis.c:1540:9:tPeriodDetector_setSampleRate	40	static
/Users/josnyder/dev/LEAF/leaf/Src/leaf-analysis.c:1769:9:tPitchDetector_init	24	static
/Users/josnyder/dev/LEAF/leaf/Src/leaf-analysis.c:1774:9:tPitchDetector_initToPool	24	static
/Users/josnyder/dev/LEAF/leaf/Src/leaf-analysis.c:1788:9:tPitchDetector_free	24	static
/Users/josnyder/dev/LEAF/leaf/Src/leaf-analysis.c:1796:9:tPitchDetector_tick	8	static
/Users/josnyder/dev/LEAF/leaf/Src/leaf-analysis.c:1846:10:tPitchDetector_getFrequency	0	static
/Users/josnyder/dev/LEAF/leaf/Src/leaf-analysis.c:1851:10:tPitchDetector_getPeriodicity	0	static
/Users/josnyder/dev/LEAF/leaf/Src/leaf-analysis.c:1856:10:tPitchDetector_harmonic	8	static
/Users/josnyder/dev/LEAF/leaf/Src/leaf-analysis.c:1861:10:tPitchDetector_predictFrequency	24	static
/Users/josnyder/dev/LEAF/leaf/Src/leaf-analysis.c:1869:9:tPitchDetector_indeterminate	0	static
/Users/josnyder/dev/LEAF/leaf/Src/leaf-analysis.c:1874:9:tPitchDetector_setHysteresis	8	static
/Users/josnyder/dev/LEAF/leaf/Src/leaf-analysis.c:1879:9:tPitchDetector_setSampleRate	40	static
/Users/josnyder/dev/LEAF/leaf/Src/leaf-analysis.c:1988:9:tDualPitchDetector_init	48	static
/Users/josnyder/dev/LEAF/leaf/Src/leaf-analysis.c:1993:9:tDualPitchDetector_initToPool	48	static
/Users/josnyder/dev/LEAF/leaf/Src/leaf-analysis.c:2016:9:tDualPitchDetector_free	24	static
/Users/josnyder/dev/LEAF/leaf/Src/leaf-analysis.c:2026:9:tDualPitchDetector_tick	56	static
/Users/josnyder/dev/LEAF/leaf/Src/leaf-analysis.c:2106:10:tDualPitchDetector_getFrequency	0	static
/Users/josnyder/dev/LEAF/leaf/Src/leaf-analysis.c:2111:10:tDualPitchDetector_getPeriodicity	0	static
/Users/josnyder/dev/LEAF/leaf/Src/leaf-analysis.c:2116:10:tDualPitchDetector_predictFrequency	16	static
/Users/josnyder/dev/LEAF/leaf/Src/leaf-analysis.c:2123:9:tDualPitchDetector_setHysteresis	8	static
/Users/josnyder/dev/LEAF/leaf/Src/leaf-analysis.c:2128:9:tDualPitchDetector_setPeriodicityThreshold	0	static
/Users/josnyder/dev/LEAF/leaf/Src/leaf-analysis.c:2133:9:tDualPitchDetector_setSampleRate	40	static
