../Core/Src/main.c:1229:22:scaleFilterResonance	0	static
../Core/Src/main.c:1181:22:scaleDefault	0	static
../Core/Src/main.c:1193:22:scaleOscPitch	0	static
../Core/Src/main.c:1199:22:scaleOscFine	0	static
../Core/Src/main.c:1205:22:scaleOscFreq	0	static
../Core/Src/main.c:1211:22:scaleTranspose	0	static
../Core/Src/main.c:1217:22:scalePitchBend	0	static
../Core/Src/main.c:1223:22:scaleFilterCutoff	0	static
../Core/Src/main.c:1242:22:scaleEnvTimes	0	static
../Core/Src/main.c:1256:22:scaleLFORates	0	static
../Core/Src/main.c:1269:22:scaleFinalLowpass	0	static
../Core/Src/main.c:1276:21:blankFunction	0	static
../Core/Src/main.c:632:6:SystemClock_Config	136	static
../Core/Src/main.c:691:6:PeriphCommonClock_Config	208	static
../Core/Src/main.c:718:22:randomNumber	0	static
../Core/Src/main.c:725:9:BSP_SD_IsDetected	8	static
../Core/Src/main.c:737:6:getPresetNamesFromSDCard	72	static
../Core/Src/main.c:1125:6:SDRAM_init	48	static
../Core/Src/main.c:1187:22:scaleTwo	0	static
../Core/Src/main.c:1284:6:setEffectsFunctions	20	static
../Core/Src/main.c:1496:6:setOscilllatorShapes	0	static
../Core/Src/main.c:1525:6:setFilterTypes	4	static
../Core/Src/main.c:1579:6:setLFOShapes	4	static
../Core/Src/main.c:2418:21:parsePreset	120	static,ignoring_inline_asm
../Core/Src/main.c:220:5:main	240	static,ignoring_inline_asm
../Core/Src/main.c:1643:7:handleSPI	80	static
../Core/Src/main.c:1627:9:fromHex	0	static
../Core/Src/main.c:1637:9:fromAscii	0	static
../Core/Src/main.c:3234:6:CycleCounterInit	0	static
../Core/Src/main.c:3252:6:FlushECC	16	static
../Core/Src/main.c:3284:21:HAL_I2C_SlaveRxCpltCallback	0	static
../Core/Src/main.c:3291:21:HAL_I2C_MasterTxCpltCallback	0	static
../Core/Src/main.c:3296:21:HAL_I2C_ErrorCallback	0	static
../Core/Src/main.c:3305:21:HAL_SPI_TxRxCpltCallback	16	static,ignoring_inline_asm
../Core/Src/main.c:3329:21:HAL_SPI_TxRxHalfCpltCallback	16	static,ignoring_inline_asm
../Core/Src/main.c:3354:21:HAL_SPI_RxCpltCallback	16	static,ignoring_inline_asm
../Core/Src/main.c:3389:21:HAL_SPI_RxHalfCpltCallback	16	static,ignoring_inline_asm
../Core/Src/main.c:3425:6:HAL_GPIO_EXTI_Callback	0	static
../Core/Src/main.c:3499:6:Error_Handler	0	static
