/Users/josnyder/dev/LEAF/leaf/Src/../Inc/leaf-math.h:526:22:LEAF_round	0	static
/Users/josnyder/dev/LEAF/leaf/Src/leaf-distortion.c:36:6:tSampleReducer_initToPool	16	static
/Users/josnyder/dev/LEAF/leaf/Src/leaf-distortion.c:31:6:tSampleReducer_init	8	static
/Users/josnyder/dev/LEAF/leaf/Src/leaf-distortion.c:47:6:tSampleReducer_free	8	static
/Users/josnyder/dev/LEAF/leaf/Src/leaf-distortion.c:54:8:tSampleReducer_tick	0	static
/Users/josnyder/dev/LEAF/leaf/Src/leaf-distortion.c:67:6:tSampleReducer_setRatio	0	static
/Users/josnyder/dev/LEAF/leaf/Src/leaf-distortion.c:84:6:tOversampler_initToPool	32	static
/Users/josnyder/dev/LEAF/leaf/Src/leaf-distortion.c:79:6:tOversampler_init	8	static
/Users/josnyder/dev/LEAF/leaf/Src/leaf-distortion.c:108:6:tOversampler_free	8	static
/Users/josnyder/dev/LEAF/leaf/Src/leaf-distortion.c:132:6:tOversampler_upsample	24	static
/Users/josnyder/dev/LEAF/leaf/Src/leaf-distortion.c:233:8:tOversampler_downsample	16	static
/Users/josnyder/dev/LEAF/leaf/Src/leaf-distortion.c:117:8:tOversampler_tick	24	static
/Users/josnyder/dev/LEAF/leaf/Src/leaf-distortion.c:318:9:tOversampler_setRatio	16	static
/Users/josnyder/dev/LEAF/leaf/Src/leaf-distortion.c:334:9:tOversampler_setQuality	16	static
/Users/josnyder/dev/LEAF/leaf/Src/leaf-distortion.c:349:5:tOversampler_getLatency	0	static
/Users/josnyder/dev/LEAF/leaf/Src/leaf-distortion.c:364:6:tWavefolder_initToPool	40	static
/Users/josnyder/dev/LEAF/leaf/Src/leaf-distortion.c:359:6:tWavefolder_init	8	static
/Users/josnyder/dev/LEAF/leaf/Src/leaf-distortion.c:379:6:tWavefolder_free	8	static
/Users/josnyder/dev/LEAF/leaf/Src/leaf-distortion.c:386:6:tWavefolder_setFFAmount	0	static
/Users/josnyder/dev/LEAF/leaf/Src/leaf-distortion.c:390:6:tWavefolder_setFBAmount	0	static
/Users/josnyder/dev/LEAF/leaf/Src/leaf-distortion.c:397:6:tWavefolder_setFoldDepth	0	static
/Users/josnyder/dev/LEAF/leaf/Src/leaf-distortion.c:402:6:tWavefolder_setOffset	0	static
/Users/josnyder/dev/LEAF/leaf/Src/leaf-distortion.c:407:6:tWavefolder_setGain	0	static
/Users/josnyder/dev/LEAF/leaf/Src/leaf-distortion.c:412:8:tWavefolder_tick	16	static
/Users/josnyder/dev/LEAF/leaf/Src/leaf-distortion.c:470:6:tLockhartWavefolder_initToPool	16	static
/Users/josnyder/dev/LEAF/leaf/Src/leaf-distortion.c:465:6:tLockhartWavefolder_init	8	static
/Users/josnyder/dev/LEAF/leaf/Src/leaf-distortion.c:515:6:tLockhartWavefolder_free	8	static
/Users/josnyder/dev/LEAF/leaf/Src/leaf-distortion.c:524:8:tLockhartWavefolderLambert	32	static
/Users/josnyder/dev/LEAF/leaf/Src/leaf-distortion.c:604:8:tLockhartWavefolder_tick	32	static
/Users/josnyder/dev/LEAF/leaf/Src/leaf-distortion.c:721:6:tCrusher_initToPool	24	static
/Users/josnyder/dev/LEAF/leaf/Src/leaf-distortion.c:716:6:tCrusher_init	8	static
/Users/josnyder/dev/LEAF/leaf/Src/leaf-distortion.c:735:6:tCrusher_free	8	static
/Users/josnyder/dev/LEAF/leaf/Src/leaf-distortion.c:743:8:tCrusher_tick	8	static
/Users/josnyder/dev/LEAF/leaf/Src/leaf-distortion.c:765:9:tCrusher_setOperation	0	static
/Users/josnyder/dev/LEAF/leaf/Src/leaf-distortion.c:771:9:tCrusher_setQuality	0	static
/Users/josnyder/dev/LEAF/leaf/Src/leaf-distortion.c:781:9:tCrusher_setRound	0	static
/Users/josnyder/dev/LEAF/leaf/Src/leaf-distortion.c:786:9:tCrusher_setSamplingRatio	8	static
