/Users/josnyder/dev/LEAF/leaf/Src/../Inc/leaf-math.h:578:23:LEAF_isPrime	16	static
/Users/josnyder/dev/LEAF/leaf/Src/leaf-reverb.c:67:9:tPRCReverb_free	8	static
/Users/josnyder/dev/LEAF/leaf/Src/leaf-reverb.c:77:9:tPRCRevert_clear	8	static
/Users/josnyder/dev/LEAF/leaf/Src/leaf-reverb.c:84:9:tPRCReverb_setT60	16	static
/Users/josnyder/dev/LEAF/leaf/Src/leaf-reverb.c:27:9:tPRCReverb_initToPool	48	static
/Users/josnyder/dev/LEAF/leaf/Src/leaf-reverb.c:22:9:tPRCReverb_init	8	static
/Users/josnyder/dev/LEAF/leaf/Src/leaf-reverb.c:93:9:tPRCReverb_setMix	0	static
/Users/josnyder/dev/LEAF/leaf/Src/leaf-reverb.c:98:10:tPRCReverb_tick	24	static
/Users/josnyder/dev/LEAF/leaf/Src/leaf-reverb.c:130:10:tPRCReverb_setSampleRate	48	static
/Users/josnyder/dev/LEAF/leaf/Src/leaf-reverb.c:215:9:tNReverb_free	16	static
/Users/josnyder/dev/LEAF/leaf/Src/leaf-reverb.c:232:9:tNReverb_setT60	24	static
/Users/josnyder/dev/LEAF/leaf/Src/leaf-reverb.c:170:9:tNReverb_initToPool	96	static
/Users/josnyder/dev/LEAF/leaf/Src/leaf-reverb.c:165:9:tNReverb_init	8	static
/Users/josnyder/dev/LEAF/leaf/Src/leaf-reverb.c:241:9:tNReverb_setMix	0	static
/Users/josnyder/dev/LEAF/leaf/Src/leaf-reverb.c:246:9:tNReverb_clear	16	static
/Users/josnyder/dev/LEAF/leaf/Src/leaf-reverb.c:259:10:tNReverb_tick	32	static
/Users/josnyder/dev/LEAF/leaf/Src/leaf-reverb.c:315:8:tNReverb_tickStereo	40	static
/Users/josnyder/dev/LEAF/leaf/Src/leaf-reverb.c:365:10:tNReverb_setSampleRate	96	static
/Users/josnyder/dev/LEAF/leaf/Src/leaf-reverb.c:476:9:tDattorroReverb_free	16	static
/Users/josnyder/dev/LEAF/leaf/Src/leaf-reverb.c:518:9:tDattorroReverb_clear	8	static
/Users/josnyder/dev/LEAF/leaf/Src/leaf-reverb.c:529:10:tDattorroReverb_tick	40	static
/Users/josnyder/dev/LEAF/leaf/Src/leaf-reverb.c:636:8:tDattorroReverb_tickStereo	40	static
/Users/josnyder/dev/LEAF/leaf/Src/leaf-reverb.c:754:9:tDattorroReverb_setMix	0	static
/Users/josnyder/dev/LEAF/leaf/Src/leaf-reverb.c:759:9:tDattorroReverb_setFreeze	24	static
/Users/josnyder/dev/LEAF/leaf/Src/leaf-reverb.c:788:9:tDattorroReverb_setHP	16	static
/Users/josnyder/dev/LEAF/leaf/Src/leaf-reverb.c:796:9:tDattorroReverb_setSize	8	static
/Users/josnyder/dev/LEAF/leaf/Src/leaf-reverb.c:826:9:tDattorroReverb_setInputDelay	8	static
/Users/josnyder/dev/LEAF/leaf/Src/leaf-reverb.c:833:9:tDattorroReverb_setInputFilter	8	static
/Users/josnyder/dev/LEAF/leaf/Src/leaf-reverb.c:840:9:tDattorroReverb_setFeedbackFilter	8	static
/Users/josnyder/dev/LEAF/leaf/Src/leaf-reverb.c:848:9:tDattorroReverb_setFeedbackGain	0	static
/Users/josnyder/dev/LEAF/leaf/Src/leaf-reverb.c:415:9:tDattorroReverb_initToPool	48	static
/Users/josnyder/dev/LEAF/leaf/Src/leaf-reverb.c:410:9:tDattorroReverb_init	8	static
/Users/josnyder/dev/LEAF/leaf/Src/leaf-reverb.c:853:9:tDattorroReverb_setSampleRate	72	static
