../Drivers/CMSIS/Include/core_cm7.h:1932:22:__NVIC_DisableIRQ	0	static,ignoring_inline_asm
../Drivers/CMSIS/Include/core_cm7.h:2024:22:__NVIC_SetPriority	0	static
../Drivers/CMSIS/Include/core_cm7.h:2046:26:__NVIC_GetPriority	0	static
../Drivers/CMSIS/Include/core_cm7.h:2071:26:NVIC_EncodePriority	4	static
../Drivers/CMSIS/Include/core_cm7.h:2098:22:NVIC_DecodePriority	8	static
../Drivers/CMSIS/Include/core_cm7.h:2147:34:__NVIC_SystemReset	0	static,ignoring_inline_asm
../Drivers/STM32H7xx_HAL_Driver/Src/stm32h7xx_hal_cortex.c:143:6:HAL_NVIC_SetPriorityGrouping	0	static
../Drivers/STM32H7xx_HAL_Driver/Src/stm32h7xx_hal_cortex.c:165:6:HAL_NVIC_SetPriority	8	static
../Drivers/STM32H7xx_HAL_Driver/Src/stm32h7xx_hal_cortex.c:187:6:HAL_NVIC_EnableIRQ	0	static
../Drivers/STM32H7xx_HAL_Driver/Src/stm32h7xx_hal_cortex.c:203:6:HAL_NVIC_DisableIRQ	8	static
../Drivers/STM32H7xx_HAL_Driver/Src/stm32h7xx_hal_cortex.c:216:6:HAL_NVIC_SystemReset	8	static
../Drivers/STM32H7xx_HAL_Driver/Src/stm32h7xx_hal_cortex.c:229:10:HAL_SYSTICK_Config	0	static
../Drivers/STM32H7xx_HAL_Driver/Src/stm32h7xx_hal_cortex.c:257:6:HAL_MPU_Disable	0	static,ignoring_inline_asm
../Drivers/STM32H7xx_HAL_Driver/Src/stm32h7xx_hal_cortex.c:280:6:HAL_MPU_Enable	0	static,ignoring_inline_asm
../Drivers/STM32H7xx_HAL_Driver/Src/stm32h7xx_hal_cortex.c:298:6:HAL_MPU_ConfigRegion	0	static
../Drivers/STM32H7xx_HAL_Driver/Src/stm32h7xx_hal_cortex.c:342:10:HAL_NVIC_GetPriorityGrouping	0	static
../Drivers/STM32H7xx_HAL_Driver/Src/stm32h7xx_hal_cortex.c:369:6:HAL_NVIC_GetPriority	16	static
../Drivers/STM32H7xx_HAL_Driver/Src/stm32h7xx_hal_cortex.c:384:6:HAL_NVIC_SetPendingIRQ	0	static
../Drivers/STM32H7xx_HAL_Driver/Src/stm32h7xx_hal_cortex.c:402:10:HAL_NVIC_GetPendingIRQ	0	static
../Drivers/STM32H7xx_HAL_Driver/Src/stm32h7xx_hal_cortex.c:418:6:HAL_NVIC_ClearPendingIRQ	0	static
../Drivers/STM32H7xx_HAL_Driver/Src/stm32h7xx_hal_cortex.c:435:10:HAL_NVIC_GetActive	0	static
../Drivers/STM32H7xx_HAL_Driver/Src/stm32h7xx_hal_cortex.c:452:6:HAL_SYSTICK_CLKSourceConfig	0	static
../Drivers/STM32H7xx_HAL_Driver/Src/stm32h7xx_hal_cortex.c:479:13:HAL_SYSTICK_Callback	0	static
../Drivers/STM32H7xx_HAL_Driver/Src/stm32h7xx_hal_cortex.c:470:6:HAL_SYSTICK_IRQHandler	8	static
../Drivers/STM32H7xx_HAL_Driver/Src/stm32h7xx_hal_cortex.c:510:10:HAL_GetCurrentCPUID	0	static
