../Drivers/STM32H7xx_HAL_Driver/Src/stm32h7xx_hal_sai.c:2266:26:SAI_InitI2S	4	static
../Drivers/STM32H7xx_HAL_Driver/Src/stm32h7xx_hal_sai.c:2361:26:SAI_InitPCM	8	static
../Drivers/STM32H7xx_HAL_Driver/Src/stm32h7xx_hal_sai.c:2431:13:SAI_FillFifo	4	static
../Drivers/STM32H7xx_HAL_Driver/Src/stm32h7xx_hal_sai.c:2474:17:SAI_InterruptFlag	0	static
../Drivers/STM32H7xx_HAL_Driver/Src/stm32h7xx_hal_sai.c:2507:26:SAI_Disable	0	static
../Drivers/STM32H7xx_HAL_Driver/Src/stm32h7xx_hal_sai.c:838:13:HAL_SAI_MspInit	0	static
../Drivers/STM32H7xx_HAL_Driver/Src/stm32h7xx_hal_sai.c:371:19:HAL_SAI_Init	24	static
../Drivers/STM32H7xx_HAL_Driver/Src/stm32h7xx_hal_sai.c:332:19:HAL_SAI_InitProtocol	8	static
../Drivers/STM32H7xx_HAL_Driver/Src/stm32h7xx_hal_sai.c:854:13:HAL_SAI_MspDeInit	0	static
../Drivers/STM32H7xx_HAL_Driver/Src/stm32h7xx_hal_sai.c:757:19:HAL_SAI_DeInit	16	static
../Drivers/STM32H7xx_HAL_Driver/Src/stm32h7xx_hal_sai.c:1095:19:HAL_SAI_Transmit	32	static
../Drivers/STM32H7xx_HAL_Driver/Src/stm32h7xx_hal_sai.c:1208:19:HAL_SAI_Receive	32	static
../Drivers/STM32H7xx_HAL_Driver/Src/stm32h7xx_hal_sai.c:1318:19:HAL_SAI_Transmit_IT	16	static
../Drivers/STM32H7xx_HAL_Driver/Src/stm32h7xx_hal_sai.c:1380:19:HAL_SAI_Receive_IT	16	static
../Drivers/STM32H7xx_HAL_Driver/Src/stm32h7xx_hal_sai.c:1438:19:HAL_SAI_DMAPause	0	static
../Drivers/STM32H7xx_HAL_Driver/Src/stm32h7xx_hal_sai.c:1458:19:HAL_SAI_DMAResume	0	static
../Drivers/STM32H7xx_HAL_Driver/Src/stm32h7xx_hal_sai.c:1485:19:HAL_SAI_DMAStop	16	static
../Drivers/STM32H7xx_HAL_Driver/Src/stm32h7xx_hal_sai.c:1547:19:HAL_SAI_Abort	16	static
../Drivers/STM32H7xx_HAL_Driver/Src/stm32h7xx_hal_sai.c:1619:19:HAL_SAI_Transmit_DMA	24	static
../Drivers/STM32H7xx_HAL_Driver/Src/stm32h7xx_hal_sai.c:1706:19:HAL_SAI_Receive_DMA	16	static
../Drivers/STM32H7xx_HAL_Driver/Src/stm32h7xx_hal_sai.c:1775:19:HAL_SAI_EnableTxMuteMode	0	static
../Drivers/STM32H7xx_HAL_Driver/Src/stm32h7xx_hal_sai.c:1794:19:HAL_SAI_DisableTxMuteMode	0	static
../Drivers/STM32H7xx_HAL_Driver/Src/stm32h7xx_hal_sai.c:1812:19:HAL_SAI_EnableRxMuteMode	4	static
../Drivers/STM32H7xx_HAL_Driver/Src/stm32h7xx_hal_sai.c:1835:19:HAL_SAI_DisableRxMuteMode	0	static
../Drivers/STM32H7xx_HAL_Driver/Src/stm32h7xx_hal_sai.c:2127:13:HAL_SAI_TxCpltCallback	0	static
../Drivers/STM32H7xx_HAL_Driver/Src/stm32h7xx_hal_sai.c:2600:13:SAI_Transmit_IT32Bit	8	static
../Drivers/STM32H7xx_HAL_Driver/Src/stm32h7xx_hal_sai.c:2567:13:SAI_Transmit_IT16Bit	8	static
../Drivers/STM32H7xx_HAL_Driver/Src/stm32h7xx_hal_sai.c:2538:13:SAI_Transmit_IT8Bit	8	static
../Drivers/STM32H7xx_HAL_Driver/Src/stm32h7xx_hal_sai.c:2744:13:SAI_DMATxCplt	8	static
../Drivers/STM32H7xx_HAL_Driver/Src/stm32h7xx_hal_sai.c:2143:13:HAL_SAI_TxHalfCpltCallback	0	static
../Drivers/STM32H7xx_HAL_Driver/Src/stm32h7xx_hal_sai.c:2773:13:SAI_DMATxHalfCplt	8	static
../Drivers/STM32H7xx_HAL_Driver/Src/stm32h7xx_hal_sai.c:2159:13:HAL_SAI_RxCpltCallback	0	static
../Drivers/STM32H7xx_HAL_Driver/Src/stm32h7xx_hal_sai.c:2704:13:SAI_Receive_IT32Bit	8	static
../Drivers/STM32H7xx_HAL_Driver/Src/stm32h7xx_hal_sai.c:2668:13:SAI_Receive_IT16Bit	8	static
../Drivers/STM32H7xx_HAL_Driver/Src/stm32h7xx_hal_sai.c:2637:13:SAI_Receive_IT8Bit	8	static
../Drivers/STM32H7xx_HAL_Driver/Src/stm32h7xx_hal_sai.c:2790:13:SAI_DMARxCplt	8	static
../Drivers/STM32H7xx_HAL_Driver/Src/stm32h7xx_hal_sai.c:2175:13:HAL_SAI_RxHalfCpltCallback	0	static
../Drivers/STM32H7xx_HAL_Driver/Src/stm32h7xx_hal_sai.c:2818:13:SAI_DMARxHalfCplt	8	static
../Drivers/STM32H7xx_HAL_Driver/Src/stm32h7xx_hal_sai.c:2191:13:HAL_SAI_ErrorCallback	0	static
../Drivers/STM32H7xx_HAL_Driver/Src/stm32h7xx_hal_sai.c:2835:13:SAI_DMAError	8	static
../Drivers/STM32H7xx_HAL_Driver/Src/stm32h7xx_hal_sai.c:1854:6:HAL_SAI_IRQHandler	8	static
../Drivers/STM32H7xx_HAL_Driver/Src/stm32h7xx_hal_sai.c:2873:13:SAI_DMAAbort	8	static
../Drivers/STM32H7xx_HAL_Driver/Src/stm32h7xx_hal_sai.c:2226:22:HAL_SAI_GetState	0	static
../Drivers/STM32H7xx_HAL_Driver/Src/stm32h7xx_hal_sai.c:2237:10:HAL_SAI_GetError	0	static
