../Drivers/STM32H7xx_HAL_Driver/Src/stm32h7xx_hal_hcd.c:1813:13:HCD_RXQLVL_IRQHandler	24	static
../Drivers/STM32H7xx_HAL_Driver/Src/stm32h7xx_hal_hcd.c:260:19:HAL_HCD_HC_Halt	8	static
../Drivers/STM32H7xx_HAL_Driver/Src/stm32h7xx_hal_hcd.c:311:14:HAL_HCD_MspInit	0	static
../Drivers/STM32H7xx_HAL_Driver/Src/stm32h7xx_hal_hcd.c:110:19:HAL_HCD_Init	16	static
../Drivers/STM32H7xx_HAL_Driver/Src/stm32h7xx_hal_hcd.c:326:14:HAL_HCD_MspDeInit	0	static
../Drivers/STM32H7xx_HAL_Driver/Src/stm32h7xx_hal_hcd.c:276:19:HAL_HCD_DeInit	8	static
../Drivers/STM32H7xx_HAL_Driver/Src/stm32h7xx_hal_hcd.c:378:19:HAL_HCD_HC_SubmitRequest	16	static
../Drivers/STM32H7xx_HAL_Driver/Src/stm32h7xx_hal_hcd.c:645:13:HAL_HCD_SOF_Callback	0	static
../Drivers/STM32H7xx_HAL_Driver/Src/stm32h7xx_hal_hcd.c:660:13:HAL_HCD_Connect_Callback	0	static
../Drivers/STM32H7xx_HAL_Driver/Src/stm32h7xx_hal_hcd.c:675:13:HAL_HCD_Disconnect_Callback	0	static
../Drivers/STM32H7xx_HAL_Driver/Src/stm32h7xx_hal_hcd.c:690:13:HAL_HCD_PortEnabled_Callback	0	static
../Drivers/STM32H7xx_HAL_Driver/Src/stm32h7xx_hal_hcd.c:705:13:HAL_HCD_PortDisabled_Callback	0	static
../Drivers/STM32H7xx_HAL_Driver/Src/stm32h7xx_hal_hcd.c:1879:13:HCD_Port_IRQHandler	24	static
../Drivers/STM32H7xx_HAL_Driver/Src/stm32h7xx_hal_hcd.c:730:13:HAL_HCD_HC_NotifyURBChange_Callback	0	static
../Drivers/STM32H7xx_HAL_Driver/Src/stm32h7xx_hal_hcd.c:1253:13:HCD_HC_IN_IRQHandler	24	static
../Drivers/STM32H7xx_HAL_Driver/Src/stm32h7xx_hal_hcd.c:1572:13:HCD_HC_OUT_IRQHandler	16	static
../Drivers/STM32H7xx_HAL_Driver/Src/stm32h7xx_hal_hcd.c:522:6:HAL_HCD_IRQHandler	24	static
../Drivers/STM32H7xx_HAL_Driver/Src/stm32h7xx_hal_hcd.c:1046:19:HAL_HCD_Start	8	static
../Drivers/STM32H7xx_HAL_Driver/Src/stm32h7xx_hal_hcd.c:1065:19:HAL_HCD_Stop	8	static
../Drivers/STM32H7xx_HAL_Driver/Src/stm32h7xx_hal_hcd.c:1079:19:HAL_HCD_ResetPort	8	static
../Drivers/STM32H7xx_HAL_Driver/Src/stm32h7xx_hal_hcd.c:1108:18:HAL_HCD_GetState	0	static
../Drivers/STM32H7xx_HAL_Driver/Src/stm32h7xx_hal_hcd.c:1127:21:HAL_HCD_HC_GetURBState	0	static
../Drivers/STM32H7xx_HAL_Driver/Src/stm32h7xx_hal_hcd.c:1140:10:HAL_HCD_HC_GetXferCount	0	static
../Drivers/STM32H7xx_HAL_Driver/Src/stm32h7xx_hal_hcd.c:1162:21:HAL_HCD_HC_GetState	0	static
../Drivers/STM32H7xx_HAL_Driver/Src/stm32h7xx_hal_hcd.c:1172:10:HAL_HCD_GetCurrentFrame	8	static
../Drivers/STM32H7xx_HAL_Driver/Src/stm32h7xx_hal_hcd.c:1182:10:HAL_HCD_GetCurrentSpeed	8	static
../Drivers/STM32H7xx_HAL_Driver/Src/stm32h7xx_hal_hcd.c:1196:19:HAL_HCD_HC_SetHubInfo	24	static
../Drivers/STM32H7xx_HAL_Driver/Src/stm32h7xx_hal_hcd.c:1226:19:HAL_HCD_HC_ClearHubInfo	0	static
../Drivers/STM32H7xx_HAL_Driver/Src/stm32h7xx_hal_hcd.c:202:19:HAL_HCD_HC_Init	56	static
