../Drivers/STM32H7xx_HAL_Driver/Inc/stm32h7xx_ll_adc.h:2492:22:LL_ADC_SetCalibrationOffsetFactor	0	static
../Drivers/STM32H7xx_HAL_Driver/Inc/stm32h7xx_ll_adc.h:2548:22:LL_ADC_SetCalibrationLinearFactor	0	static
../Drivers/STM32H7xx_HAL_Driver/Inc/stm32h7xx_ll_adc.h:2575:26:LL_ADC_GetCalibrationLinearFactor	0	static
../Drivers/STM32H7xx_HAL_Driver/Inc/stm32h7xx_ll_adc.h:4497:22:LL_ADC_SetChannelSamplingTime	4	static
../Drivers/STM32H7xx_HAL_Driver/Src/stm32h7xx_hal_adc_ex.c:136:19:HAL_ADCEx_Calibration_Start	24	static
../Drivers/STM32H7xx_HAL_Driver/Src/stm32h7xx_hal_adc_ex.c:210:10:HAL_ADCEx_Calibration_GetValue	0	static
../Drivers/STM32H7xx_HAL_Driver/Src/stm32h7xx_hal_adc_ex.c:226:19:HAL_ADCEx_LinearCalibration_GetValue	32	static
../Drivers/STM32H7xx_HAL_Driver/Src/stm32h7xx_hal_adc_ex.c:271:19:HAL_ADCEx_Calibration_SetValue	16	static
../Drivers/STM32H7xx_HAL_Driver/Src/stm32h7xx_hal_adc_ex.c:322:19:HAL_ADCEx_LinearCalibration_SetValue	32	static
../Drivers/STM32H7xx_HAL_Driver/Src/stm32h7xx_hal_adc_ex.c:412:19:HAL_ADCEx_LinearCalibration_FactorLoad	32	static
../Drivers/STM32H7xx_HAL_Driver/Src/stm32h7xx_hal_adc_ex.c:456:19:HAL_ADCEx_InjectedStart	16	static
../Drivers/STM32H7xx_HAL_Driver/Src/stm32h7xx_hal_adc_ex.c:593:19:HAL_ADCEx_InjectedStop	8	static
../Drivers/STM32H7xx_HAL_Driver/Src/stm32h7xx_hal_adc_ex.c:648:19:HAL_ADCEx_InjectedPollForConversion	24	static
../Drivers/STM32H7xx_HAL_Driver/Src/stm32h7xx_hal_adc_ex.c:779:19:HAL_ADCEx_InjectedStart_IT	16	static
../Drivers/STM32H7xx_HAL_Driver/Src/stm32h7xx_hal_adc_ex.c:940:19:HAL_ADCEx_InjectedStop_IT	8	static
../Drivers/STM32H7xx_HAL_Driver/Src/stm32h7xx_hal_adc_ex.c:1006:19:HAL_ADCEx_MultiModeStart_DMA	120	static
../Drivers/STM32H7xx_HAL_Driver/Src/stm32h7xx_hal_adc_ex.c:1120:19:HAL_ADCEx_MultiModeStop_DMA	120	static
../Drivers/STM32H7xx_HAL_Driver/Src/stm32h7xx_hal_adc_ex.c:1233:10:HAL_ADCEx_MultiModeGetValue	0	static
../Drivers/STM32H7xx_HAL_Driver/Src/stm32h7xx_hal_adc_ex.c:1279:10:HAL_ADCEx_InjectedGetValue	0	static
../Drivers/STM32H7xx_HAL_Driver/Src/stm32h7xx_hal_adc_ex.c:1314:13:HAL_ADCEx_InjectedConvCpltCallback	0	static
../Drivers/STM32H7xx_HAL_Driver/Src/stm32h7xx_hal_adc_ex.c:1333:13:HAL_ADCEx_InjectedQueueOverflowCallback	0	static
../Drivers/STM32H7xx_HAL_Driver/Src/stm32h7xx_hal_adc_ex.c:1348:13:HAL_ADCEx_LevelOutOfWindow2Callback	0	static
../Drivers/STM32H7xx_HAL_Driver/Src/stm32h7xx_hal_adc_ex.c:1363:13:HAL_ADCEx_LevelOutOfWindow3Callback	0	static
../Drivers/STM32H7xx_HAL_Driver/Src/stm32h7xx_hal_adc_ex.c:1379:13:HAL_ADCEx_EndOfSamplingCallback	0	static
../Drivers/STM32H7xx_HAL_Driver/Src/stm32h7xx_hal_adc_ex.c:1396:19:HAL_ADCEx_RegularStop	8	static
../Drivers/STM32H7xx_HAL_Driver/Src/stm32h7xx_hal_adc_ex.c:1454:19:HAL_ADCEx_RegularStop_IT	8	static
../Drivers/STM32H7xx_HAL_Driver/Src/stm32h7xx_hal_adc_ex.c:1514:19:HAL_ADCEx_RegularStop_DMA	16	static
../Drivers/STM32H7xx_HAL_Driver/Src/stm32h7xx_hal_adc_ex.c:1600:19:HAL_ADCEx_RegularMultiModeStop_DMA	120	static
../Drivers/STM32H7xx_HAL_Driver/Src/stm32h7xx_hal_adc_ex.c:1773:19:HAL_ADCEx_InjectedConfigChannel	32	static,ignoring_inline_asm
../Drivers/STM32H7xx_HAL_Driver/Src/stm32h7xx_hal_adc_ex.c:2229:19:HAL_ADCEx_MultiModeConfigChannel	112	static
../Drivers/STM32H7xx_HAL_Driver/Src/stm32h7xx_hal_adc_ex.c:2339:19:HAL_ADCEx_EnableInjectedQueue	0	static
../Drivers/STM32H7xx_HAL_Driver/Src/stm32h7xx_hal_adc_ex.c:2380:19:HAL_ADCEx_DisableInjectedQueue	0	static
../Drivers/STM32H7xx_HAL_Driver/Src/stm32h7xx_hal_adc_ex.c:2417:19:HAL_ADCEx_DisableVoltageRegulator	0	static
../Drivers/STM32H7xx_HAL_Driver/Src/stm32h7xx_hal_adc_ex.c:2454:19:HAL_ADCEx_EnterADCDeepPowerDownMode	0	static
