../Drivers/STM32H7xx_HAL_Driver/Src/stm32h7xx_hal_hrtim.c:7492:13:HRTIM_MasterBase_Config	4	static
../Drivers/STM32H7xx_HAL_Driver/Src/stm32h7xx_hal_hrtim.c:7521:13:HRTIM_TimingUnitBase_Config	12	static
../Drivers/STM32H7xx_HAL_Driver/Src/stm32h7xx_hal_hrtim.c:7550:13:HRTIM_MasterWaveform_Config	8	static
../Drivers/STM32H7xx_HAL_Driver/Src/stm32h7xx_hal_hrtim.c:7604:14:HRTIM_TimingUnitWaveform_Config	24	static
../Drivers/STM32H7xx_HAL_Driver/Src/stm32h7xx_hal_hrtim.c:7755:13:HRTIM_CaptureUnitConfig	0	static
../Drivers/STM32H7xx_HAL_Driver/Src/stm32h7xx_hal_hrtim.c:7855:14:HRTIM_OutputConfig	16	static
../Drivers/STM32H7xx_HAL_Driver/Src/stm32h7xx_hal_hrtim.c:7946:13:HRTIM_EventConfig	12	static
../Drivers/STM32H7xx_HAL_Driver/Src/stm32h7xx_hal_hrtim.c:8122:13:HRTIM_TIM_ResetConfig	0	static
../Drivers/STM32H7xx_HAL_Driver/Src/stm32h7xx_hal_hrtim.c:8212:17:HRTIM_GetITFromOCMode	0	static
../Drivers/STM32H7xx_HAL_Driver/Src/stm32h7xx_hal_hrtim.c:8318:17:HRTIM_GetDMAFromOCMode	0	static
../Drivers/STM32H7xx_HAL_Driver/Src/stm32h7xx_hal_hrtim.c:8405:28:HRTIM_GetDMAHandleFromTimerIdx	0	static
../Drivers/STM32H7xx_HAL_Driver/Src/stm32h7xx_hal_hrtim.c:8455:17:GetTimerIdxFromDMAHandle	0	static
../Drivers/STM32H7xx_HAL_Driver/Src/stm32h7xx_hal_hrtim.c:8498:13:HRTIM_ForceRegistersUpdate	0	static
../Drivers/STM32H7xx_HAL_Driver/Src/stm32h7xx_hal_hrtim.c:697:13:HAL_HRTIM_MspInit	0	static
../Drivers/STM32H7xx_HAL_Driver/Src/stm32h7xx_hal_hrtim.c:519:19:HAL_HRTIM_Init	16	static
../Drivers/STM32H7xx_HAL_Driver/Src/stm32h7xx_hal_hrtim.c:712:13:HAL_HRTIM_MspDeInit	0	static
../Drivers/STM32H7xx_HAL_Driver/Src/stm32h7xx_hal_hrtim.c:661:19:HAL_HRTIM_DeInit	8	static
../Drivers/STM32H7xx_HAL_Driver/Src/stm32h7xx_hal_hrtim.c:742:19:HAL_HRTIM_TimeBaseConfig	8	static
../Drivers/STM32H7xx_HAL_Driver/Src/stm32h7xx_hal_hrtim.c:813:19:HAL_HRTIM_SimpleBaseStart	8	static
../Drivers/STM32H7xx_HAL_Driver/Src/stm32h7xx_hal_hrtim.c:848:19:HAL_HRTIM_SimpleBaseStop	0	static
../Drivers/STM32H7xx_HAL_Driver/Src/stm32h7xx_hal_hrtim.c:884:19:HAL_HRTIM_SimpleBaseStart_IT	4	static
../Drivers/STM32H7xx_HAL_Driver/Src/stm32h7xx_hal_hrtim.c:930:19:HAL_HRTIM_SimpleBaseStop_IT	0	static
../Drivers/STM32H7xx_HAL_Driver/Src/stm32h7xx_hal_hrtim.c:979:19:HAL_HRTIM_SimpleBaseStart_DMA	24	static
../Drivers/STM32H7xx_HAL_Driver/Src/stm32h7xx_hal_hrtim.c:1081:19:HAL_HRTIM_SimpleBaseStop_DMA	16	static
../Drivers/STM32H7xx_HAL_Driver/Src/stm32h7xx_hal_hrtim.c:1203:19:HAL_HRTIM_SimpleOCChannelConfig	48	static
../Drivers/STM32H7xx_HAL_Driver/Src/stm32h7xx_hal_hrtim.c:1371:19:HAL_HRTIM_SimpleOCStart	4	static
../Drivers/STM32H7xx_HAL_Driver/Src/stm32h7xx_hal_hrtim.c:1421:19:HAL_HRTIM_SimpleOCStop	4	static
../Drivers/STM32H7xx_HAL_Driver/Src/stm32h7xx_hal_hrtim.c:1476:19:HAL_HRTIM_SimpleOCStart_IT	24	static
../Drivers/STM32H7xx_HAL_Driver/Src/stm32h7xx_hal_hrtim.c:1535:19:HAL_HRTIM_SimpleOCStop_IT	16	static
../Drivers/STM32H7xx_HAL_Driver/Src/stm32h7xx_hal_hrtim.c:1602:19:HAL_HRTIM_SimpleOCStart_DMA	24	static
../Drivers/STM32H7xx_HAL_Driver/Src/stm32h7xx_hal_hrtim.c:1709:19:HAL_HRTIM_SimpleOCStop_DMA	24	static
../Drivers/STM32H7xx_HAL_Driver/Src/stm32h7xx_hal_hrtim.c:1817:19:HAL_HRTIM_SimplePWMChannelConfig	48	static
../Drivers/STM32H7xx_HAL_Driver/Src/stm32h7xx_hal_hrtim.c:1935:19:HAL_HRTIM_SimplePWMStart	4	static
../Drivers/STM32H7xx_HAL_Driver/Src/stm32h7xx_hal_hrtim.c:1985:19:HAL_HRTIM_SimplePWMStop	4	static
../Drivers/STM32H7xx_HAL_Driver/Src/stm32h7xx_hal_hrtim.c:2036:19:HAL_HRTIM_SimplePWMStart_IT	4	static
../Drivers/STM32H7xx_HAL_Driver/Src/stm32h7xx_hal_hrtim.c:2126:19:HAL_HRTIM_SimplePWMStop_IT	4	static
../Drivers/STM32H7xx_HAL_Driver/Src/stm32h7xx_hal_hrtim.c:2220:19:HAL_HRTIM_SimplePWMStart_DMA	24	static
../Drivers/STM32H7xx_HAL_Driver/Src/stm32h7xx_hal_hrtim.c:2359:19:HAL_HRTIM_SimplePWMStop_DMA	16	static
../Drivers/STM32H7xx_HAL_Driver/Src/stm32h7xx_hal_hrtim.c:2483:19:HAL_HRTIM_SimpleCaptureChannelConfig	56	static
../Drivers/STM32H7xx_HAL_Driver/Src/stm32h7xx_hal_hrtim.c:2554:19:HAL_HRTIM_SimpleCaptureStart	4	static
../Drivers/STM32H7xx_HAL_Driver/Src/stm32h7xx_hal_hrtim.c:2625:19:HAL_HRTIM_SimpleCaptureStop	4	static
../Drivers/STM32H7xx_HAL_Driver/Src/stm32h7xx_hal_hrtim.c:2707:19:HAL_HRTIM_SimpleCaptureStart_IT	4	static
../Drivers/STM32H7xx_HAL_Driver/Src/stm32h7xx_hal_hrtim.c:2785:19:HAL_HRTIM_SimpleCaptureStop_IT	4	static
../Drivers/STM32H7xx_HAL_Driver/Src/stm32h7xx_hal_hrtim.c:2878:19:HAL_HRTIM_SimpleCaptureStart_DMA	24	static
../Drivers/STM32H7xx_HAL_Driver/Src/stm32h7xx_hal_hrtim.c:2991:19:HAL_HRTIM_SimpleCaptureStop_DMA	16	static
../Drivers/STM32H7xx_HAL_Driver/Src/stm32h7xx_hal_hrtim.c:3138:19:HAL_HRTIM_SimpleOnePulseChannelConfig	80	static
../Drivers/STM32H7xx_HAL_Driver/Src/stm32h7xx_hal_hrtim.c:3274:19:HAL_HRTIM_SimpleOnePulseStart	4	static
../Drivers/STM32H7xx_HAL_Driver/Src/stm32h7xx_hal_hrtim.c:3324:19:HAL_HRTIM_SimpleOnePulseStop	4	static
../Drivers/STM32H7xx_HAL_Driver/Src/stm32h7xx_hal_hrtim.c:3375:19:HAL_HRTIM_SimpleOnePulseStart_IT	4	static
../Drivers/STM32H7xx_HAL_Driver/Src/stm32h7xx_hal_hrtim.c:3465:19:HAL_HRTIM_SimpleOnePulseStop_IT	4	static
../Drivers/STM32H7xx_HAL_Driver/Src/stm32h7xx_hal_hrtim.c:3562:19:HAL_HRTIM_BurstModeConfig	8	static
../Drivers/STM32H7xx_HAL_Driver/Src/stm32h7xx_hal_hrtim.c:3642:19:HAL_HRTIM_EventConfig	16	static
../Drivers/STM32H7xx_HAL_Driver/Src/stm32h7xx_hal_hrtim.c:3687:19:HAL_HRTIM_EventPrescalerConfig	4	static
../Drivers/STM32H7xx_HAL_Driver/Src/stm32h7xx_hal_hrtim.c:3729:19:HAL_HRTIM_FaultConfig	8	static
../Drivers/STM32H7xx_HAL_Driver/Src/stm32h7xx_hal_hrtim.c:3854:19:HAL_HRTIM_FaultPrescalerConfig	4	static
../Drivers/STM32H7xx_HAL_Driver/Src/stm32h7xx_hal_hrtim.c:3897:6:HAL_HRTIM_FaultModeCtl	4	static
../Drivers/STM32H7xx_HAL_Driver/Src/stm32h7xx_hal_hrtim.c:3941:19:HAL_HRTIM_ADCTriggerConfig	4	static
../Drivers/STM32H7xx_HAL_Driver/Src/stm32h7xx_hal_hrtim.c:4093:19:HAL_HRTIM_WaveformTimerConfig	16	static
../Drivers/STM32H7xx_HAL_Driver/Src/stm32h7xx_hal_hrtim.c:4194:19:HAL_HRTIM_TimerEventFilteringConfig	0	static
../Drivers/STM32H7xx_HAL_Driver/Src/stm32h7xx_hal_hrtim.c:4324:19:HAL_HRTIM_DeadTimeConfig	12	static
../Drivers/STM32H7xx_HAL_Driver/Src/stm32h7xx_hal_hrtim.c:4389:19:HAL_HRTIM_ChopperModeConfig	4	static
../Drivers/STM32H7xx_HAL_Driver/Src/stm32h7xx_hal_hrtim.c:4466:19:HAL_HRTIM_BurstDMAConfig	0	static
../Drivers/STM32H7xx_HAL_Driver/Src/stm32h7xx_hal_hrtim.c:4573:19:HAL_HRTIM_WaveformCompareConfig	8	static
../Drivers/STM32H7xx_HAL_Driver/Src/stm32h7xx_hal_hrtim.c:4774:19:HAL_HRTIM_WaveformCaptureConfig	0	static
../Drivers/STM32H7xx_HAL_Driver/Src/stm32h7xx_hal_hrtim.c:4860:19:HAL_HRTIM_WaveformOutputConfig	16	static
../Drivers/STM32H7xx_HAL_Driver/Src/stm32h7xx_hal_hrtim.c:4928:19:HAL_HRTIM_WaveformSetOutputLevel	0	static
../Drivers/STM32H7xx_HAL_Driver/Src/stm32h7xx_hal_hrtim.c:5030:19:HAL_HRTIM_WaveformOutputStart	4	static
../Drivers/STM32H7xx_HAL_Driver/Src/stm32h7xx_hal_hrtim.c:5070:19:HAL_HRTIM_WaveformOutputStop	4	static
../Drivers/STM32H7xx_HAL_Driver/Src/stm32h7xx_hal_hrtim.c:5106:19:HAL_HRTIM_WaveformCountStart	4	static
../Drivers/STM32H7xx_HAL_Driver/Src/stm32h7xx_hal_hrtim.c:5143:19:HAL_HRTIM_WaveformCountStop	4	static
../Drivers/STM32H7xx_HAL_Driver/Src/stm32h7xx_hal_hrtim.c:5183:19:HAL_HRTIM_WaveformCountStart_IT	8	static
../Drivers/STM32H7xx_HAL_Driver/Src/stm32h7xx_hal_hrtim.c:5245:19:HAL_HRTIM_WaveformCountStop_IT	16	static
../Drivers/STM32H7xx_HAL_Driver/Src/stm32h7xx_hal_hrtim.c:5317:19:HAL_HRTIM_WaveformCountStart_DMA	24	static
../Drivers/STM32H7xx_HAL_Driver/Src/stm32h7xx_hal_hrtim.c:5438:19:HAL_HRTIM_WaveformCountStop_DMA	24	static
../Drivers/STM32H7xx_HAL_Driver/Src/stm32h7xx_hal_hrtim.c:5513:19:HAL_HRTIM_BurstModeCtl	4	static
../Drivers/STM32H7xx_HAL_Driver/Src/stm32h7xx_hal_hrtim.c:5545:19:HAL_HRTIM_BurstModeSoftwareTrigger	0	static
../Drivers/STM32H7xx_HAL_Driver/Src/stm32h7xx_hal_hrtim.c:5586:19:HAL_HRTIM_SoftwareCapture	0	static
../Drivers/STM32H7xx_HAL_Driver/Src/stm32h7xx_hal_hrtim.c:5658:19:HAL_HRTIM_SoftwareUpdate	4	static
../Drivers/STM32H7xx_HAL_Driver/Src/stm32h7xx_hal_hrtim.c:5700:19:HAL_HRTIM_SoftwareReset	0	static
../Drivers/STM32H7xx_HAL_Driver/Src/stm32h7xx_hal_hrtim.c:5751:19:HAL_HRTIM_BurstDMATransfer	16	static
../Drivers/STM32H7xx_HAL_Driver/Src/stm32h7xx_hal_hrtim.c:5835:19:HAL_HRTIM_UpdateEnable	4	static
../Drivers/STM32H7xx_HAL_Driver/Src/stm32h7xx_hal_hrtim.c:5871:19:HAL_HRTIM_UpdateDisable	4	static
../Drivers/STM32H7xx_HAL_Driver/Src/stm32h7xx_hal_hrtim.c:5923:24:HAL_HRTIM_GetState	0	static
../Drivers/STM32H7xx_HAL_Driver/Src/stm32h7xx_hal_hrtim.c:5945:10:HAL_HRTIM_GetCapturedValue	0	static
../Drivers/STM32H7xx_HAL_Driver/Src/stm32h7xx_hal_hrtim.c:6013:10:HAL_HRTIM_WaveformGetOutputLevel	0	static
../Drivers/STM32H7xx_HAL_Driver/Src/stm32h7xx_hal_hrtim.c:6102:10:HAL_HRTIM_WaveformGetOutputState	0	static
../Drivers/STM32H7xx_HAL_Driver/Src/stm32h7xx_hal_hrtim.c:6238:10:HAL_HRTIM_GetDelayedProtectionStatus	0	static
../Drivers/STM32H7xx_HAL_Driver/Src/stm32h7xx_hal_hrtim.c:6312:10:HAL_HRTIM_GetBurstStatus	0	static
../Drivers/STM32H7xx_HAL_Driver/Src/stm32h7xx_hal_hrtim.c:6335:10:HAL_HRTIM_GetCurrentPushPullStatus	0	static
../Drivers/STM32H7xx_HAL_Driver/Src/stm32h7xx_hal_hrtim.c:6363:10:HAL_HRTIM_GetIdlePushPullStatus	0	static
../Drivers/STM32H7xx_HAL_Driver/Src/stm32h7xx_hal_hrtim.c:6474:13:HAL_HRTIM_Fault1Callback	0	static
../Drivers/STM32H7xx_HAL_Driver/Src/stm32h7xx_hal_hrtim.c:6489:13:HAL_HRTIM_Fault2Callback	0	static
../Drivers/STM32H7xx_HAL_Driver/Src/stm32h7xx_hal_hrtim.c:6504:13:HAL_HRTIM_Fault3Callback	0	static
../Drivers/STM32H7xx_HAL_Driver/Src/stm32h7xx_hal_hrtim.c:6519:13:HAL_HRTIM_Fault4Callback	0	static
../Drivers/STM32H7xx_HAL_Driver/Src/stm32h7xx_hal_hrtim.c:6534:13:HAL_HRTIM_Fault5Callback	0	static
../Drivers/STM32H7xx_HAL_Driver/Src/stm32h7xx_hal_hrtim.c:6549:13:HAL_HRTIM_SystemFaultCallback	0	static
../Drivers/STM32H7xx_HAL_Driver/Src/stm32h7xx_hal_hrtim.c:8550:13:HRTIM_HRTIM_ISR	8	static
../Drivers/STM32H7xx_HAL_Driver/Src/stm32h7xx_hal_hrtim.c:6564:13:HAL_HRTIM_BurstModePeriodCallback	0	static
../Drivers/STM32H7xx_HAL_Driver/Src/stm32h7xx_hal_hrtim.c:6579:13:HAL_HRTIM_SynchronizationEventCallback	0	static
../Drivers/STM32H7xx_HAL_Driver/Src/stm32h7xx_hal_hrtim.c:6602:13:HAL_HRTIM_RegistersUpdateCallback	0	static
../Drivers/STM32H7xx_HAL_Driver/Src/stm32h7xx_hal_hrtim.c:6627:13:HAL_HRTIM_RepetitionEventCallback	0	static
../Drivers/STM32H7xx_HAL_Driver/Src/stm32h7xx_hal_hrtim.c:6653:13:HAL_HRTIM_Compare1EventCallback	0	static
../Drivers/STM32H7xx_HAL_Driver/Src/stm32h7xx_hal_hrtim.c:6679:13:HAL_HRTIM_Compare2EventCallback	0	static
../Drivers/STM32H7xx_HAL_Driver/Src/stm32h7xx_hal_hrtim.c:6705:13:HAL_HRTIM_Compare3EventCallback	0	static
../Drivers/STM32H7xx_HAL_Driver/Src/stm32h7xx_hal_hrtim.c:6731:13:HAL_HRTIM_Compare4EventCallback	0	static
../Drivers/STM32H7xx_HAL_Driver/Src/stm32h7xx_hal_hrtim.c:9030:13:HRTIM_DMAMasterCplt	8	static
../Drivers/STM32H7xx_HAL_Driver/Src/stm32h7xx_hal_hrtim.c:8654:13:HRTIM_Master_ISR	8	static
../Drivers/STM32H7xx_HAL_Driver/Src/stm32h7xx_hal_hrtim.c:6755:13:HAL_HRTIM_Capture1EventCallback	0	static
../Drivers/STM32H7xx_HAL_Driver/Src/stm32h7xx_hal_hrtim.c:6779:13:HAL_HRTIM_Capture2EventCallback	0	static
../Drivers/STM32H7xx_HAL_Driver/Src/stm32h7xx_hal_hrtim.c:6804:13:HAL_HRTIM_DelayedProtectionCallback	0	static
../Drivers/STM32H7xx_HAL_Driver/Src/stm32h7xx_hal_hrtim.c:6829:13:HAL_HRTIM_CounterResetCallback	0	static
../Drivers/STM32H7xx_HAL_Driver/Src/stm32h7xx_hal_hrtim.c:6853:13:HAL_HRTIM_Output1SetCallback	0	static
../Drivers/STM32H7xx_HAL_Driver/Src/stm32h7xx_hal_hrtim.c:6877:13:HAL_HRTIM_Output1ResetCallback	0	static
../Drivers/STM32H7xx_HAL_Driver/Src/stm32h7xx_hal_hrtim.c:6901:13:HAL_HRTIM_Output2SetCallback	0	static
../Drivers/STM32H7xx_HAL_Driver/Src/stm32h7xx_hal_hrtim.c:6925:13:HAL_HRTIM_Output2ResetCallback	0	static
../Drivers/STM32H7xx_HAL_Driver/Src/stm32h7xx_hal_hrtim.c:9101:13:HRTIM_DMATimerxCplt	8	static
../Drivers/STM32H7xx_HAL_Driver/Src/stm32h7xx_hal_hrtim.c:8797:13:HRTIM_Timer_ISR	16	static
../Drivers/STM32H7xx_HAL_Driver/Src/stm32h7xx_hal_hrtim.c:6448:6:HAL_HRTIM_IRQHandler	8	static
../Drivers/STM32H7xx_HAL_Driver/Src/stm32h7xx_hal_hrtim.c:6950:13:HAL_HRTIM_BurstDMATransferCallback	0	static
../Drivers/STM32H7xx_HAL_Driver/Src/stm32h7xx_hal_hrtim.c:9250:13:HRTIM_BurstDMACplt	8	static
../Drivers/STM32H7xx_HAL_Driver/Src/stm32h7xx_hal_hrtim.c:6967:13:HAL_HRTIM_ErrorCallback	0	static
../Drivers/STM32H7xx_HAL_Driver/Src/stm32h7xx_hal_hrtim.c:9234:13:HRTIM_DMAError	8	static
