../Drivers/STM32H7xx_HAL_Driver/Src/stm32h7xx_hal_flash_ex.c:780:13:FLASH_MassErase	0	static
../Drivers/STM32H7xx_HAL_Driver/Src/stm32h7xx_hal_flash_ex.c:907:13:FLASH_OB_EnableWRP	0	static
../Drivers/STM32H7xx_HAL_Driver/Src/stm32h7xx_hal_flash_ex.c:940:13:FLASH_OB_DisableWRP	0	static
../Drivers/STM32H7xx_HAL_Driver/Src/stm32h7xx_hal_flash_ex.c:977:13:FLASH_OB_GetWRP	0	static
../Drivers/STM32H7xx_HAL_Driver/Src/stm32h7xx_hal_flash_ex.c:1021:13:FLASH_OB_RDPConfig	0	static
../Drivers/STM32H7xx_HAL_Driver/Src/stm32h7xx_hal_flash_ex.c:1038:17:FLASH_OB_GetRDP	0	static
../Drivers/STM32H7xx_HAL_Driver/Src/stm32h7xx_hal_flash_ex.c:1094:13:FLASH_OB_UserConfig	0	static
../Drivers/STM32H7xx_HAL_Driver/Src/stm32h7xx_hal_flash_ex.c:1277:17:FLASH_OB_GetUser	0	static
../Drivers/STM32H7xx_HAL_Driver/Src/stm32h7xx_hal_flash_ex.c:1311:13:FLASH_OB_PCROPConfig	8	static
../Drivers/STM32H7xx_HAL_Driver/Src/stm32h7xx_hal_flash_ex.c:1358:13:FLASH_OB_GetPCROP	4	static
../Drivers/STM32H7xx_HAL_Driver/Src/stm32h7xx_hal_flash_ex.c:1392:13:FLASH_OB_BOR_LevelConfig	0	static
../Drivers/STM32H7xx_HAL_Driver/Src/stm32h7xx_hal_flash_ex.c:1409:17:FLASH_OB_GetBOR	0	static
../Drivers/STM32H7xx_HAL_Driver/Src/stm32h7xx_hal_flash_ex.c:1424:13:FLASH_OB_BootAddConfig	4	static
../Drivers/STM32H7xx_HAL_Driver/Src/stm32h7xx_hal_flash_ex.c:1462:13:FLASH_OB_GetBootAdd	0	static
../Drivers/STM32H7xx_HAL_Driver/Src/stm32h7xx_hal_flash_ex.c:1546:13:FLASH_OB_SecureAreaConfig	8	static
../Drivers/STM32H7xx_HAL_Driver/Src/stm32h7xx_hal_flash_ex.c:1586:13:FLASH_OB_GetSecureArea	4	static
../Drivers/STM32H7xx_HAL_Driver/Src/stm32h7xx_hal_flash_ex.c:1617:13:FLASH_CRC_AddSector	0	static
../Drivers/STM32H7xx_HAL_Driver/Src/stm32h7xx_hal_flash_ex.c:1647:13:FLASH_CRC_SelectAddress	0	static
../Drivers/STM32H7xx_HAL_Driver/Src/stm32h7xx_hal_flash_ex.c:386:19:HAL_FLASHEx_OBProgram	16	static
../Drivers/STM32H7xx_HAL_Driver/Src/stm32h7xx_hal_flash_ex.c:511:6:HAL_FLASHEx_OBGetConfig	8	static
../Drivers/STM32H7xx_HAL_Driver/Src/stm32h7xx_hal_flash_ex.c:561:19:HAL_FLASHEx_Unlock_Bank1	0	static
../Drivers/STM32H7xx_HAL_Driver/Src/stm32h7xx_hal_flash_ex.c:583:19:HAL_FLASHEx_Lock_Bank1	0	static
../Drivers/STM32H7xx_HAL_Driver/Src/stm32h7xx_hal_flash_ex.c:594:19:HAL_FLASHEx_Unlock_Bank2	0	static
../Drivers/STM32H7xx_HAL_Driver/Src/stm32h7xx_hal_flash_ex.c:616:19:HAL_FLASHEx_Lock_Bank2	0	static
../Drivers/STM32H7xx_HAL_Driver/Src/stm32h7xx_hal_flash_ex.c:634:19:HAL_FLASHEx_ComputeCRC	16	static
../Drivers/STM32H7xx_HAL_Driver/Src/stm32h7xx_hal_flash_ex.c:852:6:FLASH_Erase_Sector	4	static
../Drivers/STM32H7xx_HAL_Driver/Src/stm32h7xx_hal_flash_ex.c:166:19:HAL_FLASHEx_Erase	24	static
../Drivers/STM32H7xx_HAL_Driver/Src/stm32h7xx_hal_flash_ex.c:276:19:HAL_FLASHEx_Erase_IT	16	static
