../Drivers/STM32H7xx_HAL_Driver/Src/stm32h7xx_hal_sd.c:3099:13:SD_PowerOFF	8	static
../Drivers/STM32H7xx_HAL_Driver/Src/stm32h7xx_hal_sd.c:3436:13:SD_Read_IT	16	static
../Drivers/STM32H7xx_HAL_Driver/Src/stm32h7xx_hal_sd.c:3470:13:SD_Write_IT	24	static
../Drivers/STM32H7xx_HAL_Driver/Src/stm32h7xx_hal_sd.c:3112:17:SD_SendSDStatus	48	static
../Drivers/STM32H7xx_HAL_Driver/Src/stm32h7xx_hal_sd.c:3341:17:SD_FindSCR	56	static
../Drivers/STM32H7xx_HAL_Driver/Src/stm32h7xx_hal_sd.c:3245:17:SD_WideBus_Enable	16	static
../Drivers/STM32H7xx_HAL_Driver/Src/stm32h7xx_hal_sd.c:3292:17:SD_WideBus_Disable	16	static
../Drivers/STM32H7xx_HAL_Driver/Src/stm32h7xx_hal_sd.c:3506:10:SD_HighSpeed	120	static
../Drivers/STM32H7xx_HAL_Driver/Src/stm32h7xx_hal_sd.c:3218:17:SD_SendStatus	16	static
../Drivers/STM32H7xx_HAL_Driver/Src/stm32h7xx_hal_sd.c:601:13:HAL_SD_MspInit	0	static
../Drivers/STM32H7xx_HAL_Driver/Src/stm32h7xx_hal_sd.c:616:13:HAL_SD_MspDeInit	0	static
../Drivers/STM32H7xx_HAL_Driver/Src/stm32h7xx_hal_sd.c:657:19:HAL_SD_ReadBlocks	64	static
../Drivers/STM32H7xx_HAL_Driver/Src/stm32h7xx_hal_sd.c:839:19:HAL_SD_WriteBlocks	80	static
../Drivers/STM32H7xx_HAL_Driver/Src/stm32h7xx_hal_sd.c:1022:19:HAL_SD_ReadBlocks_IT	48	static
../Drivers/STM32H7xx_HAL_Driver/Src/stm32h7xx_hal_sd.c:1115:19:HAL_SD_WriteBlocks_IT	48	static
../Drivers/STM32H7xx_HAL_Driver/Src/stm32h7xx_hal_sd.c:1210:19:HAL_SD_ReadBlocks_DMA	48	static
../Drivers/STM32H7xx_HAL_Driver/Src/stm32h7xx_hal_sd.c:1308:19:HAL_SD_WriteBlocks_DMA	48	static
../Drivers/STM32H7xx_HAL_Driver/Src/stm32h7xx_hal_sd.c:1403:19:HAL_SD_Erase	24	static
../Drivers/STM32H7xx_HAL_Driver/Src/stm32h7xx_hal_sd.c:1739:21:HAL_SD_GetState	0	static
../Drivers/STM32H7xx_HAL_Driver/Src/stm32h7xx_hal_sd.c:1750:10:HAL_SD_GetError	0	static
../Drivers/STM32H7xx_HAL_Driver/Src/stm32h7xx_hal_sd.c:1760:13:HAL_SD_TxCpltCallback	0	static
../Drivers/STM32H7xx_HAL_Driver/Src/stm32h7xx_hal_sd.c:1775:13:HAL_SD_RxCpltCallback	0	static
../Drivers/STM32H7xx_HAL_Driver/Src/stm32h7xx_hal_sd.c:1790:13:HAL_SD_ErrorCallback	0	static
../Drivers/STM32H7xx_HAL_Driver/Src/stm32h7xx_hal_sd.c:1805:13:HAL_SD_AbortCallback	0	static
../Drivers/STM32H7xx_HAL_Driver/Src/stm32h7xx_hal_sd.c:1821:14:HAL_SD_DriveTransceiver_1_8V_Callback	0	static
../Drivers/STM32H7xx_HAL_Driver/Src/stm32h7xx_hal_sd.c:2935:17:SD_PowerON	32	static
../Drivers/STM32H7xx_HAL_Driver/Src/stm32h7xx_hal_sd.c:544:19:HAL_SD_DeInit	8	static
../Drivers/STM32H7xx_HAL_Driver/Src/stm32h7xx_hal_sd.c:3617:17:SD_UltraHighSpeed	120	static
../Drivers/STM32H7xx_HAL_Driver/Src/stm32h7xx_hal_sd.c:3745:17:SD_DDR_Mode	120	static
../Drivers/STM32H7xx_HAL_Driver/Src/stm32h7xx_hal_sd.c:2134:19:HAL_SD_GetCardCID	0	static
../Drivers/STM32H7xx_HAL_Driver/Src/stm32h7xx_hal_sd.c:2167:19:HAL_SD_GetCardCSD	0	static
../Drivers/STM32H7xx_HAL_Driver/Src/stm32h7xx_hal_sd.c:2846:17:SD_InitCard	56	static
../Drivers/STM32H7xx_HAL_Driver/Src/stm32h7xx_hal_sd.c:464:19:HAL_SD_InitCard	48	static
../Drivers/STM32H7xx_HAL_Driver/Src/stm32h7xx_hal_sd.c:2281:19:HAL_SD_GetCardStatus	80	static
../Drivers/STM32H7xx_HAL_Driver/Src/stm32h7xx_hal_sd.c:2345:19:HAL_SD_GetCardInfo	0	static
../Drivers/STM32H7xx_HAL_Driver/Src/stm32h7xx_hal_sd.c:2370:19:HAL_SD_ConfigWideBusOperation	56	static
../Drivers/STM32H7xx_HAL_Driver/Src/stm32h7xx_hal_sd.c:2729:25:HAL_SD_GetCardState	16	static
../Drivers/STM32H7xx_HAL_Driver/Src/stm32h7xx_hal_sd.c:334:19:HAL_SD_Init	40	static
../Drivers/STM32H7xx_HAL_Driver/Src/stm32h7xx_hal_sd.c:2478:19:HAL_SD_ConfigSpeedBusOperation	16	static
../Drivers/STM32H7xx_HAL_Driver/Src/stm32h7xx_hal_sd.c:2752:19:HAL_SD_Abort	8	static
../Drivers/STM32H7xx_HAL_Driver/Src/stm32h7xx_hal_sd.c:2789:19:HAL_SD_Abort_IT	8	static
../Drivers/STM32H7xx_HAL_Driver/Src/stm32h7xx_hal_sd.c:3872:13:HAL_SDEx_Read_DMADoubleBuf0CpltCallback	0	static
../Drivers/STM32H7xx_HAL_Driver/Src/stm32h7xx_hal_sd.c:3887:13:HAL_SDEx_Read_DMADoubleBuf1CpltCallback	0	static
../Drivers/STM32H7xx_HAL_Driver/Src/stm32h7xx_hal_sd.c:3902:13:HAL_SDEx_Write_DMADoubleBuf0CpltCallback	0	static
../Drivers/STM32H7xx_HAL_Driver/Src/stm32h7xx_hal_sd.c:3917:13:HAL_SDEx_Write_DMADoubleBuf1CpltCallback	0	static
../Drivers/STM32H7xx_HAL_Driver/Src/stm32h7xx_hal_sd.c:1505:6:HAL_SD_IRQHandler	16	static
